Archive member included because of file (symbol)

.\CortexM3\ARM_GCC_473\Debug\TP_Sensor.a(cyfitter_cfg.o)
                              .\CortexM3\ARM_GCC_473\Debug\Cm3Start.o (cyfitter_cfg)
.\CortexM3\ARM_GCC_473\Debug\TP_Sensor.a(DieTemp.o)
                              .\CortexM3\ARM_GCC_473\Debug\main.o (DieTemp_GetTemp)
.\CortexM3\ARM_GCC_473\Debug\TP_Sensor.a(USBUART.o)
                              .\CortexM3\ARM_GCC_473\Debug\main.o (USBUART_Start)
.\CortexM3\ARM_GCC_473\Debug\TP_Sensor.a(USBUART_cdc.o)
                              .\CortexM3\ARM_GCC_473\Debug\main.o (USBUART_CDC_Init)
.\CortexM3\ARM_GCC_473\Debug\TP_Sensor.a(USBUART_drv.o)
                              .\CortexM3\ARM_GCC_473\Debug\TP_Sensor.a(USBUART.o) (USBUART_EP)
.\CortexM3\ARM_GCC_473\Debug\TP_Sensor.a(USBUART_episr.o)
                              .\CortexM3\ARM_GCC_473\Debug\TP_Sensor.a(USBUART.o) (USBUART_EP_1_ISR)
.\CortexM3\ARM_GCC_473\Debug\TP_Sensor.a(USBUART_std.o)
                              .\CortexM3\ARM_GCC_473\Debug\TP_Sensor.a(USBUART_drv.o) (USBUART_HandleStandardRqst)
.\CortexM3\ARM_GCC_473\Debug\TP_Sensor.a(USBUART_vnd.o)
                              .\CortexM3\ARM_GCC_473\Debug\TP_Sensor.a(USBUART_drv.o) (USBUART_HandleVendorRqst)
.\CortexM3\ARM_GCC_473\Debug\TP_Sensor.a(LCD_Char_1.o)
                              .\CortexM3\ARM_GCC_473\Debug\main.o (LCD_Char_1_Start)
.\CortexM3\ARM_GCC_473\Debug\TP_Sensor.a(LCD_Char_1_CustChars.o)
                              .\CortexM3\ARM_GCC_473\Debug\TP_Sensor.a(LCD_Char_1.o) (LCD_Char_1_customFonts)
.\CortexM3\ARM_GCC_473\Debug\TP_Sensor.a(CyBootAsmGnu.o)
                              .\CortexM3\ARM_GCC_473\Debug\TP_Sensor.a(cyfitter_cfg.o) (CyDelayCycles)
.\CortexM3\ARM_GCC_473\Debug\TP_Sensor.a(CyLib.o)
                              .\CortexM3\ARM_GCC_473\Debug\Cm3Start.o (CyResetStatus)
.\CortexM3\ARM_GCC_473\Debug\TP_Sensor.a(cyPm.o)
                              .\CortexM3\ARM_GCC_473\Debug\TP_Sensor.a(CyLib.o) (CyPmReadStatus)
.\CortexM3\ARM_GCC_473\Debug\TP_Sensor.a(CySpc.o)
                              .\CortexM3\ARM_GCC_473\Debug\TP_Sensor.a(DieTemp.o) (CySpcStart)
.\CortexM3\ARM_GCC_473\Debug\TP_Sensor.a(USBUART_cls.o)
                              .\CortexM3\ARM_GCC_473\Debug\TP_Sensor.a(USBUART_drv.o) (USBUART_DispatchClassRqst)
.\CortexM3\ARM_GCC_473\Debug\TP_Sensor.a(USBUART_descr.o)
                              .\CortexM3\ARM_GCC_473\Debug\TP_Sensor.a(USBUART_std.o) (USBUART_DEVICE0_DESCR)
.\CortexM3\ARM_GCC_473\Debug\TP_Sensor.a(CyFlash.o)
                              .\CortexM3\ARM_GCC_473\Debug\TP_Sensor.a(cyPm.o) (CyFlash_SetWaitCycles)
c:/program files (x86)/cypress/psoc creator/3.0/psoc creator/import/gnu_cs/arm/4.7.3/bin/../lib/gcc/arm-none-eabi/4.7.3/../../../../arm-none-eabi/lib/armv7-m\libc_s.a(lib_a-__atexit2.o)
                              c:/program files (x86)/cypress/psoc creator/3.0/psoc creator/import/gnu_cs/arm/4.7.3/bin/../lib/gcc/arm-none-eabi/4.7.3/../../../../arm-none-eabi/lib/armv7-m/crt0.o (__register_exitproc)
c:/program files (x86)/cypress/psoc creator/3.0/psoc creator/import/gnu_cs/arm/4.7.3/bin/../lib/gcc/arm-none-eabi/4.7.3/../../../../arm-none-eabi/lib/armv7-m\libc_s.a(lib_a-exit.o)
                              c:/program files (x86)/cypress/psoc creator/3.0/psoc creator/import/gnu_cs/arm/4.7.3/bin/../lib/gcc/arm-none-eabi/4.7.3/../../../../arm-none-eabi/lib/armv7-m/crt0.o (exit)
c:/program files (x86)/cypress/psoc creator/3.0/psoc creator/import/gnu_cs/arm/4.7.3/bin/../lib/gcc/arm-none-eabi/4.7.3/../../../../arm-none-eabi/lib/armv7-m\libc_s.a(lib_a-fini.o)
                              c:/program files (x86)/cypress/psoc creator/3.0/psoc creator/import/gnu_cs/arm/4.7.3/bin/../lib/gcc/arm-none-eabi/4.7.3/../../../../arm-none-eabi/lib/armv7-m/crt0.o (__libc_fini_array)
c:/program files (x86)/cypress/psoc creator/3.0/psoc creator/import/gnu_cs/arm/4.7.3/bin/../lib/gcc/arm-none-eabi/4.7.3/../../../../arm-none-eabi/lib/armv7-m\libc_s.a(lib_a-impure.o)
                              c:/program files (x86)/cypress/psoc creator/3.0/psoc creator/import/gnu_cs/arm/4.7.3/bin/../lib/gcc/arm-none-eabi/4.7.3/../../../../arm-none-eabi/lib/armv7-m\libc_s.a(lib_a-exit.o) (_global_impure_ptr)
c:/program files (x86)/cypress/psoc creator/3.0/psoc creator/import/gnu_cs/arm/4.7.3/bin/../lib/gcc/arm-none-eabi/4.7.3/../../../../arm-none-eabi/lib/armv7-m\libc_s.a(lib_a-init.o)
                              c:/program files (x86)/cypress/psoc creator/3.0/psoc creator/import/gnu_cs/arm/4.7.3/bin/../lib/gcc/arm-none-eabi/4.7.3/../../../../arm-none-eabi/lib/armv7-m/crt0.o (__libc_init_array)
c:/program files (x86)/cypress/psoc creator/3.0/psoc creator/import/gnu_cs/arm/4.7.3/bin/../lib/gcc/arm-none-eabi/4.7.3/../../../../arm-none-eabi/lib/armv7-m\libc_s.a(lib_a-memcpy.o)
                              .\CortexM3\ARM_GCC_473\Debug\TP_Sensor.a(cyfitter_cfg.o) (memcpy)
[...]
Memory Configuration

Name             Origin             Length             Attributes
rom              0x00000000         0x00040000         xr
ram              0x1fff8000         0x00010000         xrw
*default*        0x00000000         0xffffffff

Linker script and memory map

LOAD c:/program files (x86)/cypress/psoc creator/3.0/psoc creator/import/gnu_cs/arm/4.7.3/bin/../lib/gcc/arm-none-eabi/4.7.3/armv7-m/crti.o
LOAD c:/program files (x86)/cypress/psoc creator/3.0/psoc creator/import/gnu_cs/arm/4.7.3/bin/../lib/gcc/arm-none-eabi/4.7.3/armv7-m/crtbegin.o
LOAD c:/program files (x86)/cypress/psoc creator/3.0/psoc creator/import/gnu_cs/arm/4.7.3/bin/../lib/gcc/arm-none-eabi/4.7.3/../../../../arm-none-eabi/lib/armv7-m/crt0.o
START GROUP
LOAD .\CortexM3\ARM_GCC_473\Debug\main.o
LOAD .\CortexM3\ARM_GCC_473\Debug\cymetadata.o
LOAD .\CortexM3\ARM_GCC_473\Debug\Cm3Start.o
LOAD .\CortexM3\ARM_GCC_473\Debug\TP_Sensor.a
LOAD C:\Program Files (x86)\Cypress\PSoC Creator\3.0\PSoC Creator\psoc\content\cycomponentlibrary\CyComponentLibrary.cylib\CortexM3\ARM_GCC_473\Debug\CyComponentLibrary.a
END GROUP
START GROUP
LOAD c:/program files (x86)/cypress/psoc creator/3.0/psoc creator/import/gnu_cs/arm/4.7.3/bin/../lib/gcc/arm-none-eabi/4.7.3/armv7-m\libgcc.a
LOAD c:/program files (x86)/cypress/psoc creator/3.0/psoc creator/import/gnu_cs/arm/4.7.3/bin/../lib/gcc/arm-none-eabi/4.7.3/../../../../arm-none-eabi/lib/armv7-m\libc_s.a
END GROUP
LOAD c:/program files (x86)/cypress/psoc creator/3.0/psoc creator/import/gnu_cs/arm/4.7.3/bin/../lib/gcc/arm-none-eabi/4.7.3/armv7-m/crtend.o
LOAD c:/program files (x86)/cypress/psoc creator/3.0/psoc creator/import/gnu_cs/arm/4.7.3/bin/../lib/gcc/arm-none-eabi/4.7.3/armv7-m/crtn.o
START GROUP
LOAD c:/program files (x86)/cypress/psoc creator/3.0/psoc creator/import/gnu_cs/arm/4.7.3/bin/../lib/gcc/arm-none-eabi/4.7.3/armv7-m\libgcc.a
LOAD c:/program files (x86)/cypress/psoc creator/3.0/psoc creator/import/gnu_cs/arm/4.7.3/bin/../lib/gcc/arm-none-eabi/4.7.3/../../../../arm-none-eabi/lib/armv7-m\libc.a
LOAD c:/program files (x86)/cypress/psoc creator/3.0/psoc creator/import/gnu_cs/arm/4.7.3/bin/../lib/gcc/arm-none-eabi/4.7.3/../../../../arm-none-eabi/lib/armv7-m\libnosys.a
END GROUP
                0x00000000                CY_APPL_ORIGIN = 0x0
                0x00000100                CY_FLASH_ROW_SIZE = 0x100
                0x00000020                CY_ECC_ROW_SIZE = 0x20
                0x00000000                CY_EE_IN_BTLDR = 0x0
                0x00000000                CY_APPL_LOADABLE = 0x0
                0x00000800                CY_EE_SIZE = 0x800
                0x00000001                CY_APPL_NUM = 0x1
                0x00000001                CY_APPL_MAX = 0x1
                0x00000040                CY_METADATA_SIZE = 0x40
                0x1fff8290                PROVIDE (__cy_heap_start, _end)
                0x00000001                PROVIDE (__cy_region_num, ((__cy_regions_end - __cy_regions) / 0x10))
                0x20008000                PROVIDE (__cy_stack, (ORIGIN (ram) + 0x10000))
                0x20004000                PROVIDE (__cy_heap_end, (__cy_stack - 0x4000))

.cybootloader   0x00000000        0x0
 *(.cybootloader)
                0x00000000                appl1_start = CY_APPL_ORIGIN?CY_APPL_ORIGIN:ALIGN (CY_FLASH_ROW_SIZE)
                0x0001ff00                appl2_start = (appl1_start + ALIGN ((((0x40000 - appl1_start) - (0x2 * CY_FLASH_ROW_SIZE)) / 0x2), CY_FLASH_ROW_SIZE))
                0x00000000                appl_start = (CY_APPL_NUM == 0x1)?appl1_start:appl2_start
                0x00000000                ecc_offset = ((appl_start / CY_FLASH_ROW_SIZE) * CY_ECC_ROW_SIZE)
                0x00000000                ee_offset = (CY_APPL_LOADABLE && ! (CY_EE_IN_BTLDR))?((CY_EE_SIZE / CY_APPL_MAX) * (CY_APPL_NUM - 0x1)):0x0
                0x00000800                ee_size = (CY_APPL_LOADABLE && ! (CY_EE_IN_BTLDR))?(CY_EE_SIZE / CY_APPL_MAX):CY_EE_SIZE
                0x00000000                PROVIDE (CY_ECC_OFFSET, ecc_offset)

.text           0x00000000     0x4558
 CREATE_OBJECT_SYMBOLS
                0x00000000                PROVIDE (__cy_interrupt_vector, RomVectors)
 *(.romvectors)
 .romvectors    0x00000000       0x10 .\CortexM3\ARM_GCC_473\Debug\Cm3Start.o
                0x00000000                RomVectors
                0x00000001                ASSERT ((. != __cy_interrupt_vector), No interrupt vector)
                0x00000001                ASSERT (CY_APPL_ORIGIN?(SIZEOF (.cybootloader) <= CY_APPL_ORIGIN):0x1, Wrong image location)
                0x00000010                PROVIDE (__cy_reset, Reset)
 *(.text.Reset)
 .text.Reset    0x00000010       0x1c .\CortexM3\ARM_GCC_473\Debug\Cm3Start.o
                0x00000010                Reset
                0x00000001                ASSERT ((. != __cy_reset), No reset code)
 *(.dma_init)
                0x00000001                ASSERT ((((appl_start + .) <= 0x10000) || 0x1), DMA Init must be within the first 64k of flash)
 *(.text .text.* .gnu.linkonce.t.*)
 .text          0x0000002c       0x54 c:/program files (x86)/cypress/psoc creator/3.0/psoc creator/import/gnu_cs/arm/4.7.3/bin/../lib/gcc/arm-none-eabi/4.7.3/armv7-m/crtbegin.o
 .text.main     0x00000080      0x10c .\CortexM3\ARM_GCC_473\Debug\main.o
                0x00000080                main
 .text.IntDefaultHandler
                0x0000018c        0x8 .\CortexM3\ARM_GCC_473\Debug\Cm3Start.o
                0x0000018c                IntDefaultHandler
 .text.Start_c  0x00000194       0xcc .\CortexM3\ARM_GCC_473\Debug\Cm3Start.o
                0x00000194                Start_c
 .text.initialize_psoc
                0x00000260       0xb4 .\CortexM3\ARM_GCC_473\Debug\Cm3Start.o
                0x00000260                initialize_psoc
 .text.CYMEMZERO
                0x00000314       0x20 .\CortexM3\ARM_GCC_473\Debug\TP_Sensor.a(cyfitter_cfg.o)
 .text.CYCONFIGCPY
                0x00000334       0x20 .\CortexM3\ARM_GCC_473\Debug\TP_Sensor.a(cyfitter_cfg.o)
 .text.CyClockStartupError
                0x00000354        0xc .\CortexM3\ARM_GCC_473\Debug\TP_Sensor.a(cyfitter_cfg.o)
 .text.cfg_write_bytes32
                0x00000360       0x84 .\CortexM3\ARM_GCC_473\Debug\TP_Sensor.a(cyfitter_cfg.o)
 .text.ClockSetup
                0x000003e4      0x11c .\CortexM3\ARM_GCC_473\Debug\TP_Sensor.a(cyfitter_cfg.o)
 .text.AnalogSetDefault
                0x00000500       0x50 .\CortexM3\ARM_GCC_473\Debug\TP_Sensor.a(cyfitter_cfg.o)
 .text.cyfitter_cfg
                0x00000550      0x178 .\CortexM3\ARM_GCC_473\Debug\TP_Sensor.a(cyfitter_cfg.o)
                0x00000550                cyfitter_cfg
 .text.DieTemp_Start
                0x000006c8       0x48 .\CortexM3\ARM_GCC_473\Debug\TP_Sensor.a(DieTemp.o)
                0x000006c8                DieTemp_Start
 .text.DieTemp_Query
                0x00000710       0x98 .\CortexM3\ARM_GCC_473\Debug\TP_Sensor.a(DieTemp.o)
                0x00000710                DieTemp_Query
 .text.DieTemp_GetTempT
                0x000007a8       0x68 .\CortexM3\ARM_GCC_473\Debug\TP_Sensor.a(DieTemp.o)
 .text.DieTemp_GetTemp
                0x00000810       0x3c .\CortexM3\ARM_GCC_473\Debug\TP_Sensor.a(DieTemp.o)
                0x00000810                DieTemp_GetTemp
 .text.USBUART_Start
                0x0000084c       0x44 .\CortexM3\ARM_GCC_473\Debug\TP_Sensor.a(USBUART.o)
                0x0000084c                USBUART_Start
 .text.USBUART_Init
                0x00000890      0x238 .\CortexM3\ARM_GCC_473\Debug\TP_Sensor.a(USBUART.o)
                0x00000890                USBUART_Init
 .text.USBUART_InitComponent
                0x00000ac8      0x138 .\CortexM3\ARM_GCC_473\Debug\TP_Sensor.a(USBUART.o)
                0x00000ac8                USBUART_InitComponent
 .text.USBUART_ReInitComponent
                0x00000c00       0x88 .\CortexM3\ARM_GCC_473\Debug\TP_Sensor.a(USBUART.o)
                0x00000c00                USBUART_ReInitComponent
 .text.USBUART_GetConfiguration
                0x00000c88       0x18 .\CortexM3\ARM_GCC_473\Debug\TP_Sensor.a(USBUART.o)
                0x00000c88                USBUART_GetConfiguration
 .text.USBUART_GetEPCount
                0x00000ca0       0x74 .\CortexM3\ARM_GCC_473\Debug\TP_Sensor.a(USBUART.o)
                0x00000ca0                USBUART_GetEPCount
 .text.USBUART_LoadInEP
                0x00000d14      0x150 .\CortexM3\ARM_GCC_473\Debug\TP_Sensor.a(USBUART.o)
                0x00000d14                USBUART_LoadInEP
 .text.USBUART_ReadOutEP
                0x00000e64       0x98 .\CortexM3\ARM_GCC_473\Debug\TP_Sensor.a(USBUART.o)
                0x00000e64                USBUART_ReadOutEP
 .text.USBUART_EnableOutEP
                0x00000efc       0x78 .\CortexM3\ARM_GCC_473\Debug\TP_Sensor.a(USBUART.o)
                0x00000efc                USBUART_EnableOutEP
 .text.USBUART_DispatchCDCClassRqst
                0x00000f74      0x11c .\CortexM3\ARM_GCC_473\Debug\TP_Sensor.a(USBUART_cdc.o)
                0x00000f74                USBUART_DispatchCDCClassRqst
 .text.USBUART_CDC_Init
                0x00001090       0x28 .\CortexM3\ARM_GCC_473\Debug\TP_Sensor.a(USBUART_cdc.o)
                0x00001090                USBUART_CDC_Init
 .text.USBUART_StrLen
                0x000010b8       0x34 .\CortexM3\ARM_GCC_473\Debug\TP_Sensor.a(USBUART_cdc.o)
 .text.USBUART_PutString
                0x000010ec      0x140 .\CortexM3\ARM_GCC_473\Debug\TP_Sensor.a(USBUART_cdc.o)
                0x000010ec                USBUART_PutString
 .text.USBUART_DataIsReady
                0x0000122c       0x34 .\CortexM3\ARM_GCC_473\Debug\TP_Sensor.a(USBUART_cdc.o)
                0x0000122c                USBUART_DataIsReady
 .text.USBUART_CDCIsReady
                0x00001260       0x34 .\CortexM3\ARM_GCC_473\Debug\TP_Sensor.a(USBUART_cdc.o)
                0x00001260                USBUART_CDCIsReady
 .text.USBUART_GetAll
                0x00001294       0x54 .\CortexM3\ARM_GCC_473\Debug\TP_Sensor.a(USBUART_cdc.o)
                0x00001294                USBUART_GetAll
 .text.USBUART_EP_0_ISR
                0x000012e8      0x140 .\CortexM3\ARM_GCC_473\Debug\TP_Sensor.a(USBUART_drv.o)
                0x000012e8                USBUART_EP_0_ISR
 .text.USBUART_HandleSetup
                0x00001428       0xa8 .\CortexM3\ARM_GCC_473\Debug\TP_Sensor.a(USBUART_drv.o)
                0x00001428                USBUART_HandleSetup
 .text.USBUART_HandleIN
                0x000014d0       0x50 .\CortexM3\ARM_GCC_473\Debug\TP_Sensor.a(USBUART_drv.o)
                0x000014d0                USBUART_HandleIN
 .text.USBUART_HandleOUT
                0x00001520       0x60 .\CortexM3\ARM_GCC_473\Debug\TP_Sensor.a(USBUART_drv.o)
                0x00001520                USBUART_HandleOUT
 .text.USBUART_LoadEP0
                0x00001580      0x138 .\CortexM3\ARM_GCC_473\Debug\TP_Sensor.a(USBUART_drv.o)
                0x00001580                USBUART_LoadEP0
 .text.USBUART_InitControlRead
                0x000016b8       0x90 .\CortexM3\ARM_GCC_473\Debug\TP_Sensor.a(USBUART_drv.o)
                0x000016b8                USBUART_InitControlRead
 .text.USBUART_InitZeroLengthControlTransfer
                0x00001748       0x58 .\CortexM3\ARM_GCC_473\Debug\TP_Sensor.a(USBUART_drv.o)
                0x00001748                USBUART_InitZeroLengthControlTransfer
 .text.USBUART_ControlReadDataStage
                0x000017a0        0xc .\CortexM3\ARM_GCC_473\Debug\TP_Sensor.a(USBUART_drv.o)
                0x000017a0                USBUART_ControlReadDataStage
 .text.USBUART_ControlReadStatusStage
                0x000017ac       0x54 .\CortexM3\ARM_GCC_473\Debug\TP_Sensor.a(USBUART_drv.o)
                0x000017ac                USBUART_ControlReadStatusStage
 .text.USBUART_InitControlWrite
                0x00001800       0x84 .\CortexM3\ARM_GCC_473\Debug\TP_Sensor.a(USBUART_drv.o)
                0x00001800                USBUART_InitControlWrite
 .text.USBUART_ControlWriteDataStage
                0x00001884       0xfc .\CortexM3\ARM_GCC_473\Debug\TP_Sensor.a(USBUART_drv.o)
                0x00001884                USBUART_ControlWriteDataStage
 .text.USBUART_ControlWriteStatusStage
                0x00001980       0x2c .\CortexM3\ARM_GCC_473\Debug\TP_Sensor.a(USBUART_drv.o)
                0x00001980                USBUART_ControlWriteStatusStage
 .text.USBUART_InitNoDataControlTransfer
                0x000019ac       0x48 .\CortexM3\ARM_GCC_473\Debug\TP_Sensor.a(USBUART_drv.o)
                0x000019ac                USBUART_InitNoDataControlTransfer
 .text.USBUART_NoDataControlStatusStage
                0x000019f4       0x64 .\CortexM3\ARM_GCC_473\Debug\TP_Sensor.a(USBUART_drv.o)
                0x000019f4                USBUART_NoDataControlStatusStage
 .text.USBUART_UpdateStatusBlock
                0x00001a58       0x58 .\CortexM3\ARM_GCC_473\Debug\TP_Sensor.a(USBUART_drv.o)
                0x00001a58                USBUART_UpdateStatusBlock
 .text.USBUART_InitializeStatusBlock
                0x00001ab0       0x48 .\CortexM3\ARM_GCC_473\Debug\TP_Sensor.a(USBUART_drv.o)
                0x00001ab0                USBUART_InitializeStatusBlock
 .text.USBUART_EP_1_ISR
                0x00001af8       0x74 .\CortexM3\ARM_GCC_473\Debug\TP_Sensor.a(USBUART_episr.o)
                0x00001af8                USBUART_EP_1_ISR
 .text.USBUART_EP_2_ISR
                0x00001b6c       0x74 .\CortexM3\ARM_GCC_473\Debug\TP_Sensor.a(USBUART_episr.o)
                0x00001b6c                USBUART_EP_2_ISR
 .text.USBUART_EP_3_ISR
                0x00001be0       0x7c .\CortexM3\ARM_GCC_473\Debug\TP_Sensor.a(USBUART_episr.o)
                0x00001be0                USBUART_EP_3_ISR
 .text.USBUART_SOF_ISR
                0x00001c5c        0xc .\CortexM3\ARM_GCC_473\Debug\TP_Sensor.a(USBUART_episr.o)
                0x00001c5c                USBUART_SOF_ISR
 .text.USBUART_BUS_RESET_ISR
                0x00001c68        0xc .\CortexM3\ARM_GCC_473\Debug\TP_Sensor.a(USBUART_episr.o)
                0x00001c68                USBUART_BUS_RESET_ISR
 .text.USBUART_HandleStandardRqst
                0x00001c74      0x654 .\CortexM3\ARM_GCC_473\Debug\TP_Sensor.a(USBUART_std.o)
                0x00001c74                USBUART_HandleStandardRqst
 .text.USBUART_ReadDieID
                0x000022c8       0xa8 .\CortexM3\ARM_GCC_473\Debug\TP_Sensor.a(USBUART_std.o)
                0x000022c8                USBUART_ReadDieID
 .text.USBUART_ConfigReg
                0x00002370      0x204 .\CortexM3\ARM_GCC_473\Debug\TP_Sensor.a(USBUART_std.o)
                0x00002370                USBUART_ConfigReg
 .text.USBUART_Config
                0x00002574      0x474 .\CortexM3\ARM_GCC_473\Debug\TP_Sensor.a(USBUART_std.o)
                0x00002574                USBUART_Config
 .text.USBUART_ConfigAltChanged
                0x000029e8      0x354 .\CortexM3\ARM_GCC_473\Debug\TP_Sensor.a(USBUART_std.o)
                0x000029e8                USBUART_ConfigAltChanged
 .text.USBUART_GetConfigTablePtr
                0x00002d3c       0x60 .\CortexM3\ARM_GCC_473\Debug\TP_Sensor.a(USBUART_std.o)
                0x00002d3c                USBUART_GetConfigTablePtr
 .text.USBUART_GetDeviceTablePtr
                0x00002d9c       0x28 .\CortexM3\ARM_GCC_473\Debug\TP_Sensor.a(USBUART_std.o)
                0x00002d9c                USBUART_GetDeviceTablePtr
 .text.USBUART_GetInterfaceClassTablePtr
                0x00002dc4       0x58 .\CortexM3\ARM_GCC_473\Debug\TP_Sensor.a(USBUART_std.o)
                0x00002dc4                USBUART_GetInterfaceClassTablePtr
 .text.USBUART_SetEndpointHalt
                0x00002e1c      0x130 .\CortexM3\ARM_GCC_473\Debug\TP_Sensor.a(USBUART_std.o)
                0x00002e1c                USBUART_SetEndpointHalt
 .text.USBUART_ClearEndpointHalt
                0x00002f4c      0x1c4 .\CortexM3\ARM_GCC_473\Debug\TP_Sensor.a(USBUART_std.o)
                0x00002f4c                USBUART_ClearEndpointHalt
 .text.USBUART_ValidateAlternateSetting
                0x00003110       0x90 .\CortexM3\ARM_GCC_473\Debug\TP_Sensor.a(USBUART_std.o)
                0x00003110                USBUART_ValidateAlternateSetting
 .text.USBUART_HandleVendorRqst
                0x000031a0       0x70 .\CortexM3\ARM_GCC_473\Debug\TP_Sensor.a(USBUART_vnd.o)
                0x000031a0                USBUART_HandleVendorRqst
 .text.LCD_Char_1_Init
                0x00003210       0x9c .\CortexM3\ARM_GCC_473\Debug\TP_Sensor.a(LCD_Char_1.o)
                0x00003210                LCD_Char_1_Init
 .text.LCD_Char_1_Enable
                0x000032ac       0x1c .\CortexM3\ARM_GCC_473\Debug\TP_Sensor.a(LCD_Char_1.o)
                0x000032ac                LCD_Char_1_Enable
 .text.LCD_Char_1_Start
                0x000032c8       0x2c .\CortexM3\ARM_GCC_473\Debug\TP_Sensor.a(LCD_Char_1.o)
                0x000032c8                LCD_Char_1_Start
 .text.LCD_Char_1_Position
                0x000032f4       0x78 .\CortexM3\ARM_GCC_473\Debug\TP_Sensor.a(LCD_Char_1.o)
                0x000032f4                LCD_Char_1_Position
 .text.LCD_Char_1_PrintString
                0x0000336c       0x40 .\CortexM3\ARM_GCC_473\Debug\TP_Sensor.a(LCD_Char_1.o)
                0x0000336c                LCD_Char_1_PrintString
 .text.LCD_Char_1_PutChar
                0x000033ac       0x1c .\CortexM3\ARM_GCC_473\Debug\TP_Sensor.a(LCD_Char_1.o)
                0x000033ac                LCD_Char_1_PutChar
 .text.LCD_Char_1_WriteData
                0x000033c8       0x38 .\CortexM3\ARM_GCC_473\Debug\TP_Sensor.a(LCD_Char_1.o)
                0x000033c8                LCD_Char_1_WriteData
 .text.LCD_Char_1_WriteControl
                0x00003400       0x38 .\CortexM3\ARM_GCC_473\Debug\TP_Sensor.a(LCD_Char_1.o)
                0x00003400                LCD_Char_1_WriteControl
 .text.LCD_Char_1_IsReady
                0x00003438      0x208 .\CortexM3\ARM_GCC_473\Debug\TP_Sensor.a(LCD_Char_1.o)
                0x00003438                LCD_Char_1_IsReady
 .text.LCD_Char_1_WrDatNib
                0x00003640       0xb4 .\CortexM3\ARM_GCC_473\Debug\TP_Sensor.a(LCD_Char_1.o)
 .text.LCD_Char_1_WrCntrlNib
                0x000036f4       0x90 .\CortexM3\ARM_GCC_473\Debug\TP_Sensor.a(LCD_Char_1.o)
 .text.LCD_Char_1_PrintU32Number
                0x00003784       0xcc .\CortexM3\ARM_GCC_473\Debug\TP_Sensor.a(LCD_Char_1.o)
                0x00003784                LCD_Char_1_PrintU32Number
 .text.LCD_Char_1_LoadCustomFonts
                0x00003850       0x4c .\CortexM3\ARM_GCC_473\Debug\TP_Sensor.a(LCD_Char_1_CustChars.o)
                0x00003850                LCD_Char_1_LoadCustomFonts
 *fill*         0x0000389c        0x4 00
 .text          0x000038a0       0x28 .\CortexM3\ARM_GCC_473\Debug\TP_Sensor.a(CyBootAsmGnu.o)
                0x000038a0                CyDelayCycles
                0x000038b4                CyEnterCriticalSection
                0x000038bc                CyExitCriticalSection
 .text.CyHalt   0x000038c8       0x18 .\CortexM3\ARM_GCC_473\Debug\TP_Sensor.a(CyLib.o)
                0x000038c8                CyHalt
 .text.CyDelay  0x000038e0       0x48 .\CortexM3\ARM_GCC_473\Debug\TP_Sensor.a(CyLib.o)
                0x000038e0                CyDelay
 .text.CyDelayUs
                0x00003928       0x28 .\CortexM3\ARM_GCC_473\Debug\TP_Sensor.a(CyLib.o)
                0x00003928                CyDelayUs
 .text.CyIntSetVector
                0x00003950       0x60 .\CortexM3\ARM_GCC_473\Debug\TP_Sensor.a(CyLib.o)
                0x00003950                CyIntSetVector
 .text.CyIntSetPriority
                0x000039b0       0x4c .\CortexM3\ARM_GCC_473\Debug\TP_Sensor.a(CyLib.o)
                0x000039b0                CyIntSetPriority
 .text.CySpcStart
                0x000039fc       0x58 .\CortexM3\ARM_GCC_473\Debug\TP_Sensor.a(CySpc.o)
                0x000039fc                CySpcStart
 .text.CySpcReadData
                0x00003a54       0x64 .\CortexM3\ARM_GCC_473\Debug\TP_Sensor.a(CySpc.o)
                0x00003a54                CySpcReadData
 .text.CySpcGetTemp
                0x00003ab8       0x8c .\CortexM3\ARM_GCC_473\Debug\TP_Sensor.a(CySpc.o)
                0x00003ab8                CySpcGetTemp
 .text.CySpcLock
                0x00003b44       0x88 .\CortexM3\ARM_GCC_473\Debug\TP_Sensor.a(CySpc.o)
                0x00003b44                CySpcLock
 .text.CySpcUnlock
                0x00003bcc       0x68 .\CortexM3\ARM_GCC_473\Debug\TP_Sensor.a(CySpc.o)
                0x00003bcc                CySpcUnlock
 .text.USBUART_DispatchClassRqst
                0x00003c34       0xa8 .\CortexM3\ARM_GCC_473\Debug\TP_Sensor.a(USBUART_cls.o)
                0x00003c34                USBUART_DispatchClassRqst
 .text.__libc_init_array
                0x00003cdc       0x4c c:/program files (x86)/cypress/psoc creator/3.0/psoc creator/import/gnu_cs/arm/4.7.3/bin/../lib/gcc/arm-none-eabi/4.7.3/../../../../arm-none-eabi/lib/armv7-m\libc_s.a(lib_a-init.o)
                0x00003cdc                __libc_init_array
 .text.memcpy   0x00003d28       0x12 c:/program files (x86)/cypress/psoc creator/3.0/psoc creator/import/gnu_cs/arm/4.7.3/bin/../lib/gcc/arm-none-eabi/4.7.3/../../../../arm-none-eabi/lib/armv7-m\libc_s.a(lib_a-memcpy.o)
                0x00003d28                memcpy
 .text.memset   0x00003d3a       0x10 c:/program files (x86)/cypress/psoc creator/3.0/psoc creator/import/gnu_cs/arm/4.7.3/bin/../lib/gcc/arm-none-eabi/4.7.3/../../../../arm-none-eabi/lib/armv7-m\libc_s.a(lib_a-memset.o)
                0x00003d3a                memset
 *fill*         0x00003d4a        0x2 00
 .text.sprintf  0x00003d4c       0x48 c:/program files (x86)/cypress/psoc creator/3.0/psoc creator/import/gnu_cs/arm/4.7.3/bin/../lib/gcc/arm-none-eabi/4.7.3/../../../../arm-none-eabi/lib/armv7-m\libc_s.a(lib_a-sprintf.o)
                0x00003d4c                siprintf
                0x00003d4c                sprintf
 .text.__ssputc_r
                0x00003d94       0xae c:/program files (x86)/cypress/psoc creator/3.0/psoc creator/import/gnu_cs/arm/4.7.3/bin/../lib/gcc/arm-none-eabi/4.7.3/../../../../arm-none-eabi/lib/armv7-m\libc_s.a(lib_a-svfprintf.o)
                0x00003d94                __ssputc_r
 *fill*         0x00003e42        0x2 00
 .text._svfprintf_r
                0x00003e44      0x1f4 c:/program files (x86)/cypress/psoc creator/3.0/psoc creator/import/gnu_cs/arm/4.7.3/bin/../lib/gcc/arm-none-eabi/4.7.3/../../../../arm-none-eabi/lib/armv7-m\libc_s.a(lib_a-svfprintf.o)
                0x00003e44                _svfiprintf_r
                0x00003e44                _svfprintf_r
 .text._printf_common
                0x00004038       0xde c:/program files (x86)/cypress/psoc creator/3.0/psoc creator/import/gnu_cs/arm/4.7.3/bin/../lib/gcc/arm-none-eabi/4.7.3/../../../../arm-none-eabi/lib/armv7-m\libc_s.a(lib_a-vfprintf_i.o)
                0x00004038                _printf_common
 *fill*         0x00004116        0x2 00
 .text._printf_i
                0x00004118      0x248 c:/program files (x86)/cypress/psoc creator/3.0/psoc creator/import/gnu_cs/arm/4.7.3/bin/../lib/gcc/arm-none-eabi/4.7.3/../../../../arm-none-eabi/lib/armv7-m\libc_s.a(lib_a-vfprintf_i.o)
                0x00004118                _printf_i
 .text._free_r  0x00004360       0x88 c:/program files (x86)/cypress/psoc creator/3.0/psoc creator/import/gnu_cs/arm/4.7.3/bin/../lib/gcc/arm-none-eabi/4.7.3/../../../../arm-none-eabi/lib/armv7-m\libc_s.a(lib_a-freer.o)
                0x00004360                _free_r
 .text._malloc_r
                0x000043e8       0x94 c:/program files (x86)/cypress/psoc creator/3.0/psoc creator/import/gnu_cs/arm/4.7.3/bin/../lib/gcc/arm-none-eabi/4.7.3/../../../../arm-none-eabi/lib/armv7-m\libc_s.a(lib_a-mallocr.o)
                0x000043e8                _malloc_r
 .text.memchr   0x0000447c       0x1c c:/program files (x86)/cypress/psoc creator/3.0/psoc creator/import/gnu_cs/arm/4.7.3/bin/../lib/gcc/arm-none-eabi/4.7.3/../../../../arm-none-eabi/lib/armv7-m\libc_s.a(lib_a-memchr.o)
                0x0000447c                memchr
 .text._realloc_r
                0x00004498       0x48 c:/program files (x86)/cypress/psoc creator/3.0/psoc creator/import/gnu_cs/arm/4.7.3/bin/../lib/gcc/arm-none-eabi/4.7.3/../../../../arm-none-eabi/lib/armv7-m\libc_s.a(lib_a-reallocr.o)
                0x00004498                _realloc_r
 .text._sbrk_r  0x000044e0       0x20 c:/program files (x86)/cypress/psoc creator/3.0/psoc creator/import/gnu_cs/arm/4.7.3/bin/../lib/gcc/arm-none-eabi/4.7.3/../../../../arm-none-eabi/lib/armv7-m\libc_s.a(lib_a-sbrkr.o)
                0x000044e0                _sbrk_r
 .text.strlen   0x00004500       0x10 c:/program files (x86)/cypress/psoc creator/3.0/psoc creator/import/gnu_cs/arm/4.7.3/bin/../lib/gcc/arm-none-eabi/4.7.3/../../../../arm-none-eabi/lib/armv7-m\libc_s.a(lib_a-strlen.o)
                0x00004500                strlen
 .text._malloc_usable_size_r
                0x00004510       0x12 c:/program files (x86)/cypress/psoc creator/3.0/psoc creator/import/gnu_cs/arm/4.7.3/bin/../lib/gcc/arm-none-eabi/4.7.3/../../../../arm-none-eabi/lib/armv7-m\libc_s.a(lib_a-msizer.o)
                0x00004510                _malloc_usable_size_r
 *fill*         0x00004522        0x2 00
 .text._sbrk    0x00004524       0x34 c:/program files (x86)/cypress/psoc creator/3.0/psoc creator/import/gnu_cs/arm/4.7.3/bin/../lib/gcc/arm-none-eabi/4.7.3/../../../../arm-none-eabi/lib/armv7-m\libnosys.a(sbrk.o)
                0x00004524                _sbrk
 *(.plt)
 *(.gnu.warning)
 *(.glue_7t)
 .glue_7t       0x00000000        0x0 linker stubs
 *(.glue_7)
 .glue_7        0x00000000        0x0 linker stubs
 *(.vfp11_veneer)
 .vfp11_veneer  0x00000000        0x0 linker stubs
 *(.bootloader)
 *(.ARM.extab* .gnu.linkonce.armextab.*)
 *(.gcc_except_table)

.v4_bx          0x00004558        0x0
 .v4_bx         0x00000000        0x0 linker stubs

.iplt           0x00004558        0x0
 .iplt          0x00000000        0x0 c:/program files (x86)/cypress/psoc creator/3.0/psoc creator/import/gnu_cs/arm/4.7.3/bin/../lib/gcc/arm-none-eabi/4.7.3/armv7-m/crtbegin.o

.eh_frame_hdr
 *(.eh_frame_hdr)

.eh_frame       0x00004558        0x4
 *(.eh_frame)
 .eh_frame      0x00004558        0x0 c:/program files (x86)/cypress/psoc creator/3.0/psoc creator/import/gnu_cs/arm/4.7.3/bin/../lib/gcc/arm-none-eabi/4.7.3/armv7-m/crtbegin.o
 .eh_frame      0x00004558        0x4 c:/program files (x86)/cypress/psoc creator/3.0/psoc creator/import/gnu_cs/arm/4.7.3/bin/../lib/gcc/arm-none-eabi/4.7.3/armv7-m/crtend.o
                0x0000455c                PROVIDE (__exidx_start, .)

.ARM.exidx
 *(.ARM.exidx* .gnu.linkonce.armexidx.*)
                0x0000455c                __exidx_end = .

.rodata         0x0000455c      0x29c
 *(.rodata .rodata.* .gnu.linkonce.r.*)
 .rodata        0x0000455c       0x18 .\CortexM3\ARM_GCC_473\Debug\main.o
 .rodata        0x00004574       0x2c .\CortexM3\ARM_GCC_473\Debug\TP_Sensor.a(cyfitter_cfg.o)
 .rodata        0x000045a0       0x14 .\CortexM3\ARM_GCC_473\Debug\TP_Sensor.a(USBUART_std.o)
 .rodata        0x000045b4       0x40 .\CortexM3\ARM_GCC_473\Debug\TP_Sensor.a(LCD_Char_1_CustChars.o)
                0x000045b4                LCD_Char_1_customFonts
 .rodata        0x000045f4      0x194 .\CortexM3\ARM_GCC_473\Debug\TP_Sensor.a(USBUART_descr.o)
                0x000045f4                USBUART_DEVICE0_DESCR
                0x00004608                USBUART_DEVICE0_CONFIGURATION0_DESCR
                0x0000464c                USBUART_STRING_DESCRIPTORS
                0x000046ec                USBUART_SN_STRING_DESCRIPTOR
                0x000046f0                USBUART_DEVICE0_CONFIGURATION0_EP_SETTINGS_TABLE
                0x00004708                USBUART_DEVICE0_CONFIGURATION0_INTERFACE_CLASS
                0x0000470c                USBUART_DEVICE0_CONFIGURATION0_TABLE
                0x00004734                USBUART_DEVICE0_TABLE
                0x00004744                USBUART_TABLE
                0x0000474c                USBUART_MSOS_DESCRIPTOR
                0x00004760                USBUART_MSOS_CONFIGURATION_DESCR
 .rodata.str1.1
                0x00004788        0x2 c:/program files (x86)/cypress/psoc creator/3.0/psoc creator/import/gnu_cs/arm/4.7.3/bin/../lib/gcc/arm-none-eabi/4.7.3/../../../../arm-none-eabi/lib/armv7-m\libc_s.a(lib_a-impure.o)
 .rodata.str1.1
                0x0000478a       0x11 c:/program files (x86)/cypress/psoc creator/3.0/psoc creator/import/gnu_cs/arm/4.7.3/bin/../lib/gcc/arm-none-eabi/4.7.3/../../../../arm-none-eabi/lib/armv7-m\libc_s.a(lib_a-svfprintf.o)
 .rodata.str1.1
                0x0000479b       0x22 c:/program files (x86)/cypress/psoc creator/3.0/psoc creator/import/gnu_cs/arm/4.7.3/bin/../lib/gcc/arm-none-eabi/4.7.3/../../../../arm-none-eabi/lib/armv7-m\libc_s.a(lib_a-vfprintf_i.o)
                0x000047c0                . = ALIGN (0x4)
 *fill*         0x000047bd        0x3 00
 *(.init)
 .init          0x000047c0        0x4 c:/program files (x86)/cypress/psoc creator/3.0/psoc creator/import/gnu_cs/arm/4.7.3/bin/../lib/gcc/arm-none-eabi/4.7.3/armv7-m/crti.o
                0x000047c0                _init
 .init          0x000047c4        0x8 c:/program files (x86)/cypress/psoc creator/3.0/psoc creator/import/gnu_cs/arm/4.7.3/bin/../lib/gcc/arm-none-eabi/4.7.3/armv7-m/crtn.o
                0x000047cc                . = ALIGN (0x4)
                0x000047cc                __preinit_array_start = .
 *(.preinit_array)
                0x000047cc                __preinit_array_end = .
                0x000047cc                . = ALIGN (0x4)
                0x000047cc                __init_array_start = .
 *(SORT(.init_array.*))
 *(.init_array)
 .init_array    0x000047cc        0x4 c:/program files (x86)/cypress/psoc creator/3.0/psoc creator/import/gnu_cs/arm/4.7.3/bin/../lib/gcc/arm-none-eabi/4.7.3/armv7-m/crtbegin.o
 .init_array    0x000047d0        0x4 .\CortexM3\ARM_GCC_473\Debug\Cm3Start.o
                0x000047d4                __init_array_end = .
                0x000047d4                . = ALIGN (0x4)
 *(.fini)
 .fini          0x000047d4        0x4 c:/program files (x86)/cypress/psoc creator/3.0/psoc creator/import/gnu_cs/arm/4.7.3/bin/../lib/gcc/arm-none-eabi/4.7.3/armv7-m/crti.o
                0x000047d4                _fini
 .fini          0x000047d8        0x8 c:/program files (x86)/cypress/psoc creator/3.0/psoc creator/import/gnu_cs/arm/4.7.3/bin/../lib/gcc/arm-none-eabi/4.7.3/armv7-m/crtn.o
                0x000047e0                . = ALIGN (0x4)
                0x000047e0                __fini_array_start = .
 *(.fini_array)
 .fini_array    0x000047e0        0x4 c:/program files (x86)/cypress/psoc creator/3.0/psoc creator/import/gnu_cs/arm/4.7.3/bin/../lib/gcc/arm-none-eabi/4.7.3/armv7-m/crtbegin.o
 *(SORT(.fini_array.*))
                0x000047e4                __fini_array_end = .
                0x000047e4                . = ALIGN (0x4)
 *crtbegin.o(.ctors)
 *(EXCLUDE_FILE(*crtend.o) .ctors)
 *(SORT(.ctors.*))
 *crtend.o(.ctors)
                0x000047e4                . = ALIGN (0x4)
 *crtbegin.o(.dtors)
 *(EXCLUDE_FILE(*crtend.o) .dtors)
 *(SORT(.dtors.*))
 *crtend.o(.dtors)
                0x000047e4                . = ALIGN (0x4)
                0x000047e4                __cy_regions = .
                0x000047e4        0x4 LONG 0x47f8 __cy_region_init_ram
                0x000047e8        0x4 LONG 0x1fff8108 __cy_region_start_data
                0x000047ec        0x4 LONG 0x88 __cy_region_init_size_ram
                0x000047f0        0x4 LONG 0x100 __cy_region_zero_size_ram
                0x000047f4                __cy_regions_end = .
                0x000047f8                . = ALIGN (0x8)
 *fill*         0x000047f4        0x4 00
                0x000047f8                _etext = .

.ramvectors     0x1fff8000      0x100
                0x1fff8000                __cy_region_start_ram = .
 *(.ramvectors)
 .ramvectors    0x1fff8000      0x100 .\CortexM3\ARM_GCC_473\Debug\Cm3Start.o
                0x1fff8000                CyRamVectors

.noinit         0x1fff8100        0x5
 *(.noinit)
 .noinit        0x1fff8100        0x4 .\CortexM3\ARM_GCC_473\Debug\Cm3Start.o
 .noinit        0x1fff8104        0x1 .\CortexM3\ARM_GCC_473\Debug\TP_Sensor.a(CyLib.o)
                0x1fff8104                CyResetStatus

.data           0x1fff8108       0x88 load address 0x000047f8
                0x1fff8108                __cy_region_start_data = .
 *(.jcr)
 .jcr           0x1fff8108        0x0 c:/program files (x86)/cypress/psoc creator/3.0/psoc creator/import/gnu_cs/arm/4.7.3/bin/../lib/gcc/arm-none-eabi/4.7.3/armv7-m/crtbegin.o
 .jcr           0x1fff8108        0x4 c:/program files (x86)/cypress/psoc creator/3.0/psoc creator/import/gnu_cs/arm/4.7.3/bin/../lib/gcc/arm-none-eabi/4.7.3/armv7-m/crtend.o
 *(.got.plt)
 *(.got)
 *(.shdata)
 *(.data .data.* .gnu.linkonce.d.*)
 .data          0x1fff810c        0x8 .\CortexM3\ARM_GCC_473\Debug\TP_Sensor.a(USBUART_cdc.o)
                0x1fff810c                USBUART_lineCoding
 .data          0x1fff8114       0x10 .\CortexM3\ARM_GCC_473\Debug\TP_Sensor.a(CyLib.o)
                0x1fff8114                cydelay_freq_hz
                0x1fff8118                cydelay_freq_khz
                0x1fff811c                cydelay_freq_mhz
                0x1fff8120                cydelay_32k_ms
 .data.impure_data
                0x1fff8124       0x64 c:/program files (x86)/cypress/psoc creator/3.0/psoc creator/import/gnu_cs/arm/4.7.3/bin/../lib/gcc/arm-none-eabi/4.7.3/../../../../arm-none-eabi/lib/armv7-m\libc_s.a(lib_a-impure.o)
 .data._impure_ptr
                0x1fff8188        0x4 c:/program files (x86)/cypress/psoc creator/3.0/psoc creator/import/gnu_cs/arm/4.7.3/bin/../lib/gcc/arm-none-eabi/4.7.3/../../../../arm-none-eabi/lib/armv7-m\libc_s.a(lib_a-impure.o)
                0x1fff8188                _impure_ptr
                0x1fff8190                . = ALIGN (0x8)
 *fill*         0x1fff818c        0x4 00
 *(.ram)
                0x1fff8190                _edata = .

.igot.plt       0x1fff8190        0x0 load address 0x00004880
 .igot.plt      0x00000000        0x0 c:/program files (x86)/cypress/psoc creator/3.0/psoc creator/import/gnu_cs/arm/4.7.3/bin/../lib/gcc/arm-none-eabi/4.7.3/armv7-m/crtbegin.o

.bss            0x1fff8190      0x100 load address 0x00004880
                0x1fff8190                PROVIDE (__bss_start__, .)
 *(.shbss)
 *(.bss .bss.* .gnu.linkonce.b.*)
 .bss           0x1fff8190       0x1c c:/program files (x86)/cypress/psoc creator/3.0/psoc creator/import/gnu_cs/arm/4.7.3/bin/../lib/gcc/arm-none-eabi/4.7.3/armv7-m/crtbegin.o
 .bss           0x1fff81ac        0x1 .\CortexM3\ARM_GCC_473\Debug\TP_Sensor.a(USBUART.o)
                0x1fff81ac                USBUART_initVar
 *fill*         0x1fff81ad        0x3 00
 .bss           0x1fff81b0        0x4 .\CortexM3\ARM_GCC_473\Debug\TP_Sensor.a(USBUART_std.o)
 .bss           0x1fff81b4        0x2 .\CortexM3\ARM_GCC_473\Debug\TP_Sensor.a(LCD_Char_1.o)
                0x1fff81b4                LCD_Char_1_enableState
                0x1fff81b5                LCD_Char_1_initVar
 *fill*         0x1fff81b6        0x2 00
 .bss           0x1fff81b8        0x8 .\CortexM3\ARM_GCC_473\Debug\TP_Sensor.a(CySpc.o)
                0x1fff81b8                SpcLockState
 .bss.__malloc_free_list
                0x1fff81c0        0x4 c:/program files (x86)/cypress/psoc creator/3.0/psoc creator/import/gnu_cs/arm/4.7.3/bin/../lib/gcc/arm-none-eabi/4.7.3/../../../../arm-none-eabi/lib/armv7-m\libc_s.a(lib_a-mallocr.o)
                0x1fff81c0                __malloc_free_list
 .bss.heap_end.4231
                0x1fff81c4        0x4 c:/program files (x86)/cypress/psoc creator/3.0/psoc creator/import/gnu_cs/arm/4.7.3/bin/../lib/gcc/arm-none-eabi/4.7.3/../../../../arm-none-eabi/lib/armv7-m\libnosys.a(sbrk.o)
 *(COMMON)
 COMMON         0x1fff81c8        0x5 .\CortexM3\ARM_GCC_473\Debug\TP_Sensor.a(USBUART_cdc.o)
                0x1fff81c8                USBUART_cdc_data_out_ep
                0x1fff81c9                USBUART_cdc_data_in_ep
                0x1fff81ca                USBUART_lineControlBitmap
                0x1fff81cc                USBUART_lineChanged
 *fill*         0x1fff81cd        0x3 00
 COMMON         0x1fff81d0       0x96 .\CortexM3\ARM_GCC_473\Debug\TP_Sensor.a(USBUART_drv.o)
                0x1fff81d0                USBUART_lastPacketSize
                0x1fff81d1                USBUART_device
                0x1fff81d2                USBUART_transferByteCount
                0x1fff81d4                USBUART_interfaceSetting_last
                0x1fff81d6                USBUART_transferState
                0x1fff81d8                USBUART_currentTD
                0x1fff81e4                USBUART_interfaceNumber
                0x1fff81e8                USBUART_interfaceClass
                0x1fff81ec                USBUART_configurationChanged
                0x1fff81ed                USBUART_ep0Mode
                0x1fff81ee                USBUART_deviceAddress
                0x1fff81ef                USBUART_configuration
                0x1fff81f0                USBUART_ep0Count
                0x1fff81f1                USBUART_deviceStatus
                0x1fff81f4                USBUART_EP
                0x1fff8260                USBUART_interfaceSetting
                0x1fff8262                USBUART_ep0Toggle
                0x1fff8264                USBUART_interfaceStatus
 *fill*         0x1fff8266        0x2 00
 COMMON         0x1fff8268       0x22 .\CortexM3\ARM_GCC_473\Debug\TP_Sensor.a(USBUART_descr.o)
                0x1fff8268                USBUART_idSerialNumberStringDescriptor
 *fill*         0x1fff828a        0x2 00
 COMMON         0x1fff828c        0x4 c:/program files (x86)/cypress/psoc creator/3.0/psoc creator/import/gnu_cs/arm/4.7.3/bin/../lib/gcc/arm-none-eabi/4.7.3/../../../../arm-none-eabi/lib/armv7-m\libc_s.a(lib_a-reent.o)
                0x1fff828c                errno
                0x1fff8290                . = ALIGN (0x8)
 *(.ram.b)
                0x1fff8290                _end = .
                0x1fff8290                __end = .
                0x1fff8290                PROVIDE (end, .)
                0x1fff8290                PROVIDE (__bss_end__, .)
                0x000047f8                __cy_region_init_ram = LOADADDR (.data)
                0x00000088                __cy_region_init_size_ram = (_edata - ADDR (.data))
                0x00000100                __cy_region_zero_size_ram = (_end - _edata)

.heap           0x1fff8290     0x1000 load address 0x00004880
                0x1fff8290                . = _end
                0x1fff9290                . = (. + 0x1000)
 *fill*         0x1fff8290     0x1000 00
                0x1fff9290                __cy_heap_limit = .

.stack          0x20004000     0x4000
                0x20004000                __cy_stack_limit = .
                0x20008000                . = (. + 0x4000)
 *fill*         0x20004000     0x4000 00
                0x00000001                ASSERT ((__cy_stack_limit >= __cy_heap_limit), region RAM overflowed with stack)

.cyloadermeta
 *(.cyloadermeta)

.cyloadablemeta
 *(.cyloadablemeta)

.cyconfigecc    0x80000000       0x80
 *(.cyconfigecc)
 .cyconfigecc   0x80000000       0x80 .\CortexM3\ARM_GCC_473\Debug\cymetadata.o
                0x80000000                cy_meta_configecc

.cycustnvl      0x90000000        0x4
 *(.cycustnvl)
 .cycustnvl     0x90000000        0x4 .\CortexM3\ARM_GCC_473\Debug\cymetadata.o
                0x90000000                cy_meta_custnvl

.cywolatch      0x90100000        0x4
 *(.cywolatch)
 .cywolatch     0x90100000        0x4 .\CortexM3\ARM_GCC_473\Debug\cymetadata.o
                0x90100000                cy_meta_wonvl

.cyeeprom       0x90200000        0x0
 *(.cyeeprom)
                0x00000001                ASSERT ((. <= ((0x90200000 + ee_offset) + ee_size)), .cyeeprom data will not fit in EEPROM)

.cyflashprotect
                0x90400000      0x100
 *(.cyflashprotect)
 .cyflashprotect
                0x90400000      0x100 .\CortexM3\ARM_GCC_473\Debug\cymetadata.o
                0x90400000                cy_meta_flashprotect

.cymeta         0x90500000        0xc
 *(.cymeta)
 .cymeta        0x90500000        0xc .\CortexM3\ARM_GCC_473\Debug\cymetadata.o
                0x90500000                cy_metadata

.rel.dyn        0x00004880        0x0 load address 0x9050000c
 .rel.iplt      0x00000000        0x0 c:/program files (x86)/cypress/psoc creator/3.0/psoc creator/import/gnu_cs/arm/4.7.3/bin/../lib/gcc/arm-none-eabi/4.7.3/armv7-m/crtbegin.o

.stab
 *(.stab)

.stabstr
 *(.stabstr)

.debug
 *(.debug)

.line
 *(.line)

.debug_srcinfo
 *(.debug_srcinfo)

.debug_sfnames
 *(.debug_sfnames)

.debug_aranges  0x00000000      0x880
 *(.debug_aranges)
 .debug_aranges
                0x00000000       0x20 .\CortexM3\ARM_GCC_473\Debug\main.o
 .debug_aranges
                0x00000020       0x18 .\CortexM3\ARM_GCC_473\Debug\cymetadata.o
 .debug_aranges
                0x00000038       0x40 .\CortexM3\ARM_GCC_473\Debug\Cm3Start.o
 .debug_aranges
                0x00000078       0x60 .\CortexM3\ARM_GCC_473\Debug\TP_Sensor.a(cyfitter_cfg.o)
 .debug_aranges
                0x000000d8       0x40 .\CortexM3\ARM_GCC_473\Debug\TP_Sensor.a(DieTemp.o)
 .debug_aranges
                0x00000118       0xb0 .\CortexM3\ARM_GCC_473\Debug\TP_Sensor.a(USBUART.o)
 .debug_aranges
                0x000001c8       0xb0 .\CortexM3\ARM_GCC_473\Debug\TP_Sensor.a(USBUART_cdc.o)
 .debug_aranges
                0x00000278       0x98 .\CortexM3\ARM_GCC_473\Debug\TP_Sensor.a(USBUART_drv.o)
 .debug_aranges
                0x00000310       0x40 .\CortexM3\ARM_GCC_473\Debug\TP_Sensor.a(USBUART_episr.o)
 .debug_aranges
                0x00000350       0x78 .\CortexM3\ARM_GCC_473\Debug\TP_Sensor.a(USBUART_std.o)
 .debug_aranges
                0x000003c8       0x20 .\CortexM3\ARM_GCC_473\Debug\TP_Sensor.a(USBUART_vnd.o)
 .debug_aranges
                0x000003e8       0x98 .\CortexM3\ARM_GCC_473\Debug\TP_Sensor.a(LCD_Char_1.o)
 .debug_aranges
                0x00000480       0x20 .\CortexM3\ARM_GCC_473\Debug\TP_Sensor.a(LCD_Char_1_CustChars.o)
 .debug_aranges
                0x000004a0       0x20 .\CortexM3\ARM_GCC_473\Debug\TP_Sensor.a(CyBootAsmGnu.o)
 .debug_aranges
                0x000004c0      0x218 .\CortexM3\ARM_GCC_473\Debug\TP_Sensor.a(CyLib.o)
 .debug_aranges
                0x000006d8       0x90 .\CortexM3\ARM_GCC_473\Debug\TP_Sensor.a(cyPm.o)
 .debug_aranges
                0x00000768       0x68 .\CortexM3\ARM_GCC_473\Debug\TP_Sensor.a(CySpc.o)
 .debug_aranges
                0x000007d0       0x20 .\CortexM3\ARM_GCC_473\Debug\TP_Sensor.a(USBUART_cls.o)
 .debug_aranges
                0x000007f0       0x18 .\CortexM3\ARM_GCC_473\Debug\TP_Sensor.a(USBUART_descr.o)
 .debug_aranges
                0x00000808       0x78 .\CortexM3\ARM_GCC_473\Debug\TP_Sensor.a(CyFlash.o)

.debug_pubnames
 *(.debug_pubnames)

.debug_info     0x00000000     0x4d09
 *(.debug_info .gnu.linkonce.wi.*)
 .debug_info    0x00000000      0x167 .\CortexM3\ARM_GCC_473\Debug\main.o
 .debug_info    0x00000167      0x13e .\CortexM3\ARM_GCC_473\Debug\cymetadata.o
 .debug_info    0x000002a5      0x2ea .\CortexM3\ARM_GCC_473\Debug\Cm3Start.o
 .debug_info    0x0000058f      0x3be .\CortexM3\ARM_GCC_473\Debug\TP_Sensor.a(cyfitter_cfg.o)
 .debug_info    0x0000094d      0x201 .\CortexM3\ARM_GCC_473\Debug\TP_Sensor.a(DieTemp.o)
 .debug_info    0x00000b4e      0x659 .\CortexM3\ARM_GCC_473\Debug\TP_Sensor.a(USBUART.o)
 .debug_info    0x000011a7      0x5f7 .\CortexM3\ARM_GCC_473\Debug\TP_Sensor.a(USBUART_cdc.o)
 .debug_info    0x0000179e      0x56e .\CortexM3\ARM_GCC_473\Debug\TP_Sensor.a(USBUART_drv.o)
 .debug_info    0x00001d0c      0x1d6 .\CortexM3\ARM_GCC_473\Debug\TP_Sensor.a(USBUART_episr.o)
 .debug_info    0x00001ee2      0x84c .\CortexM3\ARM_GCC_473\Debug\TP_Sensor.a(USBUART_std.o)
 .debug_info    0x0000272e      0x18d .\CortexM3\ARM_GCC_473\Debug\TP_Sensor.a(USBUART_vnd.o)
 .debug_info    0x000028bb      0x42a .\CortexM3\ARM_GCC_473\Debug\TP_Sensor.a(LCD_Char_1.o)
 .debug_info    0x00002ce5      0x100 .\CortexM3\ARM_GCC_473\Debug\TP_Sensor.a(LCD_Char_1_CustChars.o)
 .debug_info    0x00002de5       0xbf .\CortexM3\ARM_GCC_473\Debug\TP_Sensor.a(CyBootAsmGnu.o)
 .debug_info    0x00002ea4      0xcd7 .\CortexM3\ARM_GCC_473\Debug\TP_Sensor.a(CyLib.o)
 .debug_info    0x00003b7b      0x5c3 .\CortexM3\ARM_GCC_473\Debug\TP_Sensor.a(cyPm.o)
 .debug_info    0x0000413e      0x3d9 .\CortexM3\ARM_GCC_473\Debug\TP_Sensor.a(CySpc.o)
 .debug_info    0x00004517      0x1b9 .\CortexM3\ARM_GCC_473\Debug\TP_Sensor.a(USBUART_cls.o)
 .debug_info    0x000046d0      0x2e5 .\CortexM3\ARM_GCC_473\Debug\TP_Sensor.a(USBUART_descr.o)
 .debug_info    0x000049b5      0x354 .\CortexM3\ARM_GCC_473\Debug\TP_Sensor.a(CyFlash.o)

.debug_abbrev   0x00000000     0x167d
 *(.debug_abbrev)
 .debug_abbrev  0x00000000       0x8c .\CortexM3\ARM_GCC_473\Debug\main.o
 .debug_abbrev  0x0000008c       0x5d .\CortexM3\ARM_GCC_473\Debug\cymetadata.o
 .debug_abbrev  0x000000e9      0x175 .\CortexM3\ARM_GCC_473\Debug\Cm3Start.o
 .debug_abbrev  0x0000025e      0x187 .\CortexM3\ARM_GCC_473\Debug\TP_Sensor.a(cyfitter_cfg.o)
 .debug_abbrev  0x000003e5       0xf0 .\CortexM3\ARM_GCC_473\Debug\TP_Sensor.a(DieTemp.o)
 .debug_abbrev  0x000004d5      0x1b4 .\CortexM3\ARM_GCC_473\Debug\TP_Sensor.a(USBUART.o)
 .debug_abbrev  0x00000689      0x1d0 .\CortexM3\ARM_GCC_473\Debug\TP_Sensor.a(USBUART_cdc.o)
 .debug_abbrev  0x00000859      0x16e .\CortexM3\ARM_GCC_473\Debug\TP_Sensor.a(USBUART_drv.o)
 .debug_abbrev  0x000009c7       0xc7 .\CortexM3\ARM_GCC_473\Debug\TP_Sensor.a(USBUART_episr.o)
 .debug_abbrev  0x00000a8e      0x1a1 .\CortexM3\ARM_GCC_473\Debug\TP_Sensor.a(USBUART_std.o)
 .debug_abbrev  0x00000c2f       0xba .\CortexM3\ARM_GCC_473\Debug\TP_Sensor.a(USBUART_vnd.o)
 .debug_abbrev  0x00000ce9      0x133 .\CortexM3\ARM_GCC_473\Debug\TP_Sensor.a(LCD_Char_1.o)
 .debug_abbrev  0x00000e1c       0xa4 .\CortexM3\ARM_GCC_473\Debug\TP_Sensor.a(LCD_Char_1_CustChars.o)
 .debug_abbrev  0x00000ec0       0x14 .\CortexM3\ARM_GCC_473\Debug\TP_Sensor.a(CyBootAsmGnu.o)
 .debug_abbrev  0x00000ed4      0x207 .\CortexM3\ARM_GCC_473\Debug\TP_Sensor.a(CyLib.o)
 .debug_abbrev  0x000010db      0x170 .\CortexM3\ARM_GCC_473\Debug\TP_Sensor.a(cyPm.o)
 .debug_abbrev  0x0000124b      0x15f .\CortexM3\ARM_GCC_473\Debug\TP_Sensor.a(CySpc.o)
 .debug_abbrev  0x000013aa       0xba .\CortexM3\ARM_GCC_473\Debug\TP_Sensor.a(USBUART_cls.o)
 .debug_abbrev  0x00001464       0xa7 .\CortexM3\ARM_GCC_473\Debug\TP_Sensor.a(USBUART_descr.o)
 .debug_abbrev  0x0000150b      0x172 .\CortexM3\ARM_GCC_473\Debug\TP_Sensor.a(CyFlash.o)

.debug_line     0x00000000     0x24bd
 *(.debug_line)
 .debug_line    0x00000000      0x13c .\CortexM3\ARM_GCC_473\Debug\main.o
 .debug_line    0x0000013c       0x53 .\CortexM3\ARM_GCC_473\Debug\cymetadata.o
 .debug_line    0x0000018f      0x1b0 .\CortexM3\ARM_GCC_473\Debug\Cm3Start.o
 .debug_line    0x0000033f      0x1f1 .\CortexM3\ARM_GCC_473\Debug\TP_Sensor.a(cyfitter_cfg.o)
 .debug_line    0x00000530       0xe4 .\CortexM3\ARM_GCC_473\Debug\TP_Sensor.a(DieTemp.o)
 .debug_line    0x00000614      0x2a4 .\CortexM3\ARM_GCC_473\Debug\TP_Sensor.a(USBUART.o)
 .debug_line    0x000008b8      0x234 .\CortexM3\ARM_GCC_473\Debug\TP_Sensor.a(USBUART_cdc.o)
 .debug_line    0x00000aec      0x222 .\CortexM3\ARM_GCC_473\Debug\TP_Sensor.a(USBUART_drv.o)
 .debug_line    0x00000d0e       0xe5 .\CortexM3\ARM_GCC_473\Debug\TP_Sensor.a(USBUART_episr.o)
 .debug_line    0x00000df3      0x431 .\CortexM3\ARM_GCC_473\Debug\TP_Sensor.a(USBUART_std.o)
 .debug_line    0x00001224       0x8b .\CortexM3\ARM_GCC_473\Debug\TP_Sensor.a(USBUART_vnd.o)
 .debug_line    0x000012af      0x22c .\CortexM3\ARM_GCC_473\Debug\TP_Sensor.a(LCD_Char_1.o)
 .debug_line    0x000014db       0x84 .\CortexM3\ARM_GCC_473\Debug\TP_Sensor.a(LCD_Char_1_CustChars.o)
 .debug_line    0x0000155f       0x68 .\CortexM3\ARM_GCC_473\Debug\TP_Sensor.a(CyBootAsmGnu.o)
 .debug_line    0x000015c7      0x73b .\CortexM3\ARM_GCC_473\Debug\TP_Sensor.a(CyLib.o)
 .debug_line    0x00001d02      0x370 .\CortexM3\ARM_GCC_473\Debug\TP_Sensor.a(cyPm.o)
 .debug_line    0x00002072      0x1a7 .\CortexM3\ARM_GCC_473\Debug\TP_Sensor.a(CySpc.o)
 .debug_line    0x00002219       0x98 .\CortexM3\ARM_GCC_473\Debug\TP_Sensor.a(USBUART_cls.o)
 .debug_line    0x000022b1       0x63 .\CortexM3\ARM_GCC_473\Debug\TP_Sensor.a(USBUART_descr.o)
 .debug_line    0x00002314      0x1a9 .\CortexM3\ARM_GCC_473\Debug\TP_Sensor.a(CyFlash.o)

.debug_frame    0x00000000     0x1d9c
 *(.debug_frame)
 .debug_frame   0x00000000       0x30 .\CortexM3\ARM_GCC_473\Debug\main.o
 .debug_frame   0x00000030       0xa4 .\CortexM3\ARM_GCC_473\Debug\Cm3Start.o
 .debug_frame   0x000000d4      0x120 .\CortexM3\ARM_GCC_473\Debug\TP_Sensor.a(cyfitter_cfg.o)
 .debug_frame   0x000001f4       0xac .\CortexM3\ARM_GCC_473\Debug\TP_Sensor.a(DieTemp.o)
 .debug_frame   0x000002a0      0x238 .\CortexM3\ARM_GCC_473\Debug\TP_Sensor.a(USBUART.o)
 .debug_frame   0x000004d8      0x248 .\CortexM3\ARM_GCC_473\Debug\TP_Sensor.a(USBUART_cdc.o)
 .debug_frame   0x00000720      0x1e0 .\CortexM3\ARM_GCC_473\Debug\TP_Sensor.a(USBUART_drv.o)
 .debug_frame   0x00000900       0x9c .\CortexM3\ARM_GCC_473\Debug\TP_Sensor.a(USBUART_episr.o)
 .debug_frame   0x0000099c      0x180 .\CortexM3\ARM_GCC_473\Debug\TP_Sensor.a(USBUART_std.o)
 .debug_frame   0x00000b1c       0x30 .\CortexM3\ARM_GCC_473\Debug\TP_Sensor.a(USBUART_vnd.o)
 .debug_frame   0x00000b4c      0x200 .\CortexM3\ARM_GCC_473\Debug\TP_Sensor.a(LCD_Char_1.o)
 .debug_frame   0x00000d4c       0x30 .\CortexM3\ARM_GCC_473\Debug\TP_Sensor.a(LCD_Char_1_CustChars.o)
 .debug_frame   0x00000d7c      0x778 .\CortexM3\ARM_GCC_473\Debug\TP_Sensor.a(CyLib.o)
 .debug_frame   0x000014f4      0x1d0 .\CortexM3\ARM_GCC_473\Debug\TP_Sensor.a(cyPm.o)
 .debug_frame   0x000016c4      0x13c .\CortexM3\ARM_GCC_473\Debug\TP_Sensor.a(CySpc.o)
 .debug_frame   0x00001800       0x30 .\CortexM3\ARM_GCC_473\Debug\TP_Sensor.a(USBUART_cls.o)
 .debug_frame   0x00001830      0x178 .\CortexM3\ARM_GCC_473\Debug\TP_Sensor.a(CyFlash.o)
 .debug_frame   0x000019a8       0x28 c:/program files (x86)/cypress/psoc creator/3.0/psoc creator/import/gnu_cs/arm/4.7.3/bin/../lib/gcc/arm-none-eabi/4.7.3/../../../../arm-none-eabi/lib/armv7-m\libc_s.a(lib_a-__atexit2.o)
 .debug_frame   0x000019d0       0x28 c:/program files (x86)/cypress/psoc creator/3.0/psoc creator/import/gnu_cs/arm/4.7.3/bin/../lib/gcc/arm-none-eabi/4.7.3/../../../../arm-none-eabi/lib/armv7-m\libc_s.a(lib_a-exit.o)
 .debug_frame   0x000019f8       0x2c c:/program files (x86)/cypress/psoc creator/3.0/psoc creator/import/gnu_cs/arm/4.7.3/bin/../lib/gcc/arm-none-eabi/4.7.3/../../../../arm-none-eabi/lib/armv7-m\libc_s.a(lib_a-fini.o)
 .debug_frame   0x00001a24       0x2c c:/program files (x86)/cypress/psoc creator/3.0/psoc creator/import/gnu_cs/arm/4.7.3/bin/../lib/gcc/arm-none-eabi/4.7.3/../../../../arm-none-eabi/lib/armv7-m\libc_s.a(lib_a-init.o)
 .debug_frame   0x00001a50       0x28 c:/program files (x86)/cypress/psoc creator/3.0/psoc creator/import/gnu_cs/arm/4.7.3/bin/../lib/gcc/arm-none-eabi/4.7.3/../../../../arm-none-eabi/lib/armv7-m\libc_s.a(lib_a-memcpy.o)
 .debug_frame   0x00001a78       0x20 c:/program files (x86)/cypress/psoc creator/3.0/psoc creator/import/gnu_cs/arm/4.7.3/bin/../lib/gcc/arm-none-eabi/4.7.3/../../../../arm-none-eabi/lib/armv7-m\libc_s.a(lib_a-memset.o)
 .debug_frame   0x00001a98       0x58 c:/program files (x86)/cypress/psoc creator/3.0/psoc creator/import/gnu_cs/arm/4.7.3/bin/../lib/gcc/arm-none-eabi/4.7.3/../../../../arm-none-eabi/lib/armv7-m\libc_s.a(lib_a-sprintf.o)
 .debug_frame   0x00001af0       0x88 c:/program files (x86)/cypress/psoc creator/3.0/psoc creator/import/gnu_cs/arm/4.7.3/bin/../lib/gcc/arm-none-eabi/4.7.3/../../../../arm-none-eabi/lib/armv7-m\libc_s.a(lib_a-svfprintf.o)
 .debug_frame   0x00001b78       0x58 c:/program files (x86)/cypress/psoc creator/3.0/psoc creator/import/gnu_cs/arm/4.7.3/bin/../lib/gcc/arm-none-eabi/4.7.3/../../../../arm-none-eabi/lib/armv7-m\libc_s.a(lib_a-vfprintf_i.o)
 .debug_frame   0x00001bd0       0x2c c:/program files (x86)/cypress/psoc creator/3.0/psoc creator/import/gnu_cs/arm/4.7.3/bin/../lib/gcc/arm-none-eabi/4.7.3/../../../../arm-none-eabi/lib/armv7-m\libc_s.a(lib_a-freer.o)
 .debug_frame   0x00001bfc       0x2c c:/program files (x86)/cypress/psoc creator/3.0/psoc creator/import/gnu_cs/arm/4.7.3/bin/../lib/gcc/arm-none-eabi/4.7.3/../../../../arm-none-eabi/lib/armv7-m\libc_s.a(lib_a-mallocr.o)
 .debug_frame   0x00001c28       0x28 c:/program files (x86)/cypress/psoc creator/3.0/psoc creator/import/gnu_cs/arm/4.7.3/bin/../lib/gcc/arm-none-eabi/4.7.3/../../../../arm-none-eabi/lib/armv7-m\libc_s.a(lib_a-memchr.o)
 .debug_frame   0x00001c50       0x2c c:/program files (x86)/cypress/psoc creator/3.0/psoc creator/import/gnu_cs/arm/4.7.3/bin/../lib/gcc/arm-none-eabi/4.7.3/../../../../arm-none-eabi/lib/armv7-m\libc_s.a(lib_a-memmove.o)
 .debug_frame   0x00001c7c       0x30 c:/program files (x86)/cypress/psoc creator/3.0/psoc creator/import/gnu_cs/arm/4.7.3/bin/../lib/gcc/arm-none-eabi/4.7.3/../../../../arm-none-eabi/lib/armv7-m\libc_s.a(lib_a-reallocr.o)
 .debug_frame   0x00001cac       0x2c c:/program files (x86)/cypress/psoc creator/3.0/psoc creator/import/gnu_cs/arm/4.7.3/bin/../lib/gcc/arm-none-eabi/4.7.3/../../../../arm-none-eabi/lib/armv7-m\libc_s.a(lib_a-sbrkr.o)
 .debug_frame   0x00001cd8       0x20 c:/program files (x86)/cypress/psoc creator/3.0/psoc creator/import/gnu_cs/arm/4.7.3/bin/../lib/gcc/arm-none-eabi/4.7.3/../../../../arm-none-eabi/lib/armv7-m\libc_s.a(lib_a-strlen.o)
 .debug_frame   0x00001cf8       0x20 c:/program files (x86)/cypress/psoc creator/3.0/psoc creator/import/gnu_cs/arm/4.7.3/bin/../lib/gcc/arm-none-eabi/4.7.3/../../../../arm-none-eabi/lib/armv7-m\libc_s.a(lib_a-msizer.o)
 .debug_frame   0x00001d18       0x64 c:/program files (x86)/cypress/psoc creator/3.0/psoc creator/import/gnu_cs/arm/4.7.3/bin/../lib/gcc/arm-none-eabi/4.7.3/../../../../arm-none-eabi/lib/armv7-m\libc_s.a(lib_a-reent.o)
 .debug_frame   0x00001d7c       0x20 c:/program files (x86)/cypress/psoc creator/3.0/psoc creator/import/gnu_cs/arm/4.7.3/bin/../lib/gcc/arm-none-eabi/4.7.3/../../../../arm-none-eabi/lib/armv7-m\libnosys.a(sbrk.o)

.debug_str      0x00000000     0x205c
 *(.debug_str)
 .debug_str     0x00000000      0x180 .\CortexM3\ARM_GCC_473\Debug\main.o
                                0x1c6 (size before relaxing)
 .debug_str     0x00000180       0x77 .\CortexM3\ARM_GCC_473\Debug\cymetadata.o
                                0x1d4 (size before relaxing)
 .debug_str     0x000001f7      0x113 .\CortexM3\ARM_GCC_473\Debug\Cm3Start.o
                                0x290 (size before relaxing)
 .debug_str     0x0000030a      0x157 .\CortexM3\ARM_GCC_473\Debug\TP_Sensor.a(cyfitter_cfg.o)
                                0x2e1 (size before relaxing)
 .debug_str     0x00000461       0x72 .\CortexM3\ARM_GCC_473\Debug\TP_Sensor.a(DieTemp.o)
                                0x20a (size before relaxing)
 .debug_str     0x000004d3      0x341 .\CortexM3\ARM_GCC_473\Debug\TP_Sensor.a(USBUART.o)
                                0x4ce (size before relaxing)
 .debug_str     0x00000814      0x2b1 .\CortexM3\ARM_GCC_473\Debug\TP_Sensor.a(USBUART_cdc.o)
                                0x4ca (size before relaxing)
 .debug_str     0x00000ac5      0x290 .\CortexM3\ARM_GCC_473\Debug\TP_Sensor.a(USBUART_drv.o)
                                0x5bb (size before relaxing)
 .debug_str     0x00000d55       0x82 .\CortexM3\ARM_GCC_473\Debug\TP_Sensor.a(USBUART_episr.o)
                                0x25e (size before relaxing)
 .debug_str     0x00000dd7      0x2c1 .\CortexM3\ARM_GCC_473\Debug\TP_Sensor.a(USBUART_std.o)
                                0x644 (size before relaxing)
 .debug_str     0x00001098       0x61 .\CortexM3\ARM_GCC_473\Debug\TP_Sensor.a(USBUART_vnd.o)
                                0x23b (size before relaxing)
 .debug_str     0x000010f9      0x20f .\CortexM3\ARM_GCC_473\Debug\TP_Sensor.a(LCD_Char_1.o)
                                0x392 (size before relaxing)
 .debug_str     0x00001308       0x56 .\CortexM3\ARM_GCC_473\Debug\TP_Sensor.a(LCD_Char_1_CustChars.o)
                                0x1d2 (size before relaxing)
 .debug_str     0x0000135e      0x61f .\CortexM3\ARM_GCC_473\Debug\TP_Sensor.a(CyLib.o)
                                0x7f6 (size before relaxing)
 .debug_str     0x0000197d      0x371 .\CortexM3\ARM_GCC_473\Debug\TP_Sensor.a(cyPm.o)
                                0x505 (size before relaxing)
 .debug_str     0x00001cee       0xfe .\CortexM3\ARM_GCC_473\Debug\TP_Sensor.a(CySpc.o)
                                0x2a7 (size before relaxing)
 .debug_str     0x00001dec       0x41 .\CortexM3\ARM_GCC_473\Debug\TP_Sensor.a(USBUART_cls.o)
                                0x253 (size before relaxing)
 .debug_str     0x00001e2d      0x106 .\CortexM3\ARM_GCC_473\Debug\TP_Sensor.a(USBUART_descr.o)
                                0x370 (size before relaxing)
 .debug_str     0x00001f33      0x129 .\CortexM3\ARM_GCC_473\Debug\TP_Sensor.a(CyFlash.o)
                                0x2cb (size before relaxing)

.debug_loc      0x00000000     0x2ae2
 *(.debug_loc)
 .debug_loc     0x00000000       0x3a .\CortexM3\ARM_GCC_473\Debug\main.o
 .debug_loc     0x0000003a      0x100 .\CortexM3\ARM_GCC_473\Debug\Cm3Start.o
 .debug_loc     0x0000013a      0x1f8 .\CortexM3\ARM_GCC_473\Debug\TP_Sensor.a(cyfitter_cfg.o)
 .debug_loc     0x00000332      0x10c .\CortexM3\ARM_GCC_473\Debug\TP_Sensor.a(DieTemp.o)
 .debug_loc     0x0000043e      0x404 .\CortexM3\ARM_GCC_473\Debug\TP_Sensor.a(USBUART.o)
 .debug_loc     0x00000842      0x3d4 .\CortexM3\ARM_GCC_473\Debug\TP_Sensor.a(USBUART_cdc.o)
 .debug_loc     0x00000c16      0x314 .\CortexM3\ARM_GCC_473\Debug\TP_Sensor.a(USBUART_drv.o)
 .debug_loc     0x00000f2a       0xdc .\CortexM3\ARM_GCC_473\Debug\TP_Sensor.a(USBUART_episr.o)
 .debug_loc     0x00001006      0x294 .\CortexM3\ARM_GCC_473\Debug\TP_Sensor.a(USBUART_std.o)
 .debug_loc     0x0000129a       0x38 .\CortexM3\ARM_GCC_473\Debug\TP_Sensor.a(USBUART_vnd.o)
 .debug_loc     0x000012d2      0x350 .\CortexM3\ARM_GCC_473\Debug\TP_Sensor.a(LCD_Char_1.o)
 .debug_loc     0x00001622       0x38 .\CortexM3\ARM_GCC_473\Debug\TP_Sensor.a(LCD_Char_1_CustChars.o)
 .debug_loc     0x0000165a      0xce0 .\CortexM3\ARM_GCC_473\Debug\TP_Sensor.a(CyLib.o)
 .debug_loc     0x0000233a      0x2e8 .\CortexM3\ARM_GCC_473\Debug\TP_Sensor.a(cyPm.o)
 .debug_loc     0x00002622      0x230 .\CortexM3\ARM_GCC_473\Debug\TP_Sensor.a(CySpc.o)
 .debug_loc     0x00002852       0x38 .\CortexM3\ARM_GCC_473\Debug\TP_Sensor.a(USBUART_cls.o)
 .debug_loc     0x0000288a      0x258 .\CortexM3\ARM_GCC_473\Debug\TP_Sensor.a(CyFlash.o)

.debug_macinfo
 *(.debug_macinfo)

.debug_ranges   0x00000000      0x720
 *(.debug_ranges)
 .debug_ranges  0x00000000       0x10 .\CortexM3\ARM_GCC_473\Debug\main.o
 .debug_ranges  0x00000010       0x30 .\CortexM3\ARM_GCC_473\Debug\Cm3Start.o
 .debug_ranges  0x00000040       0x50 .\CortexM3\ARM_GCC_473\Debug\TP_Sensor.a(cyfitter_cfg.o)
 .debug_ranges  0x00000090       0x30 .\CortexM3\ARM_GCC_473\Debug\TP_Sensor.a(DieTemp.o)
 .debug_ranges  0x000000c0       0xa0 .\CortexM3\ARM_GCC_473\Debug\TP_Sensor.a(USBUART.o)
 .debug_ranges  0x00000160       0xa0 .\CortexM3\ARM_GCC_473\Debug\TP_Sensor.a(USBUART_cdc.o)
 .debug_ranges  0x00000200       0x88 .\CortexM3\ARM_GCC_473\Debug\TP_Sensor.a(USBUART_drv.o)
 .debug_ranges  0x00000288       0x30 .\CortexM3\ARM_GCC_473\Debug\TP_Sensor.a(USBUART_episr.o)
 .debug_ranges  0x000002b8       0x68 .\CortexM3\ARM_GCC_473\Debug\TP_Sensor.a(USBUART_std.o)
 .debug_ranges  0x00000320       0x10 .\CortexM3\ARM_GCC_473\Debug\TP_Sensor.a(USBUART_vnd.o)
 .debug_ranges  0x00000330       0x88 .\CortexM3\ARM_GCC_473\Debug\TP_Sensor.a(LCD_Char_1.o)
 .debug_ranges  0x000003b8       0x10 .\CortexM3\ARM_GCC_473\Debug\TP_Sensor.a(LCD_Char_1_CustChars.o)
 .debug_ranges  0x000003c8      0x208 .\CortexM3\ARM_GCC_473\Debug\TP_Sensor.a(CyLib.o)
 .debug_ranges  0x000005d0       0x80 .\CortexM3\ARM_GCC_473\Debug\TP_Sensor.a(cyPm.o)
 .debug_ranges  0x00000650       0x58 .\CortexM3\ARM_GCC_473\Debug\TP_Sensor.a(CySpc.o)
 .debug_ranges  0x000006a8       0x10 .\CortexM3\ARM_GCC_473\Debug\TP_Sensor.a(USBUART_cls.o)
 .debug_ranges  0x000006b8       0x68 .\CortexM3\ARM_GCC_473\Debug\TP_Sensor.a(CyFlash.o)

.comment        0x00000000       0x70
 .comment       0x00000000       0x70 .\CortexM3\ARM_GCC_473\Debug\main.o
                                 0x71 (size before relaxing)
 .comment       0x00000000       0x71 .\CortexM3\ARM_GCC_473\Debug\cymetadata.o
 .comment       0x00000000       0x71 .\CortexM3\ARM_GCC_473\Debug\Cm3Start.o
 .comment       0x00000000       0x71 .\CortexM3\ARM_GCC_473\Debug\TP_Sensor.a(cyfitter_cfg.o)
 .comment       0x00000000       0x71 .\CortexM3\ARM_GCC_473\Debug\TP_Sensor.a(DieTemp.o)
 .comment       0x00000000       0x71 .\CortexM3\ARM_GCC_473\Debug\TP_Sensor.a(USBUART.o)
 .comment       0x00000000       0x71 .\CortexM3\ARM_GCC_473\Debug\TP_Sensor.a(USBUART_cdc.o)
 .comment       0x00000000       0x71 .\CortexM3\ARM_GCC_473\Debug\TP_Sensor.a(USBUART_drv.o)
 .comment       0x00000000       0x71 .\CortexM3\ARM_GCC_473\Debug\TP_Sensor.a(USBUART_episr.o)
 .comment       0x00000000       0x71 .\CortexM3\ARM_GCC_473\Debug\TP_Sensor.a(USBUART_std.o)
 .comment       0x00000000       0x71 .\CortexM3\ARM_GCC_473\Debug\TP_Sensor.a(USBUART_vnd.o)
 .comment       0x00000000       0x71 .\CortexM3\ARM_GCC_473\Debug\TP_Sensor.a(LCD_Char_1.o)
 .comment       0x00000000       0x71 .\CortexM3\ARM_GCC_473\Debug\TP_Sensor.a(LCD_Char_1_CustChars.o)
 .comment       0x00000000       0x71 .\CortexM3\ARM_GCC_473\Debug\TP_Sensor.a(CyLib.o)
 .comment       0x00000000       0x71 .\CortexM3\ARM_GCC_473\Debug\TP_Sensor.a(cyPm.o)
 .comment       0x00000000       0x71 .\CortexM3\ARM_GCC_473\Debug\TP_Sensor.a(CySpc.o)
 .comment       0x00000000       0x71 .\CortexM3\ARM_GCC_473\Debug\TP_Sensor.a(USBUART_cls.o)
 .comment       0x00000000       0x71 .\CortexM3\ARM_GCC_473\Debug\TP_Sensor.a(USBUART_descr.o)
 .comment       0x00000000       0x71 .\CortexM3\ARM_GCC_473\Debug\TP_Sensor.a(CyFlash.o)

.debug_weaknames
 *(.debug_weaknames)

.debug_funcnames
 *(.debug_funcnames)

.debug_typenames
 *(.debug_typenames)

.debug_varnames
 *(.debug_varnames)

.note.gnu.arm.ident
 *(.note.gnu.arm.ident)

.ARM.attributes
                0x00000000       0x29
 *(.ARM.attributes)
 .ARM.attributes
                0x00000000       0x1d c:/program files (x86)/cypress/psoc creator/3.0/psoc creator/import/gnu_cs/arm/4.7.3/bin/../lib/gcc/arm-none-eabi/4.7.3/armv7-m/crti.o
 .ARM.attributes
                0x0000001d       0x2d c:/program files (x86)/cypress/psoc creator/3.0/psoc creator/import/gnu_cs/arm/4.7.3/bin/../lib/gcc/arm-none-eabi/4.7.3/armv7-m/crtbegin.o
 .ARM.attributes
                0x0000004a       0x1b c:/program files (x86)/cypress/psoc creator/3.0/psoc creator/import/gnu_cs/arm/4.7.3/bin/../lib/gcc/arm-none-eabi/4.7.3/../../../../arm-none-eabi/lib/armv7-m/crt0.o
 .ARM.attributes
                0x00000065       0x33 .\CortexM3\ARM_GCC_473\Debug\main.o
 .ARM.attributes
                0x00000098       0x33 .\CortexM3\ARM_GCC_473\Debug\cymetadata.o
 .ARM.attributes
                0x000000cb       0x33 .\CortexM3\ARM_GCC_473\Debug\Cm3Start.o
 .ARM.attributes
                0x000000fe       0x33 .\CortexM3\ARM_GCC_473\Debug\TP_Sensor.a(cyfitter_cfg.o)
 .ARM.attributes
                0x00000131       0x33 .\CortexM3\ARM_GCC_473\Debug\TP_Sensor.a(DieTemp.o)
 .ARM.attributes
                0x00000164       0x33 .\CortexM3\ARM_GCC_473\Debug\TP_Sensor.a(USBUART.o)
 .ARM.attributes
                0x00000197       0x33 .\CortexM3\ARM_GCC_473\Debug\TP_Sensor.a(USBUART_cdc.o)
 .ARM.attributes
                0x000001ca       0x33 .\CortexM3\ARM_GCC_473\Debug\TP_Sensor.a(USBUART_drv.o)
 .ARM.attributes
                0x000001fd       0x33 .\CortexM3\ARM_GCC_473\Debug\TP_Sensor.a(USBUART_episr.o)
 .ARM.attributes
                0x00000230       0x33 .\CortexM3\ARM_GCC_473\Debug\TP_Sensor.a(USBUART_std.o)
 .ARM.attributes
                0x00000263       0x33 .\CortexM3\ARM_GCC_473\Debug\TP_Sensor.a(USBUART_vnd.o)
 .ARM.attributes
                0x00000296       0x33 .\CortexM3\ARM_GCC_473\Debug\TP_Sensor.a(LCD_Char_1.o)
 .ARM.attributes
                0x000002c9       0x33 .\CortexM3\ARM_GCC_473\Debug\TP_Sensor.a(LCD_Char_1_CustChars.o)
 .ARM.attributes
                0x000002fc       0x21 .\CortexM3\ARM_GCC_473\Debug\TP_Sensor.a(CyBootAsmGnu.o)
 .ARM.attributes
                0x0000031d       0x33 .\CortexM3\ARM_GCC_473\Debug\TP_Sensor.a(CyLib.o)
 .ARM.attributes
                0x00000350       0x33 .\CortexM3\ARM_GCC_473\Debug\TP_Sensor.a(cyPm.o)
 .ARM.attributes
                0x00000383       0x33 .\CortexM3\ARM_GCC_473\Debug\TP_Sensor.a(CySpc.o)
 .ARM.attributes
                0x000003b6       0x33 .\CortexM3\ARM_GCC_473\Debug\TP_Sensor.a(USBUART_cls.o)
 .ARM.attributes
                0x000003e9       0x33 .\CortexM3\ARM_GCC_473\Debug\TP_Sensor.a(USBUART_descr.o)
 .ARM.attributes
                0x0000041c       0x33 .\CortexM3\ARM_GCC_473\Debug\TP_Sensor.a(CyFlash.o)
 .ARM.attributes
                0x0000044f       0x2d c:/program files (x86)/cypress/psoc creator/3.0/psoc creator/import/gnu_cs/arm/4.7.3/bin/../lib/gcc/arm-none-eabi/4.7.3/../../../../arm-none-eabi/lib/armv7-m\libc_s.a(lib_a-__atexit2.o)
 .ARM.attributes
                0x0000047c       0x2d c:/program files (x86)/cypress/psoc creator/3.0/psoc creator/import/gnu_cs/arm/4.7.3/bin/../lib/gcc/arm-none-eabi/4.7.3/../../../../arm-none-eabi/lib/armv7-m\libc_s.a(lib_a-exit.o)
 .ARM.attributes
                0x000004a9       0x2d c:/program files (x86)/cypress/psoc creator/3.0/psoc creator/import/gnu_cs/arm/4.7.3/bin/../lib/gcc/arm-none-eabi/4.7.3/../../../../arm-none-eabi/lib/armv7-m\libc_s.a(lib_a-fini.o)
 .ARM.attributes
                0x000004d6       0x2d c:/program files (x86)/cypress/psoc creator/3.0/psoc creator/import/gnu_cs/arm/4.7.3/bin/../lib/gcc/arm-none-eabi/4.7.3/../../../../arm-none-eabi/lib/armv7-m\libc_s.a(lib_a-impure.o)
 .ARM.attributes
                0x00000503       0x2d c:/program files (x86)/cypress/psoc creator/3.0/psoc creator/import/gnu_cs/arm/4.7.3/bin/../lib/gcc/arm-none-eabi/4.7.3/../../../../arm-none-eabi/lib/armv7-m\libc_s.a(lib_a-init.o)
 .ARM.attributes
                0x00000530       0x2d c:/program files (x86)/cypress/psoc creator/3.0/psoc creator/import/gnu_cs/arm/4.7.3/bin/../lib/gcc/arm-none-eabi/4.7.3/../../../../arm-none-eabi/lib/armv7-m\libc_s.a(lib_a-memcpy.o)
 .ARM.attributes
                0x0000055d       0x2d c:/program files (x86)/cypress/psoc creator/3.0/psoc creator/import/gnu_cs/arm/4.7.3/bin/../lib/gcc/arm-none-eabi/4.7.3/../../../../arm-none-eabi/lib/armv7-m\libc_s.a(lib_a-memset.o)
 .ARM.attributes
                0x0000058a       0x2d c:/program files (x86)/cypress/psoc creator/3.0/psoc creator/import/gnu_cs/arm/4.7.3/bin/../lib/gcc/arm-none-eabi/4.7.3/../../../../arm-none-eabi/lib/armv7-m\libc_s.a(lib_a-sprintf.o)
 .ARM.attributes
                0x000005b7       0x2d c:/program files (x86)/cypress/psoc creator/3.0/psoc creator/import/gnu_cs/arm/4.7.3/bin/../lib/gcc/arm-none-eabi/4.7.3/../../../../arm-none-eabi/lib/armv7-m\libc_s.a(lib_a-svfprintf.o)
 .ARM.attributes
                0x000005e4       0x2d c:/program files (x86)/cypress/psoc creator/3.0/psoc creator/import/gnu_cs/arm/4.7.3/bin/../lib/gcc/arm-none-eabi/4.7.3/../../../../arm-none-eabi/lib/armv7-m\libc_s.a(lib_a-vfprintf_i.o)
 .ARM.attributes
                0x00000611       0x2d c:/program files (x86)/cypress/psoc creator/3.0/psoc creator/import/gnu_cs/arm/4.7.3/bin/../lib/gcc/arm-none-eabi/4.7.3/../../../../arm-none-eabi/lib/armv7-m\libc_s.a(lib_a-freer.o)
 .ARM.attributes
                0x0000063e       0x2d c:/program files (x86)/cypress/psoc creator/3.0/psoc creator/import/gnu_cs/arm/4.7.3/bin/../lib/gcc/arm-none-eabi/4.7.3/../../../../arm-none-eabi/lib/armv7-m\libc_s.a(lib_a-mallocr.o)
 .ARM.attributes
                0x0000066b       0x2d c:/program files (x86)/cypress/psoc creator/3.0/psoc creator/import/gnu_cs/arm/4.7.3/bin/../lib/gcc/arm-none-eabi/4.7.3/../../../../arm-none-eabi/lib/armv7-m\libc_s.a(lib_a-memchr.o)
 .ARM.attributes
                0x00000698       0x2d c:/program files (x86)/cypress/psoc creator/3.0/psoc creator/import/gnu_cs/arm/4.7.3/bin/../lib/gcc/arm-none-eabi/4.7.3/../../../../arm-none-eabi/lib/armv7-m\libc_s.a(lib_a-memmove.o)
 .ARM.attributes
                0x000006c5       0x2d c:/program files (x86)/cypress/psoc creator/3.0/psoc creator/import/gnu_cs/arm/4.7.3/bin/../lib/gcc/arm-none-eabi/4.7.3/../../../../arm-none-eabi/lib/armv7-m\libc_s.a(lib_a-reallocr.o)
 .ARM.attributes
                0x000006f2       0x2d c:/program files (x86)/cypress/psoc creator/3.0/psoc creator/import/gnu_cs/arm/4.7.3/bin/../lib/gcc/arm-none-eabi/4.7.3/../../../../arm-none-eabi/lib/armv7-m\libc_s.a(lib_a-sbrkr.o)
 .ARM.attributes
                0x0000071f       0x2d c:/program files (x86)/cypress/psoc creator/3.0/psoc creator/import/gnu_cs/arm/4.7.3/bin/../lib/gcc/arm-none-eabi/4.7.3/../../../../arm-none-eabi/lib/armv7-m\libc_s.a(lib_a-strlen.o)
 .ARM.attributes
                0x0000074c       0x2d c:/program files (x86)/cypress/psoc creator/3.0/psoc creator/import/gnu_cs/arm/4.7.3/bin/../lib/gcc/arm-none-eabi/4.7.3/../../../../arm-none-eabi/lib/armv7-m\libc_s.a(lib_a-msizer.o)
 .ARM.attributes
                0x00000779       0x2d c:/program files (x86)/cypress/psoc creator/3.0/psoc creator/import/gnu_cs/arm/4.7.3/bin/../lib/gcc/arm-none-eabi/4.7.3/../../../../arm-none-eabi/lib/armv7-m\libc_s.a(lib_a-reent.o)
 .ARM.attributes
                0x000007a6       0x2d c:/program files (x86)/cypress/psoc creator/3.0/psoc creator/import/gnu_cs/arm/4.7.3/bin/../lib/gcc/arm-none-eabi/4.7.3/armv7-m/crtend.o
 .ARM.attributes
                0x000007d3       0x1d c:/program files (x86)/cypress/psoc creator/3.0/psoc creator/import/gnu_cs/arm/4.7.3/bin/../lib/gcc/arm-none-eabi/4.7.3/armv7-m/crtn.o
 .ARM.attributes
                0x000007f0       0x2d c:/program files (x86)/cypress/psoc creator/3.0/psoc creator/import/gnu_cs/arm/4.7.3/bin/../lib/gcc/arm-none-eabi/4.7.3/../../../../arm-none-eabi/lib/armv7-m\libnosys.a(sbrk.o)

/DISCARD/
 *(.note.GNU-stack)
OUTPUT(.\CortexM3\ARM_GCC_473\Debug\TP_Sensor.elf elf32-littlearm)
