ARM GAS  C:\Users\VICTOR~1\AppData\Local\Temp\ccRHuCBB.s 			page 1


   1              		.syntax unified
   2              		.cpu cortex-m3
   3              		.fpu softvfp
   4              		.eabi_attribute 20, 1
   5              		.eabi_attribute 21, 1
   6              		.eabi_attribute 23, 3
   7              		.eabi_attribute 24, 1
   8              		.eabi_attribute 25, 1
   9              		.eabi_attribute 26, 1
  10              		.eabi_attribute 30, 6
  11              		.eabi_attribute 34, 1
  12              		.eabi_attribute 18, 4
  13              		.thumb
  14              		.file	"cyfitter_cfg.c"
  15              		.text
  16              	.Ltext0:
  17              		.cfi_sections	.debug_frame
  18              		.section	.text.CYMEMZERO,"ax",%progbits
  19              		.align	2
  20              		.thumb
  21              		.thumb_func
  22              		.type	CYMEMZERO, %function
  23              	CYMEMZERO:
  24              	.LFB0:
  25              		.file 1 ".\\Generated_Source\\PSoC5\\cyfitter_cfg.c"
   1:.\Generated_Source\PSoC5/cyfitter_cfg.c **** /*******************************************************************************
   2:.\Generated_Source\PSoC5/cyfitter_cfg.c **** * FILENAME: cyfitter_cfg.c
   3:.\Generated_Source\PSoC5/cyfitter_cfg.c **** * PSoC Creator  3.1 SP2
   4:.\Generated_Source\PSoC5/cyfitter_cfg.c **** *
   5:.\Generated_Source\PSoC5/cyfitter_cfg.c **** * Description:
   6:.\Generated_Source\PSoC5/cyfitter_cfg.c **** * This file is automatically generated by PSoC Creator with device 
   7:.\Generated_Source\PSoC5/cyfitter_cfg.c **** * initialization code.  Except for the user defined sections in
   8:.\Generated_Source\PSoC5/cyfitter_cfg.c **** * CyClockStartupError(), this file should not be modified.
   9:.\Generated_Source\PSoC5/cyfitter_cfg.c **** *
  10:.\Generated_Source\PSoC5/cyfitter_cfg.c **** ********************************************************************************
  11:.\Generated_Source\PSoC5/cyfitter_cfg.c **** * Copyright 2013, Cypress Semiconductor Corporation.  All rights reserved.
  12:.\Generated_Source\PSoC5/cyfitter_cfg.c **** * You may use this file only in accordance with the license, terms, conditions, 
  13:.\Generated_Source\PSoC5/cyfitter_cfg.c **** * disclaimers, and limitations in the end user license agreement accompanying 
  14:.\Generated_Source\PSoC5/cyfitter_cfg.c **** * the software package with which this file was provided.
  15:.\Generated_Source\PSoC5/cyfitter_cfg.c **** ********************************************************************************/
  16:.\Generated_Source\PSoC5/cyfitter_cfg.c **** 
  17:.\Generated_Source\PSoC5/cyfitter_cfg.c **** #include <string.h>
  18:.\Generated_Source\PSoC5/cyfitter_cfg.c **** #include <cytypes.h>
  19:.\Generated_Source\PSoC5/cyfitter_cfg.c **** #include <cydevice_trm.h>
  20:.\Generated_Source\PSoC5/cyfitter_cfg.c **** #include <cyfitter.h>
  21:.\Generated_Source\PSoC5/cyfitter_cfg.c **** #include <CyLib.h>
  22:.\Generated_Source\PSoC5/cyfitter_cfg.c **** #include <cyfitter_cfg.h>
  23:.\Generated_Source\PSoC5/cyfitter_cfg.c **** 
  24:.\Generated_Source\PSoC5/cyfitter_cfg.c **** #define CY_NEED_CYCLOCKSTARTUPERROR 1
  25:.\Generated_Source\PSoC5/cyfitter_cfg.c **** 
  26:.\Generated_Source\PSoC5/cyfitter_cfg.c **** 
  27:.\Generated_Source\PSoC5/cyfitter_cfg.c **** #if defined(__GNUC__) || defined(__ARMCC_VERSION)
  28:.\Generated_Source\PSoC5/cyfitter_cfg.c ****     #define CYPACKED 
  29:.\Generated_Source\PSoC5/cyfitter_cfg.c ****     #define CYPACKED_ATTR __attribute__ ((packed))
  30:.\Generated_Source\PSoC5/cyfitter_cfg.c ****     #define CYALIGNED __attribute__ ((aligned))
  31:.\Generated_Source\PSoC5/cyfitter_cfg.c ****     #define CY_CFG_UNUSED __attribute__ ((unused))
  32:.\Generated_Source\PSoC5/cyfitter_cfg.c ****     #define CY_CFG_SECTION __attribute__ ((section(".psocinit")))
ARM GAS  C:\Users\VICTOR~1\AppData\Local\Temp\ccRHuCBB.s 			page 2


  33:.\Generated_Source\PSoC5/cyfitter_cfg.c ****     
  34:.\Generated_Source\PSoC5/cyfitter_cfg.c ****     #if defined(__ARMCC_VERSION)
  35:.\Generated_Source\PSoC5/cyfitter_cfg.c ****         #define CY_CFG_MEMORY_BARRIER() __memory_changed()
  36:.\Generated_Source\PSoC5/cyfitter_cfg.c ****     #else
  37:.\Generated_Source\PSoC5/cyfitter_cfg.c ****         #define CY_CFG_MEMORY_BARRIER() __sync_synchronize()
  38:.\Generated_Source\PSoC5/cyfitter_cfg.c ****     #endif
  39:.\Generated_Source\PSoC5/cyfitter_cfg.c ****     
  40:.\Generated_Source\PSoC5/cyfitter_cfg.c **** #elif defined(__ICCARM__)
  41:.\Generated_Source\PSoC5/cyfitter_cfg.c ****     #include <intrinsics.h>
  42:.\Generated_Source\PSoC5/cyfitter_cfg.c **** 
  43:.\Generated_Source\PSoC5/cyfitter_cfg.c ****     #define CYPACKED __packed
  44:.\Generated_Source\PSoC5/cyfitter_cfg.c ****     #define CYPACKED_ATTR 
  45:.\Generated_Source\PSoC5/cyfitter_cfg.c ****     #define CYALIGNED _Pragma("data_alignment=4")
  46:.\Generated_Source\PSoC5/cyfitter_cfg.c ****     #define CY_CFG_UNUSED _Pragma("diag_suppress=Pe177")
  47:.\Generated_Source\PSoC5/cyfitter_cfg.c ****     #define CY_CFG_SECTION _Pragma("location=\".psocinit\"")
  48:.\Generated_Source\PSoC5/cyfitter_cfg.c ****     
  49:.\Generated_Source\PSoC5/cyfitter_cfg.c ****     #define CY_CFG_MEMORY_BARRIER() __DMB()
  50:.\Generated_Source\PSoC5/cyfitter_cfg.c ****     
  51:.\Generated_Source\PSoC5/cyfitter_cfg.c **** #else
  52:.\Generated_Source\PSoC5/cyfitter_cfg.c ****     #error Unsupported toolchain
  53:.\Generated_Source\PSoC5/cyfitter_cfg.c **** #endif
  54:.\Generated_Source\PSoC5/cyfitter_cfg.c **** 
  55:.\Generated_Source\PSoC5/cyfitter_cfg.c **** 
  56:.\Generated_Source\PSoC5/cyfitter_cfg.c **** CY_CFG_UNUSED
  57:.\Generated_Source\PSoC5/cyfitter_cfg.c **** static void CYMEMZERO(void *s, size_t n);
  58:.\Generated_Source\PSoC5/cyfitter_cfg.c **** CY_CFG_UNUSED
  59:.\Generated_Source\PSoC5/cyfitter_cfg.c **** static void CYMEMZERO(void *s, size_t n)
  60:.\Generated_Source\PSoC5/cyfitter_cfg.c **** {
  26              		.loc 1 60 0
  27              		.cfi_startproc
  28              		@ args = 0, pretend = 0, frame = 8
  29              		@ frame_needed = 1, uses_anonymous_args = 0
  30 0000 80B5     		push	{r7, lr}
  31              		.cfi_def_cfa_offset 8
  32              		.cfi_offset 7, -8
  33              		.cfi_offset 14, -4
  34 0002 82B0     		sub	sp, sp, #8
  35              		.cfi_def_cfa_offset 16
  36 0004 00AF     		add	r7, sp, #0
  37              		.cfi_def_cfa_register 7
  38 0006 7860     		str	r0, [r7, #4]
  39 0008 3960     		str	r1, [r7]
  61:.\Generated_Source\PSoC5/cyfitter_cfg.c **** 	(void)memset(s, 0, n);
  40              		.loc 1 61 0
  41 000a 7868     		ldr	r0, [r7, #4]
  42 000c 0021     		movs	r1, #0
  43 000e 3A68     		ldr	r2, [r7]
  44 0010 FFF7FEFF 		bl	memset
  62:.\Generated_Source\PSoC5/cyfitter_cfg.c **** }
  45              		.loc 1 62 0
  46 0014 0837     		adds	r7, r7, #8
  47 0016 BD46     		mov	sp, r7
  48              		@ sp needed
  49 0018 80BD     		pop	{r7, pc}
  50              		.cfi_endproc
  51              	.LFE0:
  52              		.size	CYMEMZERO, .-CYMEMZERO
ARM GAS  C:\Users\VICTOR~1\AppData\Local\Temp\ccRHuCBB.s 			page 3


  53 001a 00BF     		.section	.text.CYCONFIGCPY,"ax",%progbits
  54              		.align	2
  55              		.thumb
  56              		.thumb_func
  57              		.type	CYCONFIGCPY, %function
  58              	CYCONFIGCPY:
  59              	.LFB1:
  63:.\Generated_Source\PSoC5/cyfitter_cfg.c **** CY_CFG_UNUSED
  64:.\Generated_Source\PSoC5/cyfitter_cfg.c **** static void CYCONFIGCPY(void *dest, const void *src, size_t n);
  65:.\Generated_Source\PSoC5/cyfitter_cfg.c **** CY_CFG_UNUSED
  66:.\Generated_Source\PSoC5/cyfitter_cfg.c **** static void CYCONFIGCPY(void *dest, const void *src, size_t n)
  67:.\Generated_Source\PSoC5/cyfitter_cfg.c **** {
  60              		.loc 1 67 0
  61              		.cfi_startproc
  62              		@ args = 0, pretend = 0, frame = 16
  63              		@ frame_needed = 1, uses_anonymous_args = 0
  64 0000 80B5     		push	{r7, lr}
  65              		.cfi_def_cfa_offset 8
  66              		.cfi_offset 7, -8
  67              		.cfi_offset 14, -4
  68 0002 84B0     		sub	sp, sp, #16
  69              		.cfi_def_cfa_offset 24
  70 0004 00AF     		add	r7, sp, #0
  71              		.cfi_def_cfa_register 7
  72 0006 F860     		str	r0, [r7, #12]
  73 0008 B960     		str	r1, [r7, #8]
  74 000a 7A60     		str	r2, [r7, #4]
  68:.\Generated_Source\PSoC5/cyfitter_cfg.c **** 	(void)memcpy(dest, src, n);
  75              		.loc 1 68 0
  76 000c F868     		ldr	r0, [r7, #12]
  77 000e B968     		ldr	r1, [r7, #8]
  78 0010 7A68     		ldr	r2, [r7, #4]
  79 0012 FFF7FEFF 		bl	memcpy
  69:.\Generated_Source\PSoC5/cyfitter_cfg.c **** }
  80              		.loc 1 69 0
  81 0016 1037     		adds	r7, r7, #16
  82 0018 BD46     		mov	sp, r7
  83              		@ sp needed
  84 001a 80BD     		pop	{r7, pc}
  85              		.cfi_endproc
  86              	.LFE1:
  87              		.size	CYCONFIGCPY, .-CYCONFIGCPY
  88              		.section	.text.CYCONFIGCPYCODE,"ax",%progbits
  89              		.align	2
  90              		.thumb
  91              		.thumb_func
  92              		.type	CYCONFIGCPYCODE, %function
  93              	CYCONFIGCPYCODE:
  94              	.LFB2:
  70:.\Generated_Source\PSoC5/cyfitter_cfg.c **** CY_CFG_UNUSED
  71:.\Generated_Source\PSoC5/cyfitter_cfg.c **** static void CYCONFIGCPYCODE(void *dest, const void *src, size_t n);
  72:.\Generated_Source\PSoC5/cyfitter_cfg.c **** CY_CFG_UNUSED
  73:.\Generated_Source\PSoC5/cyfitter_cfg.c **** static void CYCONFIGCPYCODE(void *dest, const void *src, size_t n)
  74:.\Generated_Source\PSoC5/cyfitter_cfg.c **** {
  95              		.loc 1 74 0
  96              		.cfi_startproc
  97              		@ args = 0, pretend = 0, frame = 16
ARM GAS  C:\Users\VICTOR~1\AppData\Local\Temp\ccRHuCBB.s 			page 4


  98              		@ frame_needed = 1, uses_anonymous_args = 0
  99 0000 80B5     		push	{r7, lr}
 100              		.cfi_def_cfa_offset 8
 101              		.cfi_offset 7, -8
 102              		.cfi_offset 14, -4
 103 0002 84B0     		sub	sp, sp, #16
 104              		.cfi_def_cfa_offset 24
 105 0004 00AF     		add	r7, sp, #0
 106              		.cfi_def_cfa_register 7
 107 0006 F860     		str	r0, [r7, #12]
 108 0008 B960     		str	r1, [r7, #8]
 109 000a 7A60     		str	r2, [r7, #4]
  75:.\Generated_Source\PSoC5/cyfitter_cfg.c **** 	(void)memcpy(dest, src, n);
 110              		.loc 1 75 0
 111 000c F868     		ldr	r0, [r7, #12]
 112 000e B968     		ldr	r1, [r7, #8]
 113 0010 7A68     		ldr	r2, [r7, #4]
 114 0012 FFF7FEFF 		bl	memcpy
  76:.\Generated_Source\PSoC5/cyfitter_cfg.c **** }
 115              		.loc 1 76 0
 116 0016 1037     		adds	r7, r7, #16
 117 0018 BD46     		mov	sp, r7
 118              		@ sp needed
 119 001a 80BD     		pop	{r7, pc}
 120              		.cfi_endproc
 121              	.LFE2:
 122              		.size	CYCONFIGCPYCODE, .-CYCONFIGCPYCODE
 123              		.section	.text.CyClockStartupError,"ax",%progbits
 124              		.align	2
 125              		.thumb
 126              		.thumb_func
 127              		.type	CyClockStartupError, %function
 128              	CyClockStartupError:
 129              	.LFB3:
  77:.\Generated_Source\PSoC5/cyfitter_cfg.c **** 
  78:.\Generated_Source\PSoC5/cyfitter_cfg.c **** 
  79:.\Generated_Source\PSoC5/cyfitter_cfg.c **** 
  80:.\Generated_Source\PSoC5/cyfitter_cfg.c **** /* Clock startup error codes                                                   */
  81:.\Generated_Source\PSoC5/cyfitter_cfg.c **** #define CYCLOCKSTART_NO_ERROR    0u
  82:.\Generated_Source\PSoC5/cyfitter_cfg.c **** #define CYCLOCKSTART_XTAL_ERROR  1u
  83:.\Generated_Source\PSoC5/cyfitter_cfg.c **** #define CYCLOCKSTART_32KHZ_ERROR 2u
  84:.\Generated_Source\PSoC5/cyfitter_cfg.c **** #define CYCLOCKSTART_PLL_ERROR   3u
  85:.\Generated_Source\PSoC5/cyfitter_cfg.c **** 
  86:.\Generated_Source\PSoC5/cyfitter_cfg.c **** #ifdef CY_NEED_CYCLOCKSTARTUPERROR
  87:.\Generated_Source\PSoC5/cyfitter_cfg.c **** /*******************************************************************************
  88:.\Generated_Source\PSoC5/cyfitter_cfg.c **** * Function Name: CyClockStartupError
  89:.\Generated_Source\PSoC5/cyfitter_cfg.c **** ********************************************************************************
  90:.\Generated_Source\PSoC5/cyfitter_cfg.c **** * Summary:
  91:.\Generated_Source\PSoC5/cyfitter_cfg.c **** *  If an error is encountered during clock configuration (crystal startup error,
  92:.\Generated_Source\PSoC5/cyfitter_cfg.c **** *  PLL lock error, etc.), the system will end up here.  Unless reimplemented by
  93:.\Generated_Source\PSoC5/cyfitter_cfg.c **** *  the customer, this function will stop in an infinite loop.
  94:.\Generated_Source\PSoC5/cyfitter_cfg.c **** *
  95:.\Generated_Source\PSoC5/cyfitter_cfg.c **** * Parameters:
  96:.\Generated_Source\PSoC5/cyfitter_cfg.c **** *   void
  97:.\Generated_Source\PSoC5/cyfitter_cfg.c **** *
  98:.\Generated_Source\PSoC5/cyfitter_cfg.c **** * Return:
  99:.\Generated_Source\PSoC5/cyfitter_cfg.c **** *   void
ARM GAS  C:\Users\VICTOR~1\AppData\Local\Temp\ccRHuCBB.s 			page 5


 100:.\Generated_Source\PSoC5/cyfitter_cfg.c **** *
 101:.\Generated_Source\PSoC5/cyfitter_cfg.c **** *******************************************************************************/
 102:.\Generated_Source\PSoC5/cyfitter_cfg.c **** CY_CFG_UNUSED
 103:.\Generated_Source\PSoC5/cyfitter_cfg.c **** static void CyClockStartupError(uint8 errorCode);
 104:.\Generated_Source\PSoC5/cyfitter_cfg.c **** CY_CFG_UNUSED
 105:.\Generated_Source\PSoC5/cyfitter_cfg.c **** static void CyClockStartupError(uint8 errorCode)
 106:.\Generated_Source\PSoC5/cyfitter_cfg.c **** {
 130              		.loc 1 106 0
 131              		.cfi_startproc
 132              		@ args = 0, pretend = 0, frame = 8
 133              		@ frame_needed = 1, uses_anonymous_args = 0
 134              		@ link register save eliminated.
 135 0000 80B4     		push	{r7}
 136              		.cfi_def_cfa_offset 4
 137              		.cfi_offset 7, -4
 138 0002 83B0     		sub	sp, sp, #12
 139              		.cfi_def_cfa_offset 16
 140 0004 00AF     		add	r7, sp, #0
 141              		.cfi_def_cfa_register 7
 142 0006 0346     		mov	r3, r0
 143 0008 FB71     		strb	r3, [r7, #7]
 144              	.L5:
 107:.\Generated_Source\PSoC5/cyfitter_cfg.c ****     /* To remove the compiler warning if errorCode not used.                */
 108:.\Generated_Source\PSoC5/cyfitter_cfg.c ****     errorCode = errorCode;
 109:.\Generated_Source\PSoC5/cyfitter_cfg.c **** 
 110:.\Generated_Source\PSoC5/cyfitter_cfg.c ****     /* `#START CyClockStartupError` */
 111:.\Generated_Source\PSoC5/cyfitter_cfg.c **** 
 112:.\Generated_Source\PSoC5/cyfitter_cfg.c ****     /* If we have a clock startup error (bad MHz crystal, PLL lock, etc.),  */
 113:.\Generated_Source\PSoC5/cyfitter_cfg.c ****     /* we will end up here to allow the customer to implement something to  */
 114:.\Generated_Source\PSoC5/cyfitter_cfg.c ****     /* deal with the clock condition.                                       */
 115:.\Generated_Source\PSoC5/cyfitter_cfg.c **** 
 116:.\Generated_Source\PSoC5/cyfitter_cfg.c ****     /* `#END` */
 117:.\Generated_Source\PSoC5/cyfitter_cfg.c **** 
 118:.\Generated_Source\PSoC5/cyfitter_cfg.c ****     /* If nothing else, stop here since the clocks have not started         */
 119:.\Generated_Source\PSoC5/cyfitter_cfg.c ****     /* correctly.                                                           */
 120:.\Generated_Source\PSoC5/cyfitter_cfg.c ****     while(1) {}
 145              		.loc 1 120 0 discriminator 1
 146 000a FEE7     		b	.L5
 147              		.cfi_endproc
 148              	.LFE3:
 149              		.size	CyClockStartupError, .-CyClockStartupError
 150              		.section	.text.cfg_write_bytes32,"ax",%progbits
 151              		.align	2
 152              		.thumb
 153              		.thumb_func
 154              		.type	cfg_write_bytes32, %function
 155              	cfg_write_bytes32:
 156              	.LFB4:
 121:.\Generated_Source\PSoC5/cyfitter_cfg.c **** }
 122:.\Generated_Source\PSoC5/cyfitter_cfg.c **** #endif
 123:.\Generated_Source\PSoC5/cyfitter_cfg.c **** 
 124:.\Generated_Source\PSoC5/cyfitter_cfg.c **** #define CY_CFG_BASE_ADDR_COUNT 12u
 125:.\Generated_Source\PSoC5/cyfitter_cfg.c **** CYPACKED typedef struct
 126:.\Generated_Source\PSoC5/cyfitter_cfg.c **** {
 127:.\Generated_Source\PSoC5/cyfitter_cfg.c **** 	uint8 offset;
 128:.\Generated_Source\PSoC5/cyfitter_cfg.c **** 	uint8 value;
 129:.\Generated_Source\PSoC5/cyfitter_cfg.c **** } CYPACKED_ATTR cy_cfg_addrvalue_t;
ARM GAS  C:\Users\VICTOR~1\AppData\Local\Temp\ccRHuCBB.s 			page 6


 130:.\Generated_Source\PSoC5/cyfitter_cfg.c **** 
 131:.\Generated_Source\PSoC5/cyfitter_cfg.c **** #define cy_cfg_addr_table ((const uint32 CYFAR *)0x48000000u)
 132:.\Generated_Source\PSoC5/cyfitter_cfg.c **** #define cy_cfg_data_table ((const cy_cfg_addrvalue_t CYFAR *)0x48000030u)
 133:.\Generated_Source\PSoC5/cyfitter_cfg.c **** 
 134:.\Generated_Source\PSoC5/cyfitter_cfg.c **** /* IOPINS0_0 Address: CYREG_PRT0_DM0 Size (bytes): 8 */
 135:.\Generated_Source\PSoC5/cyfitter_cfg.c **** #define BS_IOPINS0_0_VAL ((const uint8 CYFAR *)0x4800006Cu)
 136:.\Generated_Source\PSoC5/cyfitter_cfg.c **** 
 137:.\Generated_Source\PSoC5/cyfitter_cfg.c **** /* IOPINS0_8 Address: CYREG_PRT15_DR Size (bytes): 10 */
 138:.\Generated_Source\PSoC5/cyfitter_cfg.c **** #define BS_IOPINS0_8_VAL ((const uint8 CYFAR *)0x48000074u)
 139:.\Generated_Source\PSoC5/cyfitter_cfg.c **** 
 140:.\Generated_Source\PSoC5/cyfitter_cfg.c **** 
 141:.\Generated_Source\PSoC5/cyfitter_cfg.c **** /*******************************************************************************
 142:.\Generated_Source\PSoC5/cyfitter_cfg.c **** * Function Name: cfg_write_bytes32
 143:.\Generated_Source\PSoC5/cyfitter_cfg.c **** ********************************************************************************
 144:.\Generated_Source\PSoC5/cyfitter_cfg.c **** * Summary:
 145:.\Generated_Source\PSoC5/cyfitter_cfg.c **** *  This function is used for setting up the chip configuration areas that
 146:.\Generated_Source\PSoC5/cyfitter_cfg.c **** *  contain relatively sparse data.
 147:.\Generated_Source\PSoC5/cyfitter_cfg.c **** *
 148:.\Generated_Source\PSoC5/cyfitter_cfg.c **** * Parameters:
 149:.\Generated_Source\PSoC5/cyfitter_cfg.c **** *   void
 150:.\Generated_Source\PSoC5/cyfitter_cfg.c **** *
 151:.\Generated_Source\PSoC5/cyfitter_cfg.c **** * Return:
 152:.\Generated_Source\PSoC5/cyfitter_cfg.c **** *   void
 153:.\Generated_Source\PSoC5/cyfitter_cfg.c **** *
 154:.\Generated_Source\PSoC5/cyfitter_cfg.c **** *******************************************************************************/
 155:.\Generated_Source\PSoC5/cyfitter_cfg.c **** static void cfg_write_bytes32(const uint32 addr_table[], const cy_cfg_addrvalue_t data_table[]);
 156:.\Generated_Source\PSoC5/cyfitter_cfg.c **** static void cfg_write_bytes32(const uint32 addr_table[], const cy_cfg_addrvalue_t data_table[])
 157:.\Generated_Source\PSoC5/cyfitter_cfg.c **** {
 157              		.loc 1 157 0
 158              		.cfi_startproc
 159              		@ args = 0, pretend = 0, frame = 24
 160              		@ frame_needed = 1, uses_anonymous_args = 0
 161              		@ link register save eliminated.
 162 0000 80B4     		push	{r7}
 163              		.cfi_def_cfa_offset 4
 164              		.cfi_offset 7, -4
 165 0002 87B0     		sub	sp, sp, #28
 166              		.cfi_def_cfa_offset 32
 167 0004 00AF     		add	r7, sp, #0
 168              		.cfi_def_cfa_register 7
 169 0006 7860     		str	r0, [r7, #4]
 170 0008 3960     		str	r1, [r7]
 158:.\Generated_Source\PSoC5/cyfitter_cfg.c **** 	/* For 32-bit little-endian architectures */
 159:.\Generated_Source\PSoC5/cyfitter_cfg.c **** 	uint32 i, j = 0u;
 171              		.loc 1 159 0
 172 000a 0023     		movs	r3, #0
 173 000c 3B61     		str	r3, [r7, #16]
 160:.\Generated_Source\PSoC5/cyfitter_cfg.c **** 	for (i = 0u; i < CY_CFG_BASE_ADDR_COUNT; i++)
 174              		.loc 1 160 0
 175 000e 0023     		movs	r3, #0
 176 0010 7B61     		str	r3, [r7, #20]
 177 0012 26E0     		b	.L7
 178              	.L10:
 179              	.LBB2:
 161:.\Generated_Source\PSoC5/cyfitter_cfg.c **** 	{
 162:.\Generated_Source\PSoC5/cyfitter_cfg.c **** 		uint32 baseAddr = addr_table[i];
 180              		.loc 1 162 0
ARM GAS  C:\Users\VICTOR~1\AppData\Local\Temp\ccRHuCBB.s 			page 7


 181 0014 7B69     		ldr	r3, [r7, #20]
 182 0016 9B00     		lsls	r3, r3, #2
 183 0018 7A68     		ldr	r2, [r7, #4]
 184 001a 1344     		add	r3, r3, r2
 185 001c 1B68     		ldr	r3, [r3]
 186 001e BB60     		str	r3, [r7, #8]
 163:.\Generated_Source\PSoC5/cyfitter_cfg.c **** 		uint8 count = (uint8)baseAddr;
 187              		.loc 1 163 0
 188 0020 BB68     		ldr	r3, [r7, #8]
 189 0022 FB73     		strb	r3, [r7, #15]
 164:.\Generated_Source\PSoC5/cyfitter_cfg.c **** 		baseAddr &= 0xFFFFFF00u;
 190              		.loc 1 164 0
 191 0024 BB68     		ldr	r3, [r7, #8]
 192 0026 23F0FF03 		bic	r3, r3, #255
 193 002a BB60     		str	r3, [r7, #8]
 165:.\Generated_Source\PSoC5/cyfitter_cfg.c **** 		while (count != 0u)
 194              		.loc 1 165 0
 195 002c 13E0     		b	.L8
 196              	.L9:
 166:.\Generated_Source\PSoC5/cyfitter_cfg.c **** 		{
 167:.\Generated_Source\PSoC5/cyfitter_cfg.c **** 			CY_SET_XTND_REG8((void CYFAR *)(baseAddr + data_table[j].offset), data_table[j].value);
 197              		.loc 1 167 0
 198 002e 3B69     		ldr	r3, [r7, #16]
 199 0030 5B00     		lsls	r3, r3, #1
 200 0032 3A68     		ldr	r2, [r7]
 201 0034 1344     		add	r3, r3, r2
 202 0036 1B78     		ldrb	r3, [r3]	@ zero_extendqisi2
 203 0038 1A46     		mov	r2, r3
 204 003a BB68     		ldr	r3, [r7, #8]
 205 003c 1344     		add	r3, r3, r2
 206 003e 3A69     		ldr	r2, [r7, #16]
 207 0040 5200     		lsls	r2, r2, #1
 208 0042 3968     		ldr	r1, [r7]
 209 0044 0A44     		add	r2, r2, r1
 210 0046 5278     		ldrb	r2, [r2, #1]	@ zero_extendqisi2
 211 0048 1A70     		strb	r2, [r3]
 168:.\Generated_Source\PSoC5/cyfitter_cfg.c **** 			j++;
 212              		.loc 1 168 0
 213 004a 3B69     		ldr	r3, [r7, #16]
 214 004c 0133     		adds	r3, r3, #1
 215 004e 3B61     		str	r3, [r7, #16]
 169:.\Generated_Source\PSoC5/cyfitter_cfg.c **** 			count--;
 216              		.loc 1 169 0
 217 0050 FB7B     		ldrb	r3, [r7, #15]	@ zero_extendqisi2
 218 0052 013B     		subs	r3, r3, #1
 219 0054 FB73     		strb	r3, [r7, #15]
 220              	.L8:
 165:.\Generated_Source\PSoC5/cyfitter_cfg.c **** 		while (count != 0u)
 221              		.loc 1 165 0 discriminator 1
 222 0056 FB7B     		ldrb	r3, [r7, #15]	@ zero_extendqisi2
 223 0058 002B     		cmp	r3, #0
 224 005a E8D1     		bne	.L9
 225              	.LBE2:
 160:.\Generated_Source\PSoC5/cyfitter_cfg.c **** 	for (i = 0u; i < CY_CFG_BASE_ADDR_COUNT; i++)
 226              		.loc 1 160 0
 227 005c 7B69     		ldr	r3, [r7, #20]
 228 005e 0133     		adds	r3, r3, #1
ARM GAS  C:\Users\VICTOR~1\AppData\Local\Temp\ccRHuCBB.s 			page 8


 229 0060 7B61     		str	r3, [r7, #20]
 230              	.L7:
 160:.\Generated_Source\PSoC5/cyfitter_cfg.c **** 	for (i = 0u; i < CY_CFG_BASE_ADDR_COUNT; i++)
 231              		.loc 1 160 0 is_stmt 0 discriminator 1
 232 0062 7B69     		ldr	r3, [r7, #20]
 233 0064 0B2B     		cmp	r3, #11
 234 0066 D5D9     		bls	.L10
 170:.\Generated_Source\PSoC5/cyfitter_cfg.c **** 		}
 171:.\Generated_Source\PSoC5/cyfitter_cfg.c **** 	}
 172:.\Generated_Source\PSoC5/cyfitter_cfg.c **** }
 235              		.loc 1 172 0 is_stmt 1
 236 0068 1C37     		adds	r7, r7, #28
 237 006a BD46     		mov	sp, r7
 238              		@ sp needed
 239 006c 5DF8047B 		ldr	r7, [sp], #4
 240 0070 7047     		bx	lr
 241              		.cfi_endproc
 242              	.LFE4:
 243              		.size	cfg_write_bytes32, .-cfg_write_bytes32
 244 0072 00BF     		.section	.text.ClockSetup,"ax",%progbits
 245              		.align	2
 246              		.thumb
 247              		.thumb_func
 248              		.type	ClockSetup, %function
 249              	ClockSetup:
 250              	.LFB5:
 173:.\Generated_Source\PSoC5/cyfitter_cfg.c **** 
 174:.\Generated_Source\PSoC5/cyfitter_cfg.c **** /*******************************************************************************
 175:.\Generated_Source\PSoC5/cyfitter_cfg.c **** * Function Name: ClockSetup
 176:.\Generated_Source\PSoC5/cyfitter_cfg.c **** ********************************************************************************
 177:.\Generated_Source\PSoC5/cyfitter_cfg.c **** *
 178:.\Generated_Source\PSoC5/cyfitter_cfg.c **** * Summary:
 179:.\Generated_Source\PSoC5/cyfitter_cfg.c **** *  Performs the initialization of all of the clocks in the device based on the
 180:.\Generated_Source\PSoC5/cyfitter_cfg.c **** *  settings in the Clock tab of the DWR.  This includes enabling the requested
 181:.\Generated_Source\PSoC5/cyfitter_cfg.c **** *  clocks and setting the necessary dividers to produce the desired frequency. 
 182:.\Generated_Source\PSoC5/cyfitter_cfg.c **** *
 183:.\Generated_Source\PSoC5/cyfitter_cfg.c **** * Parameters:
 184:.\Generated_Source\PSoC5/cyfitter_cfg.c **** *  void
 185:.\Generated_Source\PSoC5/cyfitter_cfg.c **** *
 186:.\Generated_Source\PSoC5/cyfitter_cfg.c **** * Return:
 187:.\Generated_Source\PSoC5/cyfitter_cfg.c **** *  void
 188:.\Generated_Source\PSoC5/cyfitter_cfg.c **** *
 189:.\Generated_Source\PSoC5/cyfitter_cfg.c **** *******************************************************************************/
 190:.\Generated_Source\PSoC5/cyfitter_cfg.c **** static void ClockSetup(void);
 191:.\Generated_Source\PSoC5/cyfitter_cfg.c **** static void ClockSetup(void)
 192:.\Generated_Source\PSoC5/cyfitter_cfg.c **** {
 251              		.loc 1 192 0
 252              		.cfi_startproc
 253              		@ args = 0, pretend = 0, frame = 8
 254              		@ frame_needed = 1, uses_anonymous_args = 0
 255 0000 80B5     		push	{r7, lr}
 256              		.cfi_def_cfa_offset 8
 257              		.cfi_offset 7, -8
 258              		.cfi_offset 14, -4
 259 0002 82B0     		sub	sp, sp, #8
 260              		.cfi_def_cfa_offset 16
 261 0004 00AF     		add	r7, sp, #0
ARM GAS  C:\Users\VICTOR~1\AppData\Local\Temp\ccRHuCBB.s 			page 9


 262              		.cfi_def_cfa_register 7
 193:.\Generated_Source\PSoC5/cyfitter_cfg.c **** 	uint32 timeout;
 194:.\Generated_Source\PSoC5/cyfitter_cfg.c **** 	uint8 pllLock;
 195:.\Generated_Source\PSoC5/cyfitter_cfg.c **** 
 196:.\Generated_Source\PSoC5/cyfitter_cfg.c **** 
 197:.\Generated_Source\PSoC5/cyfitter_cfg.c **** 	/* Configure ILO based on settings from Clock DWR */
 198:.\Generated_Source\PSoC5/cyfitter_cfg.c **** 	CY_SET_XTND_REG8((void CYFAR *)(CYREG_SLOWCLK_ILO_CR0), 0x06u);
 263              		.loc 1 198 0
 264 0006 294B     		ldr	r3, .L16
 265 0008 0622     		movs	r2, #6
 266 000a 1A70     		strb	r2, [r3]
 199:.\Generated_Source\PSoC5/cyfitter_cfg.c **** 
 200:.\Generated_Source\PSoC5/cyfitter_cfg.c **** 	/* Configure IMO based on settings from Clock DWR */
 201:.\Generated_Source\PSoC5/cyfitter_cfg.c **** 	CY_SET_XTND_REG8((void CYFAR *)(CYREG_FASTCLK_IMO_CR), 0x52u);
 267              		.loc 1 201 0
 268 000c 284B     		ldr	r3, .L16+4
 269 000e 5222     		movs	r2, #82
 270 0010 1A70     		strb	r2, [r3]
 202:.\Generated_Source\PSoC5/cyfitter_cfg.c **** 	CY_SET_XTND_REG8((void CYFAR *)(CYREG_IMO_TR1), (CY_GET_XTND_REG8((void CYFAR *)CYREG_FLSHID_CUST_
 271              		.loc 1 202 0
 272 0012 284B     		ldr	r3, .L16+8
 273 0014 284A     		ldr	r2, .L16+12
 274 0016 1278     		ldrb	r2, [r2]
 275 0018 D2B2     		uxtb	r2, r2
 276 001a 1A70     		strb	r2, [r3]
 203:.\Generated_Source\PSoC5/cyfitter_cfg.c **** 
 204:.\Generated_Source\PSoC5/cyfitter_cfg.c **** 	/* Configure PLL based on settings from Clock DWR */
 205:.\Generated_Source\PSoC5/cyfitter_cfg.c **** 	CY_SET_XTND_REG16((void CYFAR *)(CYREG_FASTCLK_PLL_P), 0x0710u);
 277              		.loc 1 205 0
 278 001c 274B     		ldr	r3, .L16+16
 279 001e 4FF4E262 		mov	r2, #1808
 280 0022 1A80     		strh	r2, [r3]	@ movhi
 206:.\Generated_Source\PSoC5/cyfitter_cfg.c **** 	CY_SET_XTND_REG16((void CYFAR *)(CYREG_FASTCLK_PLL_CFG0), 0x1251u);
 281              		.loc 1 206 0
 282 0024 264B     		ldr	r3, .L16+20
 283 0026 41F25122 		movw	r2, #4689
 284 002a 1A80     		strh	r2, [r3]	@ movhi
 207:.\Generated_Source\PSoC5/cyfitter_cfg.c **** 	/* Wait up to 250us for the PLL to lock */
 208:.\Generated_Source\PSoC5/cyfitter_cfg.c **** 	pllLock = 0u;
 285              		.loc 1 208 0
 286 002c 0023     		movs	r3, #0
 287 002e FB70     		strb	r3, [r7, #3]
 209:.\Generated_Source\PSoC5/cyfitter_cfg.c **** 	for (timeout = 250u / 10u; (timeout > 0u) && (pllLock != 0x03u); timeout--)
 288              		.loc 1 209 0
 289 0030 1923     		movs	r3, #25
 290 0032 7B60     		str	r3, [r7, #4]
 291 0034 14E0     		b	.L12
 292              	.L14:
 210:.\Generated_Source\PSoC5/cyfitter_cfg.c **** 	{ 
 211:.\Generated_Source\PSoC5/cyfitter_cfg.c **** 		pllLock = 0x03u & ((uint8)((uint8)pllLock << 1) | ((CY_GET_XTND_REG8((void CYFAR *)CYREG_FASTCLK_
 293              		.loc 1 211 0 discriminator 1
 294 0036 FB78     		ldrb	r3, [r7, #3]
 295 0038 5B00     		lsls	r3, r3, #1
 296 003a DAB2     		uxtb	r2, r3
 297 003c 214B     		ldr	r3, .L16+24
 298 003e 1B78     		ldrb	r3, [r3]
 299 0040 DBB2     		uxtb	r3, r3
ARM GAS  C:\Users\VICTOR~1\AppData\Local\Temp\ccRHuCBB.s 			page 10


 300 0042 03F00103 		and	r3, r3, #1
 301 0046 DBB2     		uxtb	r3, r3
 302 0048 1343     		orrs	r3, r3, r2
 303 004a DBB2     		uxtb	r3, r3
 304 004c 03F00303 		and	r3, r3, #3
 305 0050 FB70     		strb	r3, [r7, #3]
 212:.\Generated_Source\PSoC5/cyfitter_cfg.c **** 		CyDelayCycles(10u * 48u); /* Delay 10us based on 48MHz clock */
 306              		.loc 1 212 0 discriminator 1
 307 0052 4FF4F070 		mov	r0, #480
 308 0056 FFF7FEFF 		bl	CyDelayCycles
 209:.\Generated_Source\PSoC5/cyfitter_cfg.c **** 	for (timeout = 250u / 10u; (timeout > 0u) && (pllLock != 0x03u); timeout--)
 309              		.loc 1 209 0 discriminator 1
 310 005a 7B68     		ldr	r3, [r7, #4]
 311 005c 013B     		subs	r3, r3, #1
 312 005e 7B60     		str	r3, [r7, #4]
 313              	.L12:
 314 0060 7B68     		ldr	r3, [r7, #4]
 315 0062 002B     		cmp	r3, #0
 316 0064 02D0     		beq	.L13
 209:.\Generated_Source\PSoC5/cyfitter_cfg.c **** 	for (timeout = 250u / 10u; (timeout > 0u) && (pllLock != 0x03u); timeout--)
 317              		.loc 1 209 0 is_stmt 0 discriminator 2
 318 0066 FB78     		ldrb	r3, [r7, #3]	@ zero_extendqisi2
 319 0068 032B     		cmp	r3, #3
 320 006a E4D1     		bne	.L14
 321              	.L13:
 213:.\Generated_Source\PSoC5/cyfitter_cfg.c **** 	}
 214:.\Generated_Source\PSoC5/cyfitter_cfg.c **** 	/* If we ran out of time the PLL didn't lock so go to the error function */
 215:.\Generated_Source\PSoC5/cyfitter_cfg.c **** 	if (timeout == 0u)
 322              		.loc 1 215 0 is_stmt 1
 323 006c 7B68     		ldr	r3, [r7, #4]
 324 006e 002B     		cmp	r3, #0
 325 0070 02D1     		bne	.L15
 216:.\Generated_Source\PSoC5/cyfitter_cfg.c **** 	{
 217:.\Generated_Source\PSoC5/cyfitter_cfg.c **** 		CyClockStartupError(CYCLOCKSTART_PLL_ERROR);
 326              		.loc 1 217 0
 327 0072 0320     		movs	r0, #3
 328 0074 FFF7FEFF 		bl	CyClockStartupError
 329              	.L15:
 218:.\Generated_Source\PSoC5/cyfitter_cfg.c **** 	}
 219:.\Generated_Source\PSoC5/cyfitter_cfg.c **** 
 220:.\Generated_Source\PSoC5/cyfitter_cfg.c **** 	/* Configure Bus/Master Clock based on settings from Clock DWR */
 221:.\Generated_Source\PSoC5/cyfitter_cfg.c **** 	CY_SET_XTND_REG16((void CYFAR *)(CYREG_CLKDIST_MSTR0), 0x0100u);
 330              		.loc 1 221 0
 331 0078 134B     		ldr	r3, .L16+28
 332 007a 4FF48072 		mov	r2, #256
 333 007e 1A80     		strh	r2, [r3]	@ movhi
 222:.\Generated_Source\PSoC5/cyfitter_cfg.c **** 	CY_SET_XTND_REG8((void CYFAR *)(CYREG_CLKDIST_MSTR0), 0x07u);
 334              		.loc 1 222 0
 335 0080 114B     		ldr	r3, .L16+28
 336 0082 0722     		movs	r2, #7
 337 0084 1A70     		strb	r2, [r3]
 223:.\Generated_Source\PSoC5/cyfitter_cfg.c **** 	CY_SET_XTND_REG8((void CYFAR *)(CYREG_CLKDIST_BCFG0), 0x00u);
 338              		.loc 1 223 0
 339 0086 114B     		ldr	r3, .L16+32
 340 0088 0022     		movs	r2, #0
 341 008a 1A70     		strb	r2, [r3]
 224:.\Generated_Source\PSoC5/cyfitter_cfg.c **** 	CY_SET_XTND_REG8((void CYFAR *)(CYREG_CLKDIST_BCFG2), 0x48u);
ARM GAS  C:\Users\VICTOR~1\AppData\Local\Temp\ccRHuCBB.s 			page 11


 342              		.loc 1 224 0
 343 008c 104B     		ldr	r3, .L16+36
 344 008e 4822     		movs	r2, #72
 345 0090 1A70     		strb	r2, [r3]
 225:.\Generated_Source\PSoC5/cyfitter_cfg.c **** 	CY_SET_XTND_REG8((void CYFAR *)(CYREG_CLKDIST_MSTR0), 0x00u);
 346              		.loc 1 225 0
 347 0092 0D4B     		ldr	r3, .L16+28
 348 0094 0022     		movs	r2, #0
 349 0096 1A70     		strb	r2, [r3]
 226:.\Generated_Source\PSoC5/cyfitter_cfg.c **** 
 227:.\Generated_Source\PSoC5/cyfitter_cfg.c **** 	/* Configure USB Clock based on settings from Clock DWR */
 228:.\Generated_Source\PSoC5/cyfitter_cfg.c **** 	CY_SET_XTND_REG8((void CYFAR *)(CYREG_CLKDIST_UCFG), 0x00u);
 350              		.loc 1 228 0
 351 0098 0E4B     		ldr	r3, .L16+40
 352 009a 0022     		movs	r2, #0
 353 009c 1A70     		strb	r2, [r3]
 229:.\Generated_Source\PSoC5/cyfitter_cfg.c **** 	CY_SET_XTND_REG8((void CYFAR *)(CYREG_CLKDIST_LD), 0x02u);
 354              		.loc 1 229 0
 355 009e 0E4B     		ldr	r3, .L16+44
 356 00a0 0222     		movs	r2, #2
 357 00a2 1A70     		strb	r2, [r3]
 230:.\Generated_Source\PSoC5/cyfitter_cfg.c **** }
 358              		.loc 1 230 0
 359 00a4 0837     		adds	r7, r7, #8
 360 00a6 BD46     		mov	sp, r7
 361              		@ sp needed
 362 00a8 80BD     		pop	{r7, pc}
 363              	.L17:
 364 00aa 00BF     		.align	2
 365              	.L16:
 366 00ac 00430040 		.word	1073758976
 367 00b0 00420040 		.word	1073758720
 368 00b4 A1460040 		.word	1073759905
 369 00b8 0F010049 		.word	1224737039
 370 00bc 22420040 		.word	1073758754
 371 00c0 20420040 		.word	1073758752
 372 00c4 25420040 		.word	1073758757
 373 00c8 04400040 		.word	1073758212
 374 00cc 06400040 		.word	1073758214
 375 00d0 08400040 		.word	1073758216
 376 00d4 09400040 		.word	1073758217
 377 00d8 01400040 		.word	1073758209
 378              		.cfi_endproc
 379              	.LFE5:
 380              		.size	ClockSetup, .-ClockSetup
 381              		.section	.text.AnalogSetDefault,"ax",%progbits
 382              		.align	2
 383              		.thumb
 384              		.thumb_func
 385              		.type	AnalogSetDefault, %function
 386              	AnalogSetDefault:
 387              	.LFB6:
 231:.\Generated_Source\PSoC5/cyfitter_cfg.c **** 
 232:.\Generated_Source\PSoC5/cyfitter_cfg.c **** 
 233:.\Generated_Source\PSoC5/cyfitter_cfg.c **** /* Analog API Functions */
 234:.\Generated_Source\PSoC5/cyfitter_cfg.c **** 
 235:.\Generated_Source\PSoC5/cyfitter_cfg.c **** 
ARM GAS  C:\Users\VICTOR~1\AppData\Local\Temp\ccRHuCBB.s 			page 12


 236:.\Generated_Source\PSoC5/cyfitter_cfg.c **** /*******************************************************************************
 237:.\Generated_Source\PSoC5/cyfitter_cfg.c **** * Function Name: AnalogSetDefault
 238:.\Generated_Source\PSoC5/cyfitter_cfg.c **** ********************************************************************************
 239:.\Generated_Source\PSoC5/cyfitter_cfg.c **** *
 240:.\Generated_Source\PSoC5/cyfitter_cfg.c **** * Summary:
 241:.\Generated_Source\PSoC5/cyfitter_cfg.c **** *  Sets up the analog portions of the chip to default values based on chip
 242:.\Generated_Source\PSoC5/cyfitter_cfg.c **** *  configuration options from the project.
 243:.\Generated_Source\PSoC5/cyfitter_cfg.c **** *
 244:.\Generated_Source\PSoC5/cyfitter_cfg.c **** * Parameters:
 245:.\Generated_Source\PSoC5/cyfitter_cfg.c **** *  void
 246:.\Generated_Source\PSoC5/cyfitter_cfg.c **** *
 247:.\Generated_Source\PSoC5/cyfitter_cfg.c **** * Return:
 248:.\Generated_Source\PSoC5/cyfitter_cfg.c **** *  void
 249:.\Generated_Source\PSoC5/cyfitter_cfg.c **** *
 250:.\Generated_Source\PSoC5/cyfitter_cfg.c **** *******************************************************************************/
 251:.\Generated_Source\PSoC5/cyfitter_cfg.c **** static void AnalogSetDefault(void);
 252:.\Generated_Source\PSoC5/cyfitter_cfg.c **** static void AnalogSetDefault(void)
 253:.\Generated_Source\PSoC5/cyfitter_cfg.c **** {
 388              		.loc 1 253 0
 389              		.cfi_startproc
 390              		@ args = 0, pretend = 0, frame = 8
 391              		@ frame_needed = 1, uses_anonymous_args = 0
 392              		@ link register save eliminated.
 393 0000 80B4     		push	{r7}
 394              		.cfi_def_cfa_offset 4
 395              		.cfi_offset 7, -4
 396 0002 83B0     		sub	sp, sp, #12
 397              		.cfi_def_cfa_offset 16
 398 0004 00AF     		add	r7, sp, #0
 399              		.cfi_def_cfa_register 7
 254:.\Generated_Source\PSoC5/cyfitter_cfg.c **** 	uint8 bg_xover_inl_trim = CY_GET_XTND_REG8((void CYFAR *)(CYREG_FLSHID_MFG_CFG_BG_XOVER_INL_TRIM +
 400              		.loc 1 254 0
 401 0006 0B4B     		ldr	r3, .L19
 402 0008 1B78     		ldrb	r3, [r3]
 403 000a FB71     		strb	r3, [r7, #7]
 255:.\Generated_Source\PSoC5/cyfitter_cfg.c **** 	CY_SET_XTND_REG8((void CYFAR *)(CYREG_BG_DFT0), (bg_xover_inl_trim & 0x07u));
 404              		.loc 1 255 0
 405 000c 0A4B     		ldr	r3, .L19+4
 406 000e FA79     		ldrb	r2, [r7, #7]
 407 0010 02F00702 		and	r2, r2, #7
 408 0014 D2B2     		uxtb	r2, r2
 409 0016 1A70     		strb	r2, [r3]
 256:.\Generated_Source\PSoC5/cyfitter_cfg.c **** 	CY_SET_XTND_REG8((void CYFAR *)(CYREG_BG_DFT1), ((bg_xover_inl_trim >> 4) & 0x0Fu));
 410              		.loc 1 256 0
 411 0018 084B     		ldr	r3, .L19+8
 412 001a FA79     		ldrb	r2, [r7, #7]	@ zero_extendqisi2
 413 001c 1209     		lsrs	r2, r2, #4
 414 001e D2B2     		uxtb	r2, r2
 415 0020 1A70     		strb	r2, [r3]
 257:.\Generated_Source\PSoC5/cyfitter_cfg.c **** 	CY_SET_XTND_REG8((void CYFAR *)CYREG_PUMP_CR0, 0x44u);
 416              		.loc 1 257 0
 417 0022 074B     		ldr	r3, .L19+12
 418 0024 4422     		movs	r2, #68
 419 0026 1A70     		strb	r2, [r3]
 258:.\Generated_Source\PSoC5/cyfitter_cfg.c **** }
 420              		.loc 1 258 0
 421 0028 0C37     		adds	r7, r7, #12
ARM GAS  C:\Users\VICTOR~1\AppData\Local\Temp\ccRHuCBB.s 			page 13


 422 002a BD46     		mov	sp, r7
 423              		@ sp needed
 424 002c 5DF8047B 		ldr	r7, [sp], #4
 425 0030 7047     		bx	lr
 426              	.L20:
 427 0032 00BF     		.align	2
 428              	.L19:
 429 0034 CF010049 		.word	1224737231
 430 0038 6E580040 		.word	1073764462
 431 003c 6F580040 		.word	1073764463
 432 0040 76580040 		.word	1073764470
 433              		.cfi_endproc
 434              	.LFE6:
 435              		.size	AnalogSetDefault, .-AnalogSetDefault
 436              		.section	.text.SetAnalogRoutingPumps,"ax",%progbits
 437              		.align	2
 438              		.global	SetAnalogRoutingPumps
 439              		.thumb
 440              		.thumb_func
 441              		.type	SetAnalogRoutingPumps, %function
 442              	SetAnalogRoutingPumps:
 443              	.LFB7:
 259:.\Generated_Source\PSoC5/cyfitter_cfg.c **** 
 260:.\Generated_Source\PSoC5/cyfitter_cfg.c **** 
 261:.\Generated_Source\PSoC5/cyfitter_cfg.c **** /*******************************************************************************
 262:.\Generated_Source\PSoC5/cyfitter_cfg.c **** * Function Name: SetAnalogRoutingPumps
 263:.\Generated_Source\PSoC5/cyfitter_cfg.c **** ********************************************************************************
 264:.\Generated_Source\PSoC5/cyfitter_cfg.c **** *
 265:.\Generated_Source\PSoC5/cyfitter_cfg.c **** * Summary:
 266:.\Generated_Source\PSoC5/cyfitter_cfg.c **** * Enables or disables the analog pumps feeding analog routing switches.
 267:.\Generated_Source\PSoC5/cyfitter_cfg.c **** * Intended to be called at startup, based on the Vdda system configuration;
 268:.\Generated_Source\PSoC5/cyfitter_cfg.c **** * may be called during operation when the user informs us that the Vdda voltage
 269:.\Generated_Source\PSoC5/cyfitter_cfg.c **** * crossed the pump threshold.
 270:.\Generated_Source\PSoC5/cyfitter_cfg.c **** *
 271:.\Generated_Source\PSoC5/cyfitter_cfg.c **** * Parameters:
 272:.\Generated_Source\PSoC5/cyfitter_cfg.c **** *  enabled - 1 to enable the pumps, 0 to disable the pumps
 273:.\Generated_Source\PSoC5/cyfitter_cfg.c **** *
 274:.\Generated_Source\PSoC5/cyfitter_cfg.c **** * Return:
 275:.\Generated_Source\PSoC5/cyfitter_cfg.c **** *  void
 276:.\Generated_Source\PSoC5/cyfitter_cfg.c **** *
 277:.\Generated_Source\PSoC5/cyfitter_cfg.c **** *******************************************************************************/
 278:.\Generated_Source\PSoC5/cyfitter_cfg.c **** void SetAnalogRoutingPumps(uint8 enabled)
 279:.\Generated_Source\PSoC5/cyfitter_cfg.c **** {
 444              		.loc 1 279 0
 445              		.cfi_startproc
 446              		@ args = 0, pretend = 0, frame = 16
 447              		@ frame_needed = 1, uses_anonymous_args = 0
 448              		@ link register save eliminated.
 449 0000 80B4     		push	{r7}
 450              		.cfi_def_cfa_offset 4
 451              		.cfi_offset 7, -4
 452 0002 85B0     		sub	sp, sp, #20
 453              		.cfi_def_cfa_offset 24
 454 0004 00AF     		add	r7, sp, #0
 455              		.cfi_def_cfa_register 7
 456 0006 0346     		mov	r3, r0
 457 0008 FB71     		strb	r3, [r7, #7]
ARM GAS  C:\Users\VICTOR~1\AppData\Local\Temp\ccRHuCBB.s 			page 14


 280:.\Generated_Source\PSoC5/cyfitter_cfg.c **** 	uint8 regValue = CY_GET_XTND_REG8((void CYFAR *)CYREG_PUMP_CR0);
 458              		.loc 1 280 0
 459 000a 064B     		ldr	r3, .L24
 460 000c 1B78     		ldrb	r3, [r3]
 461 000e FB73     		strb	r3, [r7, #15]
 281:.\Generated_Source\PSoC5/cyfitter_cfg.c **** 	if (enabled != 0u)
 462              		.loc 1 281 0
 463 0010 FB79     		ldrb	r3, [r7, #7]	@ zero_extendqisi2
 464 0012 002B     		cmp	r3, #0
 282:.\Generated_Source\PSoC5/cyfitter_cfg.c **** 	{
 283:.\Generated_Source\PSoC5/cyfitter_cfg.c **** 		regValue |= 0x00u;
 284:.\Generated_Source\PSoC5/cyfitter_cfg.c **** 	}
 285:.\Generated_Source\PSoC5/cyfitter_cfg.c **** 	else
 286:.\Generated_Source\PSoC5/cyfitter_cfg.c **** 	{
 287:.\Generated_Source\PSoC5/cyfitter_cfg.c **** 		regValue &= (uint8)~0x00u;
 288:.\Generated_Source\PSoC5/cyfitter_cfg.c **** 	}
 289:.\Generated_Source\PSoC5/cyfitter_cfg.c **** 	CY_SET_XTND_REG8((void CYFAR *)CYREG_PUMP_CR0, regValue);
 465              		.loc 1 289 0
 466 0014 034B     		ldr	r3, .L24
 467 0016 FA7B     		ldrb	r2, [r7, #15]
 468 0018 1A70     		strb	r2, [r3]
 290:.\Generated_Source\PSoC5/cyfitter_cfg.c **** }
 469              		.loc 1 290 0
 470 001a 1437     		adds	r7, r7, #20
 471 001c BD46     		mov	sp, r7
 472              		@ sp needed
 473 001e 5DF8047B 		ldr	r7, [sp], #4
 474 0022 7047     		bx	lr
 475              	.L25:
 476              		.align	2
 477              	.L24:
 478 0024 76580040 		.word	1073764470
 479              		.cfi_endproc
 480              	.LFE7:
 481              		.size	SetAnalogRoutingPumps, .-SetAnalogRoutingPumps
 482              		.section	.text.cyfitter_cfg,"ax",%progbits
 483              		.align	2
 484              		.global	cyfitter_cfg
 485              		.thumb
 486              		.thumb_func
 487              		.type	cyfitter_cfg, %function
 488              	cyfitter_cfg:
 489              	.LFB8:
 291:.\Generated_Source\PSoC5/cyfitter_cfg.c **** 
 292:.\Generated_Source\PSoC5/cyfitter_cfg.c **** #define CY_AMUX_UNUSED CYREG_BOOST_SR
 293:.\Generated_Source\PSoC5/cyfitter_cfg.c **** 
 294:.\Generated_Source\PSoC5/cyfitter_cfg.c **** 
 295:.\Generated_Source\PSoC5/cyfitter_cfg.c **** /*******************************************************************************
 296:.\Generated_Source\PSoC5/cyfitter_cfg.c **** * Function Name: cyfitter_cfg
 297:.\Generated_Source\PSoC5/cyfitter_cfg.c **** ********************************************************************************
 298:.\Generated_Source\PSoC5/cyfitter_cfg.c **** * Summary:
 299:.\Generated_Source\PSoC5/cyfitter_cfg.c **** *  This function is called by the start-up code for the selected device. It
 300:.\Generated_Source\PSoC5/cyfitter_cfg.c **** *  performs all of the necessary device configuration based on the design
 301:.\Generated_Source\PSoC5/cyfitter_cfg.c **** *  settings.  This includes settings from the Design Wide Resources (DWR) such
 302:.\Generated_Source\PSoC5/cyfitter_cfg.c **** *  as Clocks and Pins as well as any component configuration that is necessary.
 303:.\Generated_Source\PSoC5/cyfitter_cfg.c **** *
 304:.\Generated_Source\PSoC5/cyfitter_cfg.c **** * Parameters:  
ARM GAS  C:\Users\VICTOR~1\AppData\Local\Temp\ccRHuCBB.s 			page 15


 305:.\Generated_Source\PSoC5/cyfitter_cfg.c **** *   void
 306:.\Generated_Source\PSoC5/cyfitter_cfg.c **** *
 307:.\Generated_Source\PSoC5/cyfitter_cfg.c **** * Return:
 308:.\Generated_Source\PSoC5/cyfitter_cfg.c **** *   void
 309:.\Generated_Source\PSoC5/cyfitter_cfg.c **** *
 310:.\Generated_Source\PSoC5/cyfitter_cfg.c **** *******************************************************************************/
 311:.\Generated_Source\PSoC5/cyfitter_cfg.c **** 
 312:.\Generated_Source\PSoC5/cyfitter_cfg.c **** void cyfitter_cfg(void)
 313:.\Generated_Source\PSoC5/cyfitter_cfg.c **** {
 490              		.loc 1 313 0
 491              		.cfi_startproc
 492              		@ args = 0, pretend = 0, frame = 8
 493              		@ frame_needed = 1, uses_anonymous_args = 0
 494 0000 80B5     		push	{r7, lr}
 495              		.cfi_def_cfa_offset 8
 496              		.cfi_offset 7, -8
 497              		.cfi_offset 14, -4
 498 0002 82B0     		sub	sp, sp, #8
 499              		.cfi_def_cfa_offset 16
 500 0004 00AF     		add	r7, sp, #0
 501              		.cfi_def_cfa_register 7
 314:.\Generated_Source\PSoC5/cyfitter_cfg.c **** #ifdef CYGlobalIntDisable
 315:.\Generated_Source\PSoC5/cyfitter_cfg.c **** 	/* Disable interrupts by default. Let user enable if/when they want. */
 316:.\Generated_Source\PSoC5/cyfitter_cfg.c **** 	CYGlobalIntDisable
 502              		.loc 1 316 0
 503              	@ 316 ".\Generated_Source\PSoC5\cyfitter_cfg.c" 1
 504 0006 72B6     		CPSID   i
 505              	@ 0 "" 2
 317:.\Generated_Source\PSoC5/cyfitter_cfg.c **** #endif
 318:.\Generated_Source\PSoC5/cyfitter_cfg.c **** 
 319:.\Generated_Source\PSoC5/cyfitter_cfg.c **** 	/* Enable/Disable Debug functionality based on settings from System DWR */
 320:.\Generated_Source\PSoC5/cyfitter_cfg.c **** 	CY_SET_XTND_REG8((void CYFAR *)CYREG_MLOGIC_DEBUG, (CY_GET_XTND_REG8((void CYFAR *)CYREG_MLOGIC_DE
 506              		.loc 1 320 0
 507              		.thumb
 508 0008 354B     		ldr	r3, .L29
 509 000a 354A     		ldr	r2, .L29
 510 000c 1278     		ldrb	r2, [r2]
 511 000e D2B2     		uxtb	r2, r2
 512 0010 42F00402 		orr	r2, r2, #4
 513 0014 D2B2     		uxtb	r2, r2
 514 0016 1A70     		strb	r2, [r3]
 515              	.LBB3:
 321:.\Generated_Source\PSoC5/cyfitter_cfg.c **** 
 322:.\Generated_Source\PSoC5/cyfitter_cfg.c **** 	{
 323:.\Generated_Source\PSoC5/cyfitter_cfg.c **** 
 324:.\Generated_Source\PSoC5/cyfitter_cfg.c **** 		CYPACKED typedef struct {
 325:.\Generated_Source\PSoC5/cyfitter_cfg.c **** 			void CYFAR *address;
 326:.\Generated_Source\PSoC5/cyfitter_cfg.c **** 			uint16 size;
 327:.\Generated_Source\PSoC5/cyfitter_cfg.c **** 		} CYPACKED_ATTR cfg_memset_t;
 328:.\Generated_Source\PSoC5/cyfitter_cfg.c **** 
 329:.\Generated_Source\PSoC5/cyfitter_cfg.c **** 		static const cfg_memset_t CYCODE cfg_memset_list [] = {
 330:.\Generated_Source\PSoC5/cyfitter_cfg.c **** 			/* address, size */
 331:.\Generated_Source\PSoC5/cyfitter_cfg.c **** 			{(void CYFAR *)(CYREG_PRT1_DR), 96u},
 332:.\Generated_Source\PSoC5/cyfitter_cfg.c **** 			{(void CYFAR *)(CYREG_PRT12_DR), 16u},
 333:.\Generated_Source\PSoC5/cyfitter_cfg.c **** 			{(void CYFAR *)(CYDEV_UCFG_B0_P0_U0_BASE), 4096u},
 334:.\Generated_Source\PSoC5/cyfitter_cfg.c **** 			{(void CYFAR *)(CYDEV_UCFG_B1_P2_U0_BASE), 2048u},
 335:.\Generated_Source\PSoC5/cyfitter_cfg.c **** 			{(void CYFAR *)(CYDEV_UCFG_DSI0_BASE), 2560u},
ARM GAS  C:\Users\VICTOR~1\AppData\Local\Temp\ccRHuCBB.s 			page 16


 336:.\Generated_Source\PSoC5/cyfitter_cfg.c **** 			{(void CYFAR *)(CYDEV_UCFG_DSI12_BASE), 512u},
 337:.\Generated_Source\PSoC5/cyfitter_cfg.c **** 			{(void CYFAR *)(CYREG_BCTL0_MDCLK_EN), 32u},
 338:.\Generated_Source\PSoC5/cyfitter_cfg.c **** 		};
 339:.\Generated_Source\PSoC5/cyfitter_cfg.c **** 
 340:.\Generated_Source\PSoC5/cyfitter_cfg.c **** 		uint8 CYDATA i;
 341:.\Generated_Source\PSoC5/cyfitter_cfg.c **** 
 342:.\Generated_Source\PSoC5/cyfitter_cfg.c **** 		/* Zero out critical memory blocks before beginning configuration */
 343:.\Generated_Source\PSoC5/cyfitter_cfg.c **** 		for (i = 0u; i < (sizeof(cfg_memset_list)/sizeof(cfg_memset_list[0])); i++)
 516              		.loc 1 343 0
 517 0018 0023     		movs	r3, #0
 518 001a FB71     		strb	r3, [r7, #7]
 519 001c 13E0     		b	.L27
 520              	.L28:
 521              	.LBB4:
 344:.\Generated_Source\PSoC5/cyfitter_cfg.c **** 		{
 345:.\Generated_Source\PSoC5/cyfitter_cfg.c **** 			const cfg_memset_t CYCODE * CYDATA ms = &cfg_memset_list[i];
 522              		.loc 1 345 0 discriminator 2
 523 001e FA79     		ldrb	r2, [r7, #7]	@ zero_extendqisi2
 524 0020 1346     		mov	r3, r2
 525 0022 5B00     		lsls	r3, r3, #1
 526 0024 1344     		add	r3, r3, r2
 527 0026 5B00     		lsls	r3, r3, #1
 528 0028 2E4A     		ldr	r2, .L29+4
 529 002a 1344     		add	r3, r3, r2
 530 002c 3B60     		str	r3, [r7]
 346:.\Generated_Source\PSoC5/cyfitter_cfg.c **** 			CYMEMZERO(ms->address, (size_t)(uint32)(ms->size));
 531              		.loc 1 346 0 discriminator 2
 532 002e 3B68     		ldr	r3, [r7]
 533 0030 1A68     		ldr	r2, [r3]	@ unaligned
 534 0032 3B68     		ldr	r3, [r7]
 535 0034 9B88     		ldrh	r3, [r3, #4]	@ unaligned
 536 0036 9BB2     		uxth	r3, r3
 537 0038 1046     		mov	r0, r2
 538 003a 1946     		mov	r1, r3
 539 003c FFF7FEFF 		bl	CYMEMZERO
 540              	.LBE4:
 343:.\Generated_Source\PSoC5/cyfitter_cfg.c **** 		for (i = 0u; i < (sizeof(cfg_memset_list)/sizeof(cfg_memset_list[0])); i++)
 541              		.loc 1 343 0 discriminator 2
 542 0040 FB79     		ldrb	r3, [r7, #7]	@ zero_extendqisi2
 543 0042 0133     		adds	r3, r3, #1
 544 0044 FB71     		strb	r3, [r7, #7]
 545              	.L27:
 343:.\Generated_Source\PSoC5/cyfitter_cfg.c **** 		for (i = 0u; i < (sizeof(cfg_memset_list)/sizeof(cfg_memset_list[0])); i++)
 546              		.loc 1 343 0 is_stmt 0 discriminator 1
 547 0046 FB79     		ldrb	r3, [r7, #7]	@ zero_extendqisi2
 548 0048 062B     		cmp	r3, #6
 549 004a E8D9     		bls	.L28
 347:.\Generated_Source\PSoC5/cyfitter_cfg.c **** 		}
 348:.\Generated_Source\PSoC5/cyfitter_cfg.c **** 
 349:.\Generated_Source\PSoC5/cyfitter_cfg.c **** 		cfg_write_bytes32(cy_cfg_addr_table, cy_cfg_data_table);
 550              		.loc 1 349 0 is_stmt 1
 551 004c 4FF09040 		mov	r0, #1207959552
 552 0050 2549     		ldr	r1, .L29+8
 553 0052 FFF7FEFF 		bl	cfg_write_bytes32
 350:.\Generated_Source\PSoC5/cyfitter_cfg.c **** 
 351:.\Generated_Source\PSoC5/cyfitter_cfg.c **** 		/* Enable digital routing */
 352:.\Generated_Source\PSoC5/cyfitter_cfg.c **** 		CY_SET_XTND_REG8((void CYFAR *)CYREG_BCTL0_BANK_CTL, CY_GET_XTND_REG8((void CYFAR *)CYREG_BCTL0_B
ARM GAS  C:\Users\VICTOR~1\AppData\Local\Temp\ccRHuCBB.s 			page 17


 554              		.loc 1 352 0
 555 0056 254B     		ldr	r3, .L29+12
 556 0058 244A     		ldr	r2, .L29+12
 557 005a 1278     		ldrb	r2, [r2]
 558 005c D2B2     		uxtb	r2, r2
 559 005e 42F00202 		orr	r2, r2, #2
 560 0062 D2B2     		uxtb	r2, r2
 561 0064 1A70     		strb	r2, [r3]
 353:.\Generated_Source\PSoC5/cyfitter_cfg.c **** 		CY_SET_XTND_REG8((void CYFAR *)CYREG_BCTL1_BANK_CTL, CY_GET_XTND_REG8((void CYFAR *)CYREG_BCTL1_B
 562              		.loc 1 353 0
 563 0066 224B     		ldr	r3, .L29+16
 564 0068 214A     		ldr	r2, .L29+16
 565 006a 1278     		ldrb	r2, [r2]
 566 006c D2B2     		uxtb	r2, r2
 567 006e 42F00202 		orr	r2, r2, #2
 568 0072 D2B2     		uxtb	r2, r2
 569 0074 1A70     		strb	r2, [r3]
 354:.\Generated_Source\PSoC5/cyfitter_cfg.c **** 
 355:.\Generated_Source\PSoC5/cyfitter_cfg.c **** 		/* Enable UDB array */
 356:.\Generated_Source\PSoC5/cyfitter_cfg.c **** 		CY_SET_XTND_REG8((void CYFAR *)CYREG_PM_ACT_CFG0, CY_GET_XTND_REG8((void CYFAR *)CYREG_PM_ACT_CFG
 570              		.loc 1 356 0
 571 0076 1F4B     		ldr	r3, .L29+20
 572 0078 1E4A     		ldr	r2, .L29+20
 573 007a 1278     		ldrb	r2, [r2]
 574 007c D2B2     		uxtb	r2, r2
 575 007e 42F04002 		orr	r2, r2, #64
 576 0082 D2B2     		uxtb	r2, r2
 577 0084 1A70     		strb	r2, [r3]
 357:.\Generated_Source\PSoC5/cyfitter_cfg.c **** 		CY_SET_XTND_REG8((void CYFAR *)CYREG_PM_AVAIL_CR2, CY_GET_XTND_REG8((void CYFAR *)CYREG_PM_AVAIL_
 578              		.loc 1 357 0
 579 0086 1C4B     		ldr	r3, .L29+24
 580 0088 1B4A     		ldr	r2, .L29+24
 581 008a 1278     		ldrb	r2, [r2]
 582 008c D2B2     		uxtb	r2, r2
 583 008e 42F01002 		orr	r2, r2, #16
 584 0092 D2B2     		uxtb	r2, r2
 585 0094 1A70     		strb	r2, [r3]
 586              	.LBE3:
 358:.\Generated_Source\PSoC5/cyfitter_cfg.c **** 	}
 359:.\Generated_Source\PSoC5/cyfitter_cfg.c **** 
 360:.\Generated_Source\PSoC5/cyfitter_cfg.c **** 	/* Perform second pass device configuration. These items must be configured in specific order afte
 361:.\Generated_Source\PSoC5/cyfitter_cfg.c **** 	CYCONFIGCPY((void CYFAR *)(CYREG_PRT0_DM0), (const void CYFAR *)(BS_IOPINS0_0_VAL), 8u);
 587              		.loc 1 361 0
 588 0096 1948     		ldr	r0, .L29+28
 589 0098 1949     		ldr	r1, .L29+32
 590 009a 0822     		movs	r2, #8
 591 009c FFF7FEFF 		bl	CYCONFIGCPY
 362:.\Generated_Source\PSoC5/cyfitter_cfg.c **** 	CYCONFIGCPY((void CYFAR *)(CYREG_PRT15_DR), (const void CYFAR *)(BS_IOPINS0_8_VAL), 10u);
 592              		.loc 1 362 0
 593 00a0 1848     		ldr	r0, .L29+36
 594 00a2 1949     		ldr	r1, .L29+40
 595 00a4 0A22     		movs	r2, #10
 596 00a6 FFF7FEFF 		bl	CYCONFIGCPY
 363:.\Generated_Source\PSoC5/cyfitter_cfg.c **** 
 364:.\Generated_Source\PSoC5/cyfitter_cfg.c **** 	/* Switch Boost to the precision bandgap reference from its internal reference */
 365:.\Generated_Source\PSoC5/cyfitter_cfg.c **** 	CY_SET_REG8((void CYXDATA *)CYREG_BOOST_CR2, (CY_GET_REG8((void CYXDATA *)CYREG_BOOST_CR2) | 0x08u
 597              		.loc 1 365 0
ARM GAS  C:\Users\VICTOR~1\AppData\Local\Temp\ccRHuCBB.s 			page 18


 598 00aa 184B     		ldr	r3, .L29+44
 599 00ac 174A     		ldr	r2, .L29+44
 600 00ae 1278     		ldrb	r2, [r2]
 601 00b0 D2B2     		uxtb	r2, r2
 602 00b2 42F00802 		orr	r2, r2, #8
 603 00b6 D2B2     		uxtb	r2, r2
 604 00b8 1A70     		strb	r2, [r3]
 366:.\Generated_Source\PSoC5/cyfitter_cfg.c **** 
 367:.\Generated_Source\PSoC5/cyfitter_cfg.c **** 	/* Set Flash Cycles based on max possible frequency in case a glitch occurs during ClockSetup(). *
 368:.\Generated_Source\PSoC5/cyfitter_cfg.c **** 	CY_SET_XTND_REG8((void CYFAR *)(CYREG_CACHE_CC_CTL), (((CYDEV_INSTRUCT_CACHE_ENABLED) != 0) ? 0x01
 605              		.loc 1 368 0
 606 00ba 154B     		ldr	r3, .L29+48
 607 00bc 0122     		movs	r2, #1
 608 00be 1A70     		strb	r2, [r3]
 369:.\Generated_Source\PSoC5/cyfitter_cfg.c **** 	/* Setup clocks based on selections from Clock DWR */
 370:.\Generated_Source\PSoC5/cyfitter_cfg.c **** 	ClockSetup();
 609              		.loc 1 370 0
 610 00c0 FFF7FEFF 		bl	ClockSetup
 371:.\Generated_Source\PSoC5/cyfitter_cfg.c **** 	/* Set Flash Cycles based on newly configured 48.00MHz Bus Clock. */
 372:.\Generated_Source\PSoC5/cyfitter_cfg.c **** 	CY_SET_XTND_REG8((void CYFAR *)(CYREG_CACHE_CC_CTL), (((CYDEV_INSTRUCT_CACHE_ENABLED) != 0) ? 0xC1
 611              		.loc 1 372 0
 612 00c4 124B     		ldr	r3, .L29+48
 613 00c6 C122     		movs	r2, #193
 614 00c8 1A70     		strb	r2, [r3]
 373:.\Generated_Source\PSoC5/cyfitter_cfg.c **** 
 374:.\Generated_Source\PSoC5/cyfitter_cfg.c **** 	/* Perform basic analog initialization to defaults */
 375:.\Generated_Source\PSoC5/cyfitter_cfg.c **** 	AnalogSetDefault();
 615              		.loc 1 375 0
 616 00ca FFF7FEFF 		bl	AnalogSetDefault
 376:.\Generated_Source\PSoC5/cyfitter_cfg.c **** 
 377:.\Generated_Source\PSoC5/cyfitter_cfg.c **** 	/* Configure alternate active mode */
 378:.\Generated_Source\PSoC5/cyfitter_cfg.c **** 	CYCONFIGCPY((void CYFAR *)CYDEV_PM_STBY_BASE, (const void CYFAR *)CYDEV_PM_ACT_BASE, 14u);
 617              		.loc 1 378 0
 618 00ce 1148     		ldr	r0, .L29+52
 619 00d0 0849     		ldr	r1, .L29+20
 620 00d2 0E22     		movs	r2, #14
 621 00d4 FFF7FEFF 		bl	CYCONFIGCPY
 379:.\Generated_Source\PSoC5/cyfitter_cfg.c **** }
 622              		.loc 1 379 0
 623 00d8 0837     		adds	r7, r7, #8
 624 00da BD46     		mov	sp, r7
 625              		@ sp needed
 626 00dc 80BD     		pop	{r7, pc}
 627              	.L30:
 628 00de 00BF     		.align	2
 629              	.L29:
 630 00e0 E8460040 		.word	1073759976
 631 00e4 00000000 		.word	cfg_memset_list.4839
 632 00e8 30000048 		.word	1207959600
 633 00ec 03500140 		.word	1073827843
 634 00f0 13500140 		.word	1073827859
 635 00f4 A0430040 		.word	1073759136
 636 00f8 C2430040 		.word	1073759170
 637 00fc 02510040 		.word	1073762562
 638 0100 6C000048 		.word	1207959660
 639 0104 F0510040 		.word	1073762800
 640 0108 74000048 		.word	1207959668
ARM GAS  C:\Users\VICTOR~1\AppData\Local\Temp\ccRHuCBB.s 			page 19


 641 010c 22430040 		.word	1073759010
 642 0110 00480040 		.word	1073760256
 643 0114 B0430040 		.word	1073759152
 644              		.cfi_endproc
 645              	.LFE8:
 646              		.size	cyfitter_cfg, .-cyfitter_cfg
 647              		.section	.rodata
 648              		.align	2
 649              		.type	cfg_memset_list.4839, %object
 650              		.size	cfg_memset_list.4839, 42
 651              	cfg_memset_list.4839:
 652 0000 10510040 		.word	1073762576
 653 0004 6000     		.short	96
 654 0006 C0510040 		.4byte	1073762752
 655 000a 1000     		.short	16
 656 000c 00000140 		.word	1073807360
 657 0010 0010     		.short	4096
 658 0012 00140140 		.4byte	1073812480
 659 0016 0008     		.short	2048
 660 0018 00400140 		.word	1073823744
 661 001c 000A     		.short	2560
 662 001e 004C0140 		.4byte	1073826816
 663 0022 0002     		.short	512
 664 0024 00500140 		.word	1073827840
 665 0028 2000     		.short	32
 666 002a 0000     		.text
 667              	.Letext0:
 668              		.file 2 "c:\\program files (x86)\\cypress\\psoc creator\\3.1\\psoc creator\\import\\gnu_cs\\arm\\4
 669              		.file 3 ".\\Generated_Source\\PSoC5/cytypes.h"
 670              		.section	.debug_info,"",%progbits
 671              	.Ldebug_info0:
 672 0000 88030000 		.4byte	0x388
 673 0004 0400     		.2byte	0x4
 674 0006 00000000 		.4byte	.Ldebug_abbrev0
 675 000a 04       		.byte	0x4
 676 000b 01       		.uleb128 0x1
 677 000c CE010000 		.4byte	.LASF44
 678 0010 01       		.byte	0x1
 679 0011 A3020000 		.4byte	.LASF45
 680 0015 94000000 		.4byte	.LASF46
 681 0019 00000000 		.4byte	.Ldebug_ranges0+0
 682 001d 00000000 		.4byte	0
 683 0021 00000000 		.4byte	.Ldebug_line0
 684 0025 02       		.uleb128 0x2
 685 0026 04       		.byte	0x4
 686 0027 05       		.byte	0x5
 687 0028 696E7400 		.ascii	"int\000"
 688 002c 03       		.uleb128 0x3
 689 002d 06000000 		.4byte	.LASF11
 690 0031 02       		.byte	0x2
 691 0032 D4       		.byte	0xd4
 692 0033 37000000 		.4byte	0x37
 693 0037 04       		.uleb128 0x4
 694 0038 04       		.byte	0x4
 695 0039 07       		.byte	0x7
 696 003a A2010000 		.4byte	.LASF0
 697 003e 04       		.uleb128 0x4
ARM GAS  C:\Users\VICTOR~1\AppData\Local\Temp\ccRHuCBB.s 			page 20


 698 003f 01       		.byte	0x1
 699 0040 06       		.byte	0x6
 700 0041 F3020000 		.4byte	.LASF1
 701 0045 04       		.uleb128 0x4
 702 0046 01       		.byte	0x1
 703 0047 08       		.byte	0x8
 704 0048 40010000 		.4byte	.LASF2
 705 004c 04       		.uleb128 0x4
 706 004d 02       		.byte	0x2
 707 004e 05       		.byte	0x5
 708 004f 99020000 		.4byte	.LASF3
 709 0053 04       		.uleb128 0x4
 710 0054 02       		.byte	0x2
 711 0055 07       		.byte	0x7
 712 0056 35000000 		.4byte	.LASF4
 713 005a 04       		.uleb128 0x4
 714 005b 04       		.byte	0x4
 715 005c 05       		.byte	0x5
 716 005d D3020000 		.4byte	.LASF5
 717 0061 04       		.uleb128 0x4
 718 0062 04       		.byte	0x4
 719 0063 07       		.byte	0x7
 720 0064 08010000 		.4byte	.LASF6
 721 0068 04       		.uleb128 0x4
 722 0069 08       		.byte	0x8
 723 006a 05       		.byte	0x5
 724 006b 69020000 		.4byte	.LASF7
 725 006f 04       		.uleb128 0x4
 726 0070 08       		.byte	0x8
 727 0071 07       		.byte	0x7
 728 0072 B7010000 		.4byte	.LASF8
 729 0076 04       		.uleb128 0x4
 730 0077 04       		.byte	0x4
 731 0078 07       		.byte	0x7
 732 0079 60020000 		.4byte	.LASF9
 733 007d 05       		.uleb128 0x5
 734 007e 04       		.byte	0x4
 735 007f 04       		.uleb128 0x4
 736 0080 01       		.byte	0x1
 737 0081 08       		.byte	0x8
 738 0082 DC020000 		.4byte	.LASF10
 739 0086 03       		.uleb128 0x3
 740 0087 1A010000 		.4byte	.LASF12
 741 008b 03       		.byte	0x3
 742 008c 5B       		.byte	0x5b
 743 008d 45000000 		.4byte	0x45
 744 0091 03       		.uleb128 0x3
 745 0092 7F010000 		.4byte	.LASF13
 746 0096 03       		.byte	0x3
 747 0097 5C       		.byte	0x5c
 748 0098 53000000 		.4byte	0x53
 749 009c 03       		.uleb128 0x3
 750 009d 9B010000 		.4byte	.LASF14
 751 00a1 03       		.byte	0x3
 752 00a2 5D       		.byte	0x5d
 753 00a3 61000000 		.4byte	0x61
 754 00a7 04       		.uleb128 0x4
ARM GAS  C:\Users\VICTOR~1\AppData\Local\Temp\ccRHuCBB.s 			page 21


 755 00a8 04       		.byte	0x4
 756 00a9 04       		.byte	0x4
 757 00aa 60000000 		.4byte	.LASF15
 758 00ae 04       		.uleb128 0x4
 759 00af 08       		.byte	0x8
 760 00b0 04       		.byte	0x4
 761 00b1 4E010000 		.4byte	.LASF16
 762 00b5 03       		.uleb128 0x3
 763 00b6 03010000 		.4byte	.LASF17
 764 00ba 03       		.byte	0x3
 765 00bb F0       		.byte	0xf0
 766 00bc C0000000 		.4byte	0xc0
 767 00c0 06       		.uleb128 0x6
 768 00c1 86000000 		.4byte	0x86
 769 00c5 03       		.uleb128 0x3
 770 00c6 00000000 		.4byte	.LASF18
 771 00ca 03       		.byte	0x3
 772 00cb F1       		.byte	0xf1
 773 00cc D0000000 		.4byte	0xd0
 774 00d0 06       		.uleb128 0x6
 775 00d1 91000000 		.4byte	0x91
 776 00d5 07       		.uleb128 0x7
 777 00d6 02       		.byte	0x2
 778 00d7 01       		.byte	0x1
 779 00d8 7D       		.byte	0x7d
 780 00d9 F6000000 		.4byte	0xf6
 781 00dd 08       		.uleb128 0x8
 782 00de 92020000 		.4byte	.LASF19
 783 00e2 01       		.byte	0x1
 784 00e3 7F       		.byte	0x7f
 785 00e4 86000000 		.4byte	0x86
 786 00e8 00       		.byte	0
 787 00e9 08       		.uleb128 0x8
 788 00ea 1E000000 		.4byte	.LASF20
 789 00ee 01       		.byte	0x1
 790 00ef 80       		.byte	0x80
 791 00f0 86000000 		.4byte	0x86
 792 00f4 01       		.byte	0x1
 793 00f5 00       		.byte	0
 794 00f6 03       		.uleb128 0x3
 795 00f7 7F020000 		.4byte	.LASF21
 796 00fb 01       		.byte	0x1
 797 00fc 81       		.byte	0x81
 798 00fd D5000000 		.4byte	0xd5
 799 0101 09       		.uleb128 0x9
 800 0102 20010000 		.4byte	.LASF22
 801 0106 01       		.byte	0x1
 802 0107 3B       		.byte	0x3b
 803 0108 00000000 		.4byte	.LFB0
 804 010c 1A000000 		.4byte	.LFE0-.LFB0
 805 0110 01       		.uleb128 0x1
 806 0111 9C       		.byte	0x9c
 807 0112 2F010000 		.4byte	0x12f
 808 0116 0A       		.uleb128 0xa
 809 0117 7300     		.ascii	"s\000"
 810 0119 01       		.byte	0x1
 811 011a 3B       		.byte	0x3b
ARM GAS  C:\Users\VICTOR~1\AppData\Local\Temp\ccRHuCBB.s 			page 22


 812 011b 7D000000 		.4byte	0x7d
 813 011f 02       		.uleb128 0x2
 814 0120 91       		.byte	0x91
 815 0121 74       		.sleb128 -12
 816 0122 0A       		.uleb128 0xa
 817 0123 6E00     		.ascii	"n\000"
 818 0125 01       		.byte	0x1
 819 0126 3B       		.byte	0x3b
 820 0127 2C000000 		.4byte	0x2c
 821 012b 02       		.uleb128 0x2
 822 012c 91       		.byte	0x91
 823 012d 70       		.sleb128 -16
 824 012e 00       		.byte	0
 825 012f 09       		.uleb128 0x9
 826 0130 08030000 		.4byte	.LASF23
 827 0134 01       		.byte	0x1
 828 0135 42       		.byte	0x42
 829 0136 00000000 		.4byte	.LFB1
 830 013a 1C000000 		.4byte	.LFE1-.LFB1
 831 013e 01       		.uleb128 0x1
 832 013f 9C       		.byte	0x9c
 833 0140 6D010000 		.4byte	0x16d
 834 0144 0B       		.uleb128 0xb
 835 0145 7A000000 		.4byte	.LASF24
 836 0149 01       		.byte	0x1
 837 014a 42       		.byte	0x42
 838 014b 7D000000 		.4byte	0x7d
 839 014f 02       		.uleb128 0x2
 840 0150 91       		.byte	0x91
 841 0151 74       		.sleb128 -12
 842 0152 0A       		.uleb128 0xa
 843 0153 73726300 		.ascii	"src\000"
 844 0157 01       		.byte	0x1
 845 0158 42       		.byte	0x42
 846 0159 6D010000 		.4byte	0x16d
 847 015d 02       		.uleb128 0x2
 848 015e 91       		.byte	0x91
 849 015f 70       		.sleb128 -16
 850 0160 0A       		.uleb128 0xa
 851 0161 6E00     		.ascii	"n\000"
 852 0163 01       		.byte	0x1
 853 0164 42       		.byte	0x42
 854 0165 2C000000 		.4byte	0x2c
 855 0169 02       		.uleb128 0x2
 856 016a 91       		.byte	0x91
 857 016b 6C       		.sleb128 -20
 858 016c 00       		.byte	0
 859 016d 0C       		.uleb128 0xc
 860 016e 04       		.byte	0x4
 861 016f 73010000 		.4byte	0x173
 862 0173 0D       		.uleb128 0xd
 863 0174 09       		.uleb128 0x9
 864 0175 48000000 		.4byte	.LASF25
 865 0179 01       		.byte	0x1
 866 017a 49       		.byte	0x49
 867 017b 00000000 		.4byte	.LFB2
 868 017f 1C000000 		.4byte	.LFE2-.LFB2
ARM GAS  C:\Users\VICTOR~1\AppData\Local\Temp\ccRHuCBB.s 			page 23


 869 0183 01       		.uleb128 0x1
 870 0184 9C       		.byte	0x9c
 871 0185 B2010000 		.4byte	0x1b2
 872 0189 0B       		.uleb128 0xb
 873 018a 7A000000 		.4byte	.LASF24
 874 018e 01       		.byte	0x1
 875 018f 49       		.byte	0x49
 876 0190 7D000000 		.4byte	0x7d
 877 0194 02       		.uleb128 0x2
 878 0195 91       		.byte	0x91
 879 0196 74       		.sleb128 -12
 880 0197 0A       		.uleb128 0xa
 881 0198 73726300 		.ascii	"src\000"
 882 019c 01       		.byte	0x1
 883 019d 49       		.byte	0x49
 884 019e 6D010000 		.4byte	0x16d
 885 01a2 02       		.uleb128 0x2
 886 01a3 91       		.byte	0x91
 887 01a4 70       		.sleb128 -16
 888 01a5 0A       		.uleb128 0xa
 889 01a6 6E00     		.ascii	"n\000"
 890 01a8 01       		.byte	0x1
 891 01a9 49       		.byte	0x49
 892 01aa 2C000000 		.4byte	0x2c
 893 01ae 02       		.uleb128 0x2
 894 01af 91       		.byte	0x91
 895 01b0 6C       		.sleb128 -20
 896 01b1 00       		.byte	0
 897 01b2 0E       		.uleb128 0xe
 898 01b3 66000000 		.4byte	.LASF26
 899 01b7 01       		.byte	0x1
 900 01b8 69       		.byte	0x69
 901 01b9 00000000 		.4byte	.LFB3
 902 01bd 0C000000 		.4byte	.LFE3-.LFB3
 903 01c1 01       		.uleb128 0x1
 904 01c2 9C       		.byte	0x9c
 905 01c3 D6010000 		.4byte	0x1d6
 906 01c7 0B       		.uleb128 0xb
 907 01c8 91010000 		.4byte	.LASF27
 908 01cc 01       		.byte	0x1
 909 01cd 69       		.byte	0x69
 910 01ce 86000000 		.4byte	0x86
 911 01d2 02       		.uleb128 0x2
 912 01d3 91       		.byte	0x91
 913 01d4 77       		.sleb128 -9
 914 01d5 00       		.byte	0
 915 01d6 0E       		.uleb128 0xe
 916 01d7 55010000 		.4byte	.LASF28
 917 01db 01       		.byte	0x1
 918 01dc 9C       		.byte	0x9c
 919 01dd 00000000 		.4byte	.LFB4
 920 01e1 72000000 		.4byte	.LFE4-.LFB4
 921 01e5 01       		.uleb128 0x1
 922 01e6 9C       		.byte	0x9c
 923 01e7 46020000 		.4byte	0x246
 924 01eb 0B       		.uleb128 0xb
 925 01ec 74010000 		.4byte	.LASF29
ARM GAS  C:\Users\VICTOR~1\AppData\Local\Temp\ccRHuCBB.s 			page 24


 926 01f0 01       		.byte	0x1
 927 01f1 9C       		.byte	0x9c
 928 01f2 46020000 		.4byte	0x246
 929 01f6 02       		.uleb128 0x2
 930 01f7 91       		.byte	0x91
 931 01f8 64       		.sleb128 -28
 932 01f9 0B       		.uleb128 0xb
 933 01fa 86010000 		.4byte	.LASF30
 934 01fe 01       		.byte	0x1
 935 01ff 9C       		.byte	0x9c
 936 0200 51020000 		.4byte	0x251
 937 0204 02       		.uleb128 0x2
 938 0205 91       		.byte	0x91
 939 0206 60       		.sleb128 -32
 940 0207 0F       		.uleb128 0xf
 941 0208 6900     		.ascii	"i\000"
 942 020a 01       		.byte	0x1
 943 020b 9F       		.byte	0x9f
 944 020c 9C000000 		.4byte	0x9c
 945 0210 02       		.uleb128 0x2
 946 0211 91       		.byte	0x91
 947 0212 74       		.sleb128 -12
 948 0213 0F       		.uleb128 0xf
 949 0214 6A00     		.ascii	"j\000"
 950 0216 01       		.byte	0x1
 951 0217 9F       		.byte	0x9f
 952 0218 9C000000 		.4byte	0x9c
 953 021c 02       		.uleb128 0x2
 954 021d 91       		.byte	0x91
 955 021e 70       		.sleb128 -16
 956 021f 10       		.uleb128 0x10
 957 0220 14000000 		.4byte	.LBB2
 958 0224 48000000 		.4byte	.LBE2-.LBB2
 959 0228 11       		.uleb128 0x11
 960 0229 57020000 		.4byte	.LASF31
 961 022d 01       		.byte	0x1
 962 022e A2       		.byte	0xa2
 963 022f 9C000000 		.4byte	0x9c
 964 0233 02       		.uleb128 0x2
 965 0234 91       		.byte	0x91
 966 0235 68       		.sleb128 -24
 967 0236 11       		.uleb128 0x11
 968 0237 24000000 		.4byte	.LASF32
 969 023b 01       		.byte	0x1
 970 023c A3       		.byte	0xa3
 971 023d 86000000 		.4byte	0x86
 972 0241 02       		.uleb128 0x2
 973 0242 91       		.byte	0x91
 974 0243 6F       		.sleb128 -17
 975 0244 00       		.byte	0
 976 0245 00       		.byte	0
 977 0246 0C       		.uleb128 0xc
 978 0247 04       		.byte	0x4
 979 0248 4C020000 		.4byte	0x24c
 980 024c 12       		.uleb128 0x12
 981 024d 9C000000 		.4byte	0x9c
 982 0251 0C       		.uleb128 0xc
ARM GAS  C:\Users\VICTOR~1\AppData\Local\Temp\ccRHuCBB.s 			page 25


 983 0252 04       		.byte	0x4
 984 0253 57020000 		.4byte	0x257
 985 0257 12       		.uleb128 0x12
 986 0258 F6000000 		.4byte	0xf6
 987 025c 09       		.uleb128 0x9
 988 025d 2A000000 		.4byte	.LASF33
 989 0261 01       		.byte	0x1
 990 0262 BF       		.byte	0xbf
 991 0263 00000000 		.4byte	.LFB5
 992 0267 DC000000 		.4byte	.LFE5-.LFB5
 993 026b 01       		.uleb128 0x1
 994 026c 9C       		.byte	0x9c
 995 026d 8E020000 		.4byte	0x28e
 996 0271 11       		.uleb128 0x11
 997 0272 77020000 		.4byte	.LASF34
 998 0276 01       		.byte	0x1
 999 0277 C1       		.byte	0xc1
 1000 0278 9C000000 		.4byte	0x9c
 1001 027c 02       		.uleb128 0x2
 1002 027d 91       		.byte	0x91
 1003 027e 74       		.sleb128 -12
 1004 027f 11       		.uleb128 0x11
 1005 0280 58000000 		.4byte	.LASF35
 1006 0284 01       		.byte	0x1
 1007 0285 C2       		.byte	0xc2
 1008 0286 86000000 		.4byte	0x86
 1009 028a 02       		.uleb128 0x2
 1010 028b 91       		.byte	0x91
 1011 028c 73       		.sleb128 -13
 1012 028d 00       		.byte	0
 1013 028e 0E       		.uleb128 0xe
 1014 028f 0D000000 		.4byte	.LASF36
 1015 0293 01       		.byte	0x1
 1016 0294 FC       		.byte	0xfc
 1017 0295 00000000 		.4byte	.LFB6
 1018 0299 44000000 		.4byte	.LFE6-.LFB6
 1019 029d 01       		.uleb128 0x1
 1020 029e 9C       		.byte	0x9c
 1021 029f B2020000 		.4byte	0x2b2
 1022 02a3 11       		.uleb128 0x11
 1023 02a4 E1020000 		.4byte	.LASF37
 1024 02a8 01       		.byte	0x1
 1025 02a9 FE       		.byte	0xfe
 1026 02aa 86000000 		.4byte	0x86
 1027 02ae 02       		.uleb128 0x2
 1028 02af 91       		.byte	0x91
 1029 02b0 77       		.sleb128 -9
 1030 02b1 00       		.byte	0
 1031 02b2 13       		.uleb128 0x13
 1032 02b3 2A010000 		.4byte	.LASF47
 1033 02b7 01       		.byte	0x1
 1034 02b8 1601     		.2byte	0x116
 1035 02ba 00000000 		.4byte	.LFB7
 1036 02be 28000000 		.4byte	.LFE7-.LFB7
 1037 02c2 01       		.uleb128 0x1
 1038 02c3 9C       		.byte	0x9c
 1039 02c4 E7020000 		.4byte	0x2e7
ARM GAS  C:\Users\VICTOR~1\AppData\Local\Temp\ccRHuCBB.s 			page 26


 1040 02c8 14       		.uleb128 0x14
 1041 02c9 CB020000 		.4byte	.LASF38
 1042 02cd 01       		.byte	0x1
 1043 02ce 1601     		.2byte	0x116
 1044 02d0 86000000 		.4byte	0x86
 1045 02d4 02       		.uleb128 0x2
 1046 02d5 91       		.byte	0x91
 1047 02d6 6F       		.sleb128 -17
 1048 02d7 15       		.uleb128 0x15
 1049 02d8 FF020000 		.4byte	.LASF39
 1050 02dc 01       		.byte	0x1
 1051 02dd 1801     		.2byte	0x118
 1052 02df 86000000 		.4byte	0x86
 1053 02e3 02       		.uleb128 0x2
 1054 02e4 91       		.byte	0x91
 1055 02e5 77       		.sleb128 -9
 1056 02e6 00       		.byte	0
 1057 02e7 16       		.uleb128 0x16
 1058 02e8 67010000 		.4byte	.LASF48
 1059 02ec 01       		.byte	0x1
 1060 02ed 3801     		.2byte	0x138
 1061 02ef 00000000 		.4byte	.LFB8
 1062 02f3 18010000 		.4byte	.LFE8-.LFB8
 1063 02f7 01       		.uleb128 0x1
 1064 02f8 9C       		.byte	0x9c
 1065 02f9 10       		.uleb128 0x10
 1066 02fa 18000000 		.4byte	.LBB3
 1067 02fe 7E000000 		.4byte	.LBE3-.LBB3
 1068 0302 17       		.uleb128 0x17
 1069 0303 06       		.byte	0x6
 1070 0304 01       		.byte	0x1
 1071 0305 4401     		.2byte	0x144
 1072 0307 26030000 		.4byte	0x326
 1073 030b 18       		.uleb128 0x18
 1074 030c AF010000 		.4byte	.LASF40
 1075 0310 01       		.byte	0x1
 1076 0311 4501     		.2byte	0x145
 1077 0313 7D000000 		.4byte	0x7d
 1078 0317 00       		.byte	0
 1079 0318 18       		.uleb128 0x18
 1080 0319 8F000000 		.4byte	.LASF41
 1081 031d 01       		.byte	0x1
 1082 031e 4601     		.2byte	0x146
 1083 0320 91000000 		.4byte	0x91
 1084 0324 04       		.byte	0x4
 1085 0325 00       		.byte	0
 1086 0326 19       		.uleb128 0x19
 1087 0327 4A020000 		.4byte	.LASF42
 1088 032b 01       		.byte	0x1
 1089 032c 4701     		.2byte	0x147
 1090 032e 02030000 		.4byte	0x302
 1091 0332 1A       		.uleb128 0x1a
 1092 0333 26030000 		.4byte	0x326
 1093 0337 42030000 		.4byte	0x342
 1094 033b 1B       		.uleb128 0x1b
 1095 033c 76000000 		.4byte	0x76
 1096 0340 06       		.byte	0x6
ARM GAS  C:\Users\VICTOR~1\AppData\Local\Temp\ccRHuCBB.s 			page 27


 1097 0341 00       		.byte	0
 1098 0342 15       		.uleb128 0x15
 1099 0343 7F000000 		.4byte	.LASF43
 1100 0347 01       		.byte	0x1
 1101 0348 4901     		.2byte	0x149
 1102 034a 54030000 		.4byte	0x354
 1103 034e 05       		.uleb128 0x5
 1104 034f 03       		.byte	0x3
 1105 0350 00000000 		.4byte	cfg_memset_list.4839
 1106 0354 12       		.uleb128 0x12
 1107 0355 32030000 		.4byte	0x332
 1108 0359 1C       		.uleb128 0x1c
 1109 035a 6900     		.ascii	"i\000"
 1110 035c 01       		.byte	0x1
 1111 035d 5401     		.2byte	0x154
 1112 035f 86000000 		.4byte	0x86
 1113 0363 02       		.uleb128 0x2
 1114 0364 91       		.byte	0x91
 1115 0365 77       		.sleb128 -9
 1116 0366 10       		.uleb128 0x10
 1117 0367 1E000000 		.4byte	.LBB4
 1118 036b 22000000 		.4byte	.LBE4-.LBB4
 1119 036f 1C       		.uleb128 0x1c
 1120 0370 6D7300   		.ascii	"ms\000"
 1121 0373 01       		.byte	0x1
 1122 0374 5901     		.2byte	0x159
 1123 0376 7D030000 		.4byte	0x37d
 1124 037a 02       		.uleb128 0x2
 1125 037b 91       		.byte	0x91
 1126 037c 70       		.sleb128 -16
 1127 037d 0C       		.uleb128 0xc
 1128 037e 04       		.byte	0x4
 1129 037f 83030000 		.4byte	0x383
 1130 0383 12       		.uleb128 0x12
 1131 0384 26030000 		.4byte	0x326
 1132 0388 00       		.byte	0
 1133 0389 00       		.byte	0
 1134 038a 00       		.byte	0
 1135 038b 00       		.byte	0
 1136              		.section	.debug_abbrev,"",%progbits
 1137              	.Ldebug_abbrev0:
 1138 0000 01       		.uleb128 0x1
 1139 0001 11       		.uleb128 0x11
 1140 0002 01       		.byte	0x1
 1141 0003 25       		.uleb128 0x25
 1142 0004 0E       		.uleb128 0xe
 1143 0005 13       		.uleb128 0x13
 1144 0006 0B       		.uleb128 0xb
 1145 0007 03       		.uleb128 0x3
 1146 0008 0E       		.uleb128 0xe
 1147 0009 1B       		.uleb128 0x1b
 1148 000a 0E       		.uleb128 0xe
 1149 000b 55       		.uleb128 0x55
 1150 000c 17       		.uleb128 0x17
 1151 000d 11       		.uleb128 0x11
 1152 000e 01       		.uleb128 0x1
 1153 000f 10       		.uleb128 0x10
ARM GAS  C:\Users\VICTOR~1\AppData\Local\Temp\ccRHuCBB.s 			page 28


 1154 0010 17       		.uleb128 0x17
 1155 0011 00       		.byte	0
 1156 0012 00       		.byte	0
 1157 0013 02       		.uleb128 0x2
 1158 0014 24       		.uleb128 0x24
 1159 0015 00       		.byte	0
 1160 0016 0B       		.uleb128 0xb
 1161 0017 0B       		.uleb128 0xb
 1162 0018 3E       		.uleb128 0x3e
 1163 0019 0B       		.uleb128 0xb
 1164 001a 03       		.uleb128 0x3
 1165 001b 08       		.uleb128 0x8
 1166 001c 00       		.byte	0
 1167 001d 00       		.byte	0
 1168 001e 03       		.uleb128 0x3
 1169 001f 16       		.uleb128 0x16
 1170 0020 00       		.byte	0
 1171 0021 03       		.uleb128 0x3
 1172 0022 0E       		.uleb128 0xe
 1173 0023 3A       		.uleb128 0x3a
 1174 0024 0B       		.uleb128 0xb
 1175 0025 3B       		.uleb128 0x3b
 1176 0026 0B       		.uleb128 0xb
 1177 0027 49       		.uleb128 0x49
 1178 0028 13       		.uleb128 0x13
 1179 0029 00       		.byte	0
 1180 002a 00       		.byte	0
 1181 002b 04       		.uleb128 0x4
 1182 002c 24       		.uleb128 0x24
 1183 002d 00       		.byte	0
 1184 002e 0B       		.uleb128 0xb
 1185 002f 0B       		.uleb128 0xb
 1186 0030 3E       		.uleb128 0x3e
 1187 0031 0B       		.uleb128 0xb
 1188 0032 03       		.uleb128 0x3
 1189 0033 0E       		.uleb128 0xe
 1190 0034 00       		.byte	0
 1191 0035 00       		.byte	0
 1192 0036 05       		.uleb128 0x5
 1193 0037 0F       		.uleb128 0xf
 1194 0038 00       		.byte	0
 1195 0039 0B       		.uleb128 0xb
 1196 003a 0B       		.uleb128 0xb
 1197 003b 00       		.byte	0
 1198 003c 00       		.byte	0
 1199 003d 06       		.uleb128 0x6
 1200 003e 35       		.uleb128 0x35
 1201 003f 00       		.byte	0
 1202 0040 49       		.uleb128 0x49
 1203 0041 13       		.uleb128 0x13
 1204 0042 00       		.byte	0
 1205 0043 00       		.byte	0
 1206 0044 07       		.uleb128 0x7
 1207 0045 13       		.uleb128 0x13
 1208 0046 01       		.byte	0x1
 1209 0047 0B       		.uleb128 0xb
 1210 0048 0B       		.uleb128 0xb
ARM GAS  C:\Users\VICTOR~1\AppData\Local\Temp\ccRHuCBB.s 			page 29


 1211 0049 3A       		.uleb128 0x3a
 1212 004a 0B       		.uleb128 0xb
 1213 004b 3B       		.uleb128 0x3b
 1214 004c 0B       		.uleb128 0xb
 1215 004d 01       		.uleb128 0x1
 1216 004e 13       		.uleb128 0x13
 1217 004f 00       		.byte	0
 1218 0050 00       		.byte	0
 1219 0051 08       		.uleb128 0x8
 1220 0052 0D       		.uleb128 0xd
 1221 0053 00       		.byte	0
 1222 0054 03       		.uleb128 0x3
 1223 0055 0E       		.uleb128 0xe
 1224 0056 3A       		.uleb128 0x3a
 1225 0057 0B       		.uleb128 0xb
 1226 0058 3B       		.uleb128 0x3b
 1227 0059 0B       		.uleb128 0xb
 1228 005a 49       		.uleb128 0x49
 1229 005b 13       		.uleb128 0x13
 1230 005c 38       		.uleb128 0x38
 1231 005d 0B       		.uleb128 0xb
 1232 005e 00       		.byte	0
 1233 005f 00       		.byte	0
 1234 0060 09       		.uleb128 0x9
 1235 0061 2E       		.uleb128 0x2e
 1236 0062 01       		.byte	0x1
 1237 0063 03       		.uleb128 0x3
 1238 0064 0E       		.uleb128 0xe
 1239 0065 3A       		.uleb128 0x3a
 1240 0066 0B       		.uleb128 0xb
 1241 0067 3B       		.uleb128 0x3b
 1242 0068 0B       		.uleb128 0xb
 1243 0069 27       		.uleb128 0x27
 1244 006a 19       		.uleb128 0x19
 1245 006b 11       		.uleb128 0x11
 1246 006c 01       		.uleb128 0x1
 1247 006d 12       		.uleb128 0x12
 1248 006e 06       		.uleb128 0x6
 1249 006f 40       		.uleb128 0x40
 1250 0070 18       		.uleb128 0x18
 1251 0071 9642     		.uleb128 0x2116
 1252 0073 19       		.uleb128 0x19
 1253 0074 01       		.uleb128 0x1
 1254 0075 13       		.uleb128 0x13
 1255 0076 00       		.byte	0
 1256 0077 00       		.byte	0
 1257 0078 0A       		.uleb128 0xa
 1258 0079 05       		.uleb128 0x5
 1259 007a 00       		.byte	0
 1260 007b 03       		.uleb128 0x3
 1261 007c 08       		.uleb128 0x8
 1262 007d 3A       		.uleb128 0x3a
 1263 007e 0B       		.uleb128 0xb
 1264 007f 3B       		.uleb128 0x3b
 1265 0080 0B       		.uleb128 0xb
 1266 0081 49       		.uleb128 0x49
 1267 0082 13       		.uleb128 0x13
ARM GAS  C:\Users\VICTOR~1\AppData\Local\Temp\ccRHuCBB.s 			page 30


 1268 0083 02       		.uleb128 0x2
 1269 0084 18       		.uleb128 0x18
 1270 0085 00       		.byte	0
 1271 0086 00       		.byte	0
 1272 0087 0B       		.uleb128 0xb
 1273 0088 05       		.uleb128 0x5
 1274 0089 00       		.byte	0
 1275 008a 03       		.uleb128 0x3
 1276 008b 0E       		.uleb128 0xe
 1277 008c 3A       		.uleb128 0x3a
 1278 008d 0B       		.uleb128 0xb
 1279 008e 3B       		.uleb128 0x3b
 1280 008f 0B       		.uleb128 0xb
 1281 0090 49       		.uleb128 0x49
 1282 0091 13       		.uleb128 0x13
 1283 0092 02       		.uleb128 0x2
 1284 0093 18       		.uleb128 0x18
 1285 0094 00       		.byte	0
 1286 0095 00       		.byte	0
 1287 0096 0C       		.uleb128 0xc
 1288 0097 0F       		.uleb128 0xf
 1289 0098 00       		.byte	0
 1290 0099 0B       		.uleb128 0xb
 1291 009a 0B       		.uleb128 0xb
 1292 009b 49       		.uleb128 0x49
 1293 009c 13       		.uleb128 0x13
 1294 009d 00       		.byte	0
 1295 009e 00       		.byte	0
 1296 009f 0D       		.uleb128 0xd
 1297 00a0 26       		.uleb128 0x26
 1298 00a1 00       		.byte	0
 1299 00a2 00       		.byte	0
 1300 00a3 00       		.byte	0
 1301 00a4 0E       		.uleb128 0xe
 1302 00a5 2E       		.uleb128 0x2e
 1303 00a6 01       		.byte	0x1
 1304 00a7 03       		.uleb128 0x3
 1305 00a8 0E       		.uleb128 0xe
 1306 00a9 3A       		.uleb128 0x3a
 1307 00aa 0B       		.uleb128 0xb
 1308 00ab 3B       		.uleb128 0x3b
 1309 00ac 0B       		.uleb128 0xb
 1310 00ad 27       		.uleb128 0x27
 1311 00ae 19       		.uleb128 0x19
 1312 00af 11       		.uleb128 0x11
 1313 00b0 01       		.uleb128 0x1
 1314 00b1 12       		.uleb128 0x12
 1315 00b2 06       		.uleb128 0x6
 1316 00b3 40       		.uleb128 0x40
 1317 00b4 18       		.uleb128 0x18
 1318 00b5 9742     		.uleb128 0x2117
 1319 00b7 19       		.uleb128 0x19
 1320 00b8 01       		.uleb128 0x1
 1321 00b9 13       		.uleb128 0x13
 1322 00ba 00       		.byte	0
 1323 00bb 00       		.byte	0
 1324 00bc 0F       		.uleb128 0xf
ARM GAS  C:\Users\VICTOR~1\AppData\Local\Temp\ccRHuCBB.s 			page 31


 1325 00bd 34       		.uleb128 0x34
 1326 00be 00       		.byte	0
 1327 00bf 03       		.uleb128 0x3
 1328 00c0 08       		.uleb128 0x8
 1329 00c1 3A       		.uleb128 0x3a
 1330 00c2 0B       		.uleb128 0xb
 1331 00c3 3B       		.uleb128 0x3b
 1332 00c4 0B       		.uleb128 0xb
 1333 00c5 49       		.uleb128 0x49
 1334 00c6 13       		.uleb128 0x13
 1335 00c7 02       		.uleb128 0x2
 1336 00c8 18       		.uleb128 0x18
 1337 00c9 00       		.byte	0
 1338 00ca 00       		.byte	0
 1339 00cb 10       		.uleb128 0x10
 1340 00cc 0B       		.uleb128 0xb
 1341 00cd 01       		.byte	0x1
 1342 00ce 11       		.uleb128 0x11
 1343 00cf 01       		.uleb128 0x1
 1344 00d0 12       		.uleb128 0x12
 1345 00d1 06       		.uleb128 0x6
 1346 00d2 00       		.byte	0
 1347 00d3 00       		.byte	0
 1348 00d4 11       		.uleb128 0x11
 1349 00d5 34       		.uleb128 0x34
 1350 00d6 00       		.byte	0
 1351 00d7 03       		.uleb128 0x3
 1352 00d8 0E       		.uleb128 0xe
 1353 00d9 3A       		.uleb128 0x3a
 1354 00da 0B       		.uleb128 0xb
 1355 00db 3B       		.uleb128 0x3b
 1356 00dc 0B       		.uleb128 0xb
 1357 00dd 49       		.uleb128 0x49
 1358 00de 13       		.uleb128 0x13
 1359 00df 02       		.uleb128 0x2
 1360 00e0 18       		.uleb128 0x18
 1361 00e1 00       		.byte	0
 1362 00e2 00       		.byte	0
 1363 00e3 12       		.uleb128 0x12
 1364 00e4 26       		.uleb128 0x26
 1365 00e5 00       		.byte	0
 1366 00e6 49       		.uleb128 0x49
 1367 00e7 13       		.uleb128 0x13
 1368 00e8 00       		.byte	0
 1369 00e9 00       		.byte	0
 1370 00ea 13       		.uleb128 0x13
 1371 00eb 2E       		.uleb128 0x2e
 1372 00ec 01       		.byte	0x1
 1373 00ed 3F       		.uleb128 0x3f
 1374 00ee 19       		.uleb128 0x19
 1375 00ef 03       		.uleb128 0x3
 1376 00f0 0E       		.uleb128 0xe
 1377 00f1 3A       		.uleb128 0x3a
 1378 00f2 0B       		.uleb128 0xb
 1379 00f3 3B       		.uleb128 0x3b
 1380 00f4 05       		.uleb128 0x5
 1381 00f5 27       		.uleb128 0x27
ARM GAS  C:\Users\VICTOR~1\AppData\Local\Temp\ccRHuCBB.s 			page 32


 1382 00f6 19       		.uleb128 0x19
 1383 00f7 11       		.uleb128 0x11
 1384 00f8 01       		.uleb128 0x1
 1385 00f9 12       		.uleb128 0x12
 1386 00fa 06       		.uleb128 0x6
 1387 00fb 40       		.uleb128 0x40
 1388 00fc 18       		.uleb128 0x18
 1389 00fd 9742     		.uleb128 0x2117
 1390 00ff 19       		.uleb128 0x19
 1391 0100 01       		.uleb128 0x1
 1392 0101 13       		.uleb128 0x13
 1393 0102 00       		.byte	0
 1394 0103 00       		.byte	0
 1395 0104 14       		.uleb128 0x14
 1396 0105 05       		.uleb128 0x5
 1397 0106 00       		.byte	0
 1398 0107 03       		.uleb128 0x3
 1399 0108 0E       		.uleb128 0xe
 1400 0109 3A       		.uleb128 0x3a
 1401 010a 0B       		.uleb128 0xb
 1402 010b 3B       		.uleb128 0x3b
 1403 010c 05       		.uleb128 0x5
 1404 010d 49       		.uleb128 0x49
 1405 010e 13       		.uleb128 0x13
 1406 010f 02       		.uleb128 0x2
 1407 0110 18       		.uleb128 0x18
 1408 0111 00       		.byte	0
 1409 0112 00       		.byte	0
 1410 0113 15       		.uleb128 0x15
 1411 0114 34       		.uleb128 0x34
 1412 0115 00       		.byte	0
 1413 0116 03       		.uleb128 0x3
 1414 0117 0E       		.uleb128 0xe
 1415 0118 3A       		.uleb128 0x3a
 1416 0119 0B       		.uleb128 0xb
 1417 011a 3B       		.uleb128 0x3b
 1418 011b 05       		.uleb128 0x5
 1419 011c 49       		.uleb128 0x49
 1420 011d 13       		.uleb128 0x13
 1421 011e 02       		.uleb128 0x2
 1422 011f 18       		.uleb128 0x18
 1423 0120 00       		.byte	0
 1424 0121 00       		.byte	0
 1425 0122 16       		.uleb128 0x16
 1426 0123 2E       		.uleb128 0x2e
 1427 0124 01       		.byte	0x1
 1428 0125 3F       		.uleb128 0x3f
 1429 0126 19       		.uleb128 0x19
 1430 0127 03       		.uleb128 0x3
 1431 0128 0E       		.uleb128 0xe
 1432 0129 3A       		.uleb128 0x3a
 1433 012a 0B       		.uleb128 0xb
 1434 012b 3B       		.uleb128 0x3b
 1435 012c 05       		.uleb128 0x5
 1436 012d 27       		.uleb128 0x27
 1437 012e 19       		.uleb128 0x19
 1438 012f 11       		.uleb128 0x11
ARM GAS  C:\Users\VICTOR~1\AppData\Local\Temp\ccRHuCBB.s 			page 33


 1439 0130 01       		.uleb128 0x1
 1440 0131 12       		.uleb128 0x12
 1441 0132 06       		.uleb128 0x6
 1442 0133 40       		.uleb128 0x40
 1443 0134 18       		.uleb128 0x18
 1444 0135 9642     		.uleb128 0x2116
 1445 0137 19       		.uleb128 0x19
 1446 0138 00       		.byte	0
 1447 0139 00       		.byte	0
 1448 013a 17       		.uleb128 0x17
 1449 013b 13       		.uleb128 0x13
 1450 013c 01       		.byte	0x1
 1451 013d 0B       		.uleb128 0xb
 1452 013e 0B       		.uleb128 0xb
 1453 013f 3A       		.uleb128 0x3a
 1454 0140 0B       		.uleb128 0xb
 1455 0141 3B       		.uleb128 0x3b
 1456 0142 05       		.uleb128 0x5
 1457 0143 01       		.uleb128 0x1
 1458 0144 13       		.uleb128 0x13
 1459 0145 00       		.byte	0
 1460 0146 00       		.byte	0
 1461 0147 18       		.uleb128 0x18
 1462 0148 0D       		.uleb128 0xd
 1463 0149 00       		.byte	0
 1464 014a 03       		.uleb128 0x3
 1465 014b 0E       		.uleb128 0xe
 1466 014c 3A       		.uleb128 0x3a
 1467 014d 0B       		.uleb128 0xb
 1468 014e 3B       		.uleb128 0x3b
 1469 014f 05       		.uleb128 0x5
 1470 0150 49       		.uleb128 0x49
 1471 0151 13       		.uleb128 0x13
 1472 0152 38       		.uleb128 0x38
 1473 0153 0B       		.uleb128 0xb
 1474 0154 00       		.byte	0
 1475 0155 00       		.byte	0
 1476 0156 19       		.uleb128 0x19
 1477 0157 16       		.uleb128 0x16
 1478 0158 00       		.byte	0
 1479 0159 03       		.uleb128 0x3
 1480 015a 0E       		.uleb128 0xe
 1481 015b 3A       		.uleb128 0x3a
 1482 015c 0B       		.uleb128 0xb
 1483 015d 3B       		.uleb128 0x3b
 1484 015e 05       		.uleb128 0x5
 1485 015f 49       		.uleb128 0x49
 1486 0160 13       		.uleb128 0x13
 1487 0161 00       		.byte	0
 1488 0162 00       		.byte	0
 1489 0163 1A       		.uleb128 0x1a
 1490 0164 01       		.uleb128 0x1
 1491 0165 01       		.byte	0x1
 1492 0166 49       		.uleb128 0x49
 1493 0167 13       		.uleb128 0x13
 1494 0168 01       		.uleb128 0x1
 1495 0169 13       		.uleb128 0x13
ARM GAS  C:\Users\VICTOR~1\AppData\Local\Temp\ccRHuCBB.s 			page 34


 1496 016a 00       		.byte	0
 1497 016b 00       		.byte	0
 1498 016c 1B       		.uleb128 0x1b
 1499 016d 21       		.uleb128 0x21
 1500 016e 00       		.byte	0
 1501 016f 49       		.uleb128 0x49
 1502 0170 13       		.uleb128 0x13
 1503 0171 2F       		.uleb128 0x2f
 1504 0172 0B       		.uleb128 0xb
 1505 0173 00       		.byte	0
 1506 0174 00       		.byte	0
 1507 0175 1C       		.uleb128 0x1c
 1508 0176 34       		.uleb128 0x34
 1509 0177 00       		.byte	0
 1510 0178 03       		.uleb128 0x3
 1511 0179 08       		.uleb128 0x8
 1512 017a 3A       		.uleb128 0x3a
 1513 017b 0B       		.uleb128 0xb
 1514 017c 3B       		.uleb128 0x3b
 1515 017d 05       		.uleb128 0x5
 1516 017e 49       		.uleb128 0x49
 1517 017f 13       		.uleb128 0x13
 1518 0180 02       		.uleb128 0x2
 1519 0181 18       		.uleb128 0x18
 1520 0182 00       		.byte	0
 1521 0183 00       		.byte	0
 1522 0184 00       		.byte	0
 1523              		.section	.debug_aranges,"",%progbits
 1524 0000 5C000000 		.4byte	0x5c
 1525 0004 0200     		.2byte	0x2
 1526 0006 00000000 		.4byte	.Ldebug_info0
 1527 000a 04       		.byte	0x4
 1528 000b 00       		.byte	0
 1529 000c 0000     		.2byte	0
 1530 000e 0000     		.2byte	0
 1531 0010 00000000 		.4byte	.LFB0
 1532 0014 1A000000 		.4byte	.LFE0-.LFB0
 1533 0018 00000000 		.4byte	.LFB1
 1534 001c 1C000000 		.4byte	.LFE1-.LFB1
 1535 0020 00000000 		.4byte	.LFB2
 1536 0024 1C000000 		.4byte	.LFE2-.LFB2
 1537 0028 00000000 		.4byte	.LFB3
 1538 002c 0C000000 		.4byte	.LFE3-.LFB3
 1539 0030 00000000 		.4byte	.LFB4
 1540 0034 72000000 		.4byte	.LFE4-.LFB4
 1541 0038 00000000 		.4byte	.LFB5
 1542 003c DC000000 		.4byte	.LFE5-.LFB5
 1543 0040 00000000 		.4byte	.LFB6
 1544 0044 44000000 		.4byte	.LFE6-.LFB6
 1545 0048 00000000 		.4byte	.LFB7
 1546 004c 28000000 		.4byte	.LFE7-.LFB7
 1547 0050 00000000 		.4byte	.LFB8
 1548 0054 18010000 		.4byte	.LFE8-.LFB8
 1549 0058 00000000 		.4byte	0
 1550 005c 00000000 		.4byte	0
 1551              		.section	.debug_ranges,"",%progbits
 1552              	.Ldebug_ranges0:
ARM GAS  C:\Users\VICTOR~1\AppData\Local\Temp\ccRHuCBB.s 			page 35


 1553 0000 00000000 		.4byte	.LFB0
 1554 0004 1A000000 		.4byte	.LFE0
 1555 0008 00000000 		.4byte	.LFB1
 1556 000c 1C000000 		.4byte	.LFE1
 1557 0010 00000000 		.4byte	.LFB2
 1558 0014 1C000000 		.4byte	.LFE2
 1559 0018 00000000 		.4byte	.LFB3
 1560 001c 0C000000 		.4byte	.LFE3
 1561 0020 00000000 		.4byte	.LFB4
 1562 0024 72000000 		.4byte	.LFE4
 1563 0028 00000000 		.4byte	.LFB5
 1564 002c DC000000 		.4byte	.LFE5
 1565 0030 00000000 		.4byte	.LFB6
 1566 0034 44000000 		.4byte	.LFE6
 1567 0038 00000000 		.4byte	.LFB7
 1568 003c 28000000 		.4byte	.LFE7
 1569 0040 00000000 		.4byte	.LFB8
 1570 0044 18010000 		.4byte	.LFE8
 1571 0048 00000000 		.4byte	0
 1572 004c 00000000 		.4byte	0
 1573              		.section	.debug_line,"",%progbits
 1574              	.Ldebug_line0:
 1575 0000 E4010000 		.section	.debug_str,"MS",%progbits,1
 1575      0200D000 
 1575      00000201 
 1575      FB0E0D00 
 1575      01010101 
 1576              	.LASF18:
 1577 0000 72656731 		.ascii	"reg16\000"
 1577      3600
 1578              	.LASF11:
 1579 0006 73697A65 		.ascii	"size_t\000"
 1579      5F7400
 1580              	.LASF36:
 1581 000d 416E616C 		.ascii	"AnalogSetDefault\000"
 1581      6F675365 
 1581      74446566 
 1581      61756C74 
 1581      00
 1582              	.LASF20:
 1583 001e 76616C75 		.ascii	"value\000"
 1583      6500
 1584              	.LASF32:
 1585 0024 636F756E 		.ascii	"count\000"
 1585      7400
 1586              	.LASF33:
 1587 002a 436C6F63 		.ascii	"ClockSetup\000"
 1587      6B536574 
 1587      757000
 1588              	.LASF4:
 1589 0035 73686F72 		.ascii	"short unsigned int\000"
 1589      7420756E 
 1589      7369676E 
 1589      65642069 
 1589      6E7400
 1590              	.LASF25:
 1591 0048 4359434F 		.ascii	"CYCONFIGCPYCODE\000"
ARM GAS  C:\Users\VICTOR~1\AppData\Local\Temp\ccRHuCBB.s 			page 36


 1591      4E464947 
 1591      43505943 
 1591      4F444500 
 1592              	.LASF35:
 1593 0058 706C6C4C 		.ascii	"pllLock\000"
 1593      6F636B00 
 1594              	.LASF15:
 1595 0060 666C6F61 		.ascii	"float\000"
 1595      7400
 1596              	.LASF26:
 1597 0066 4379436C 		.ascii	"CyClockStartupError\000"
 1597      6F636B53 
 1597      74617274 
 1597      75704572 
 1597      726F7200 
 1598              	.LASF24:
 1599 007a 64657374 		.ascii	"dest\000"
 1599      00
 1600              	.LASF43:
 1601 007f 6366675F 		.ascii	"cfg_memset_list\000"
 1601      6D656D73 
 1601      65745F6C 
 1601      69737400 
 1602              	.LASF41:
 1603 008f 73697A65 		.ascii	"size\000"
 1603      00
 1604              	.LASF46:
 1605 0094 433A5C55 		.ascii	"C:\\Users\\Victor Ruela\\Desktop\\UFMG\\2015-1\\Int"
 1605      73657273 
 1605      5C566963 
 1605      746F7220 
 1605      5275656C 
 1606 00c1 65677261 		.ascii	"egracao de Dados\\TP pratico\\TP-TID\\PSoC\\TP_Sens"
 1606      63616F20 
 1606      64652044 
 1606      61646F73 
 1606      5C545020 
 1607 00f0 6F725C54 		.ascii	"or\\TP_Sensor.cydsn\000"
 1607      505F5365 
 1607      6E736F72 
 1607      2E637964 
 1607      736E00
 1608              	.LASF17:
 1609 0103 72656738 		.ascii	"reg8\000"
 1609      00
 1610              	.LASF6:
 1611 0108 6C6F6E67 		.ascii	"long unsigned int\000"
 1611      20756E73 
 1611      69676E65 
 1611      6420696E 
 1611      7400
 1612              	.LASF12:
 1613 011a 75696E74 		.ascii	"uint8\000"
 1613      3800
 1614              	.LASF22:
 1615 0120 43594D45 		.ascii	"CYMEMZERO\000"
 1615      4D5A4552 
ARM GAS  C:\Users\VICTOR~1\AppData\Local\Temp\ccRHuCBB.s 			page 37


 1615      4F00
 1616              	.LASF47:
 1617 012a 53657441 		.ascii	"SetAnalogRoutingPumps\000"
 1617      6E616C6F 
 1617      67526F75 
 1617      74696E67 
 1617      50756D70 
 1618              	.LASF2:
 1619 0140 756E7369 		.ascii	"unsigned char\000"
 1619      676E6564 
 1619      20636861 
 1619      7200
 1620              	.LASF16:
 1621 014e 646F7562 		.ascii	"double\000"
 1621      6C6500
 1622              	.LASF28:
 1623 0155 6366675F 		.ascii	"cfg_write_bytes32\000"
 1623      77726974 
 1623      655F6279 
 1623      74657333 
 1623      3200
 1624              	.LASF48:
 1625 0167 63796669 		.ascii	"cyfitter_cfg\000"
 1625      74746572 
 1625      5F636667 
 1625      00
 1626              	.LASF29:
 1627 0174 61646472 		.ascii	"addr_table\000"
 1627      5F746162 
 1627      6C6500
 1628              	.LASF13:
 1629 017f 75696E74 		.ascii	"uint16\000"
 1629      313600
 1630              	.LASF30:
 1631 0186 64617461 		.ascii	"data_table\000"
 1631      5F746162 
 1631      6C6500
 1632              	.LASF27:
 1633 0191 6572726F 		.ascii	"errorCode\000"
 1633      72436F64 
 1633      6500
 1634              	.LASF14:
 1635 019b 75696E74 		.ascii	"uint32\000"
 1635      333200
 1636              	.LASF0:
 1637 01a2 756E7369 		.ascii	"unsigned int\000"
 1637      676E6564 
 1637      20696E74 
 1637      00
 1638              	.LASF40:
 1639 01af 61646472 		.ascii	"address\000"
 1639      65737300 
 1640              	.LASF8:
 1641 01b7 6C6F6E67 		.ascii	"long long unsigned int\000"
 1641      206C6F6E 
 1641      6720756E 
 1641      7369676E 
ARM GAS  C:\Users\VICTOR~1\AppData\Local\Temp\ccRHuCBB.s 			page 38


 1641      65642069 
 1642              	.LASF44:
 1643 01ce 474E5520 		.ascii	"GNU C 4.8.4 20140526 (release) [ARM/embedded-4_8-br"
 1643      4320342E 
 1643      382E3420 
 1643      32303134 
 1643      30353236 
 1644 0201 616E6368 		.ascii	"anch revision 211358] -mcpu=cortex-m3 -mthumb -g -O"
 1644      20726576 
 1644      6973696F 
 1644      6E203231 
 1644      31333538 
 1645 0234 30202D66 		.ascii	"0 -ffunction-sections\000"
 1645      66756E63 
 1645      74696F6E 
 1645      2D736563 
 1645      74696F6E 
 1646              	.LASF42:
 1647 024a 6366675F 		.ascii	"cfg_memset_t\000"
 1647      6D656D73 
 1647      65745F74 
 1647      00
 1648              	.LASF31:
 1649 0257 62617365 		.ascii	"baseAddr\000"
 1649      41646472 
 1649      00
 1650              	.LASF9:
 1651 0260 73697A65 		.ascii	"sizetype\000"
 1651      74797065 
 1651      00
 1652              	.LASF7:
 1653 0269 6C6F6E67 		.ascii	"long long int\000"
 1653      206C6F6E 
 1653      6720696E 
 1653      7400
 1654              	.LASF34:
 1655 0277 74696D65 		.ascii	"timeout\000"
 1655      6F757400 
 1656              	.LASF21:
 1657 027f 63795F63 		.ascii	"cy_cfg_addrvalue_t\000"
 1657      66675F61 
 1657      64647276 
 1657      616C7565 
 1657      5F7400
 1658              	.LASF19:
 1659 0292 6F666673 		.ascii	"offset\000"
 1659      657400
 1660              	.LASF3:
 1661 0299 73686F72 		.ascii	"short int\000"
 1661      7420696E 
 1661      7400
 1662              	.LASF45:
 1663 02a3 2E5C4765 		.ascii	".\\Generated_Source\\PSoC5\\cyfitter_cfg.c\000"
 1663      6E657261 
 1663      7465645F 
 1663      536F7572 
 1663      63655C50 
ARM GAS  C:\Users\VICTOR~1\AppData\Local\Temp\ccRHuCBB.s 			page 39


 1664              	.LASF38:
 1665 02cb 656E6162 		.ascii	"enabled\000"
 1665      6C656400 
 1666              	.LASF5:
 1667 02d3 6C6F6E67 		.ascii	"long int\000"
 1667      20696E74 
 1667      00
 1668              	.LASF10:
 1669 02dc 63686172 		.ascii	"char\000"
 1669      00
 1670              	.LASF37:
 1671 02e1 62675F78 		.ascii	"bg_xover_inl_trim\000"
 1671      6F766572 
 1671      5F696E6C 
 1671      5F747269 
 1671      6D00
 1672              	.LASF1:
 1673 02f3 7369676E 		.ascii	"signed char\000"
 1673      65642063 
 1673      68617200 
 1674              	.LASF39:
 1675 02ff 72656756 		.ascii	"regValue\000"
 1675      616C7565 
 1675      00
 1676              	.LASF23:
 1677 0308 4359434F 		.ascii	"CYCONFIGCPY\000"
 1677      4E464947 
 1677      43505900 
 1678              		.ident	"GCC: (GNU Tools for ARM Embedded Processors) 4.8.4 20140526 (release) [ARM/embedded-4_8-br
